Component: ARM Compiler 5.06 update 6 (build 750) Tool: armlink [4d35ed]

==============================================================================

Section Cross References

    startup_stm32f407xx.o(RESET) refers to startup_stm32f407xx.o(STACK) for __initial_sp
    startup_stm32f407xx.o(RESET) refers to startup_stm32f407xx.o(.text) for Reset_Handler
    startup_stm32f407xx.o(RESET) refers to stm32f4xx_it.o(i.NMI_Handler) for NMI_Handler
    startup_stm32f407xx.o(RESET) refers to stm32f4xx_it.o(i.HardFault_Handler) for HardFault_Handler
    startup_stm32f407xx.o(RESET) refers to stm32f4xx_it.o(i.MemManage_Handler) for MemManage_Handler
    startup_stm32f407xx.o(RESET) refers to stm32f4xx_it.o(i.BusFault_Handler) for BusFault_Handler
    startup_stm32f407xx.o(RESET) refers to stm32f4xx_it.o(i.UsageFault_Handler) for UsageFault_Handler
    startup_stm32f407xx.o(RESET) refers to stm32f4xx_it.o(i.SVC_Handler) for SVC_Handler
    startup_stm32f407xx.o(RESET) refers to stm32f4xx_it.o(i.DebugMon_Handler) for DebugMon_Handler
    startup_stm32f407xx.o(RESET) refers to stm32f4xx_it.o(i.PendSV_Handler) for PendSV_Handler
    startup_stm32f407xx.o(RESET) refers to stm32f4xx_it.o(i.SysTick_Handler) for SysTick_Handler
    startup_stm32f407xx.o(RESET) refers to stm32f4xx_it.o(i.EXTI0_IRQHandler) for EXTI0_IRQHandler
    startup_stm32f407xx.o(RESET) refers to stm32f4xx_it.o(i.EXTI4_IRQHandler) for EXTI4_IRQHandler
    startup_stm32f407xx.o(RESET) refers to stm32f4xx_it.o(i.USART1_IRQHandler) for USART1_IRQHandler
    startup_stm32f407xx.o(RESET) refers to stm32f4xx_it.o(i.USART2_IRQHandler) for USART2_IRQHandler
    startup_stm32f407xx.o(RESET) refers to stm32f4xx_it.o(i.TIM5_IRQHandler) for TIM5_IRQHandler
    startup_stm32f407xx.o(.text) refers to system_stm32f4xx.o(i.SystemInit) for SystemInit
    startup_stm32f407xx.o(.text) refers to entry.o(.ARM.Collect$$$$00000000) for __main
    motor.o(i.Motor_Adjust) refers to motor.o(i.Motor_X_speed) for Motor_X_speed
    motor.o(i.Motor_Adjust) refers to motor.o(i.Motor_Y_speed) for Motor_Y_speed
    motor.o(i.Motor_Stop) refers to motor.o(i.Motor_X_speed) for Motor_X_speed
    motor.o(i.Motor_Stop) refers to motor.o(i.Motor_Y_speed) for Motor_Y_speed
    motor.o(i.Motor_X_speed) refers to stm32f4xx_hal_gpio.o(i.HAL_GPIO_WritePin) for HAL_GPIO_WritePin
    motor.o(i.Motor_X_speed) refers to tim.o(.bss) for htim1
    motor.o(i.Motor_Y_speed) refers to stm32f4xx_hal_gpio.o(i.HAL_GPIO_WritePin) for HAL_GPIO_WritePin
    motor.o(i.Motor_Y_speed) refers to tim.o(.bss) for htim1
    motor.o(i.Motor_init) refers to stm32f4xx_hal_tim.o(i.HAL_TIM_PWM_Start) for HAL_TIM_PWM_Start
    motor.o(i.Motor_init) refers to tim.o(.bss) for htim1
    motor.o(i.Motor_set) refers to motor.o(i.Motor_X_speed) for Motor_X_speed
    motor.o(i.Motor_set) refers to motor.o(i.Motor_Y_speed) for Motor_Y_speed
    control.o(i.Control_Loop1) refers to f2d.o(.text) for __aeabi_f2d
    control.o(i.Control_Loop1) refers to sin.o(i.__hardfp_sin) for __hardfp_sin
    control.o(i.Control_Loop1) refers to dmul.o(.text) for __aeabi_dmul
    control.o(i.Control_Loop1) refers to d2f.o(.text) for __aeabi_d2f
    control.o(i.Control_Loop1) refers to asin.o(i.__hardfp_asin) for __hardfp_asin
    control.o(i.Control_Loop1) refers to uart_handler.o(i.angle_dateprocess) for angle_dateprocess
    control.o(i.Control_Loop1) refers to control.o(i.Position_PID_X) for Position_PID_X
    control.o(i.Control_Loop1) refers to motor.o(i.Motor_X_speed) for Motor_X_speed
    control.o(i.Control_Loop1) refers to control.o(i.Position_PID_Y) for Position_PID_Y
    control.o(i.Control_Loop1) refers to motor.o(i.Motor_Y_speed) for Motor_Y_speed
    control.o(i.Control_Loop1) refers to control.o(.data) for .data
    control.o(i.Control_Loop1) refers to main.o(.data) for Roll
    control.o(i.Control_Loop1) refers to main.o(.data) for Pitch
    control.o(i.Position_PID_X) refers to control.o(.data) for .data
    control.o(i.Position_PID_Y) refers to control.o(.data) for .data
    uart_handler.o(i.Get_Value) refers to strstr.o(.text) for strstr
    uart_handler.o(i.Get_Value) refers to atoi.o(.text) for atoi
    uart_handler.o(i.Get_Value) refers to main.o(.bss) for ucRxData
    uart_handler.o(i.Get_Value) refers to main.o(.data) for Distance
    uart_handler.o(i.Uart_DataProcess) refers to atof.o(i.__hardfp_atof) for __hardfp_atof
    uart_handler.o(i.Uart_DataProcess) refers to d2f.o(.text) for __aeabi_d2f
    uart_handler.o(i.Uart_DataProcess) refers to main.o(.data) for deviationx_rec
    uart_handler.o(i.Uart_DataProcess) refers to main.o(.data) for deviationx
    uart_handler.o(i.Uart_DataProcess) refers to main.o(.data) for deviationy_rec
    uart_handler.o(i.Uart_DataProcess) refers to main.o(.data) for deviationy
    uart_handler.o(i.Uart_Get) refers to uart_handler.o(i.Uart_DataProcess) for Uart_DataProcess
    uart_handler.o(i.Uart_Get) refers to main.o(.data) for UART1RxBuffer
[...]
    Removing stm32f4xx_hal_tim_ex.o(i.HAL_TIMEx_HallSensor_Init), (188 bytes).
    Removing stm32f4xx_hal_tim_ex.o(i.HAL_TIMEx_HallSensor_MspDeInit), (2 bytes).
    Removing stm32f4xx_hal_tim_ex.o(i.HAL_TIMEx_HallSensor_MspInit), (2 bytes).
    Removing stm32f4xx_hal_tim_ex.o(i.HAL_TIMEx_HallSensor_Start), (38 bytes).
    Removing stm32f4xx_hal_tim_ex.o(i.HAL_TIMEx_HallSensor_Start_DMA), (128 bytes).
    Removing stm32f4xx_hal_tim_ex.o(i.HAL_TIMEx_HallSensor_Start_IT), (48 bytes).
    Removing stm32f4xx_hal_tim_ex.o(i.HAL_TIMEx_HallSensor_Stop), (46 bytes).
    Removing stm32f4xx_hal_tim_ex.o(i.HAL_TIMEx_HallSensor_Stop_DMA), (62 bytes).
    Removing stm32f4xx_hal_tim_ex.o(i.HAL_TIMEx_HallSensor_Stop_IT), (56 bytes).
    Removing stm32f4xx_hal_tim_ex.o(i.HAL_TIMEx_OCN_Start), (46 bytes).
    Removing stm32f4xx_hal_tim_ex.o(i.HAL_TIMEx_OCN_Start_DMA), (228 bytes).
    Removing stm32f4xx_hal_tim_ex.o(i.HAL_TIMEx_OCN_Start_IT), (94 bytes).
    Removing stm32f4xx_hal_tim_ex.o(i.HAL_TIMEx_OCN_Stop), (68 bytes).
    Removing stm32f4xx_hal_tim_ex.o(i.HAL_TIMEx_OCN_Stop_DMA), (130 bytes).
    Removing stm32f4xx_hal_tim_ex.o(i.HAL_TIMEx_OCN_Stop_IT), (122 bytes).
    Removing stm32f4xx_hal_tim_ex.o(i.HAL_TIMEx_OnePulseN_Start), (26 bytes).
    Removing stm32f4xx_hal_tim_ex.o(i.HAL_TIMEx_OnePulseN_Start_IT), (46 bytes).
    Removing stm32f4xx_hal_tim_ex.o(i.HAL_TIMEx_OnePulseN_Stop), (68 bytes).
    Removing stm32f4xx_hal_tim_ex.o(i.HAL_TIMEx_OnePulseN_Stop_IT), (88 bytes).
    Removing stm32f4xx_hal_tim_ex.o(i.HAL_TIMEx_PWMN_Start), (46 bytes).
    Removing stm32f4xx_hal_tim_ex.o(i.HAL_TIMEx_PWMN_Start_DMA), (228 bytes).
    Removing stm32f4xx_hal_tim_ex.o(i.HAL_TIMEx_PWMN_Start_IT), (94 bytes).
    Removing stm32f4xx_hal_tim_ex.o(i.HAL_TIMEx_PWMN_Stop), (68 bytes).
    Removing stm32f4xx_hal_tim_ex.o(i.HAL_TIMEx_PWMN_Stop_DMA), (130 bytes).
    Removing stm32f4xx_hal_tim_ex.o(i.HAL_TIMEx_PWMN_Stop_IT), (122 bytes).
    Removing stm32f4xx_hal_tim_ex.o(i.HAL_TIMEx_RemapConfig), (28 bytes).
    Removing stm32f4xx_hal_tim_ex.o(i.TIMEx_DMACommutationCplt), (16 bytes).
    Removing stm32f4xx_hal_tim_ex.o(i.TIMEx_DMACommutationHalfCplt), (16 bytes).
    Removing stm32f4xx_hal_tim_ex.o(i.TIM_CCxNChannelCmd), (26 bytes).
    Removing stm32f4xx_hal_uart.o(.rev16_text), (4 bytes).
    Removing stm32f4xx_hal_uart.o(.revsh_text), (4 bytes).
    Removing stm32f4xx_hal_uart.o(.rrx_text), (6 bytes).
    Removing stm32f4xx_hal_uart.o(i.HAL_HalfDuplex_EnableReceiver), (50 bytes).
    Removing stm32f4xx_hal_uart.o(i.HAL_HalfDuplex_EnableTransmitter), (50 bytes).
    Removing stm32f4xx_hal_uart.o(i.HAL_HalfDuplex_Init), (108 bytes).
    Removing stm32f4xx_hal_uart.o(i.HAL_LIN_Init), (128 bytes).
    Removing stm32f4xx_hal_uart.o(i.HAL_LIN_SendBreak), (46 bytes).
    Removing stm32f4xx_hal_uart.o(i.HAL_MultiProcessor_EnterMuteMode), (46 bytes).
    Removing stm32f4xx_hal_uart.o(i.HAL_MultiProcessor_ExitMuteMode), (46 bytes).
    Removing stm32f4xx_hal_uart.o(i.HAL_MultiProcessor_Init), (142 bytes).
    Removing stm32f4xx_hal_uart.o(i.HAL_UART_Abort), (138 bytes).
    Removing stm32f4xx_hal_uart.o(i.HAL_UART_AbortCpltCallback), (2 bytes).
    Removing stm32f4xx_hal_uart.o(i.HAL_UART_AbortReceive), (88 bytes).
    Removing stm32f4xx_hal_uart.o(i.HAL_UART_AbortReceiveCpltCallback), (2 bytes).
    Removing stm32f4xx_hal_uart.o(i.HAL_UART_AbortReceive_IT), (92 bytes).
    Removing stm32f4xx_hal_uart.o(i.HAL_UART_AbortTransmit), (78 bytes).
    Removing stm32f4xx_hal_uart.o(i.HAL_UART_AbortTransmitCpltCallback), (2 bytes).
    Removing stm32f4xx_hal_uart.o(i.HAL_UART_AbortTransmit_IT), (84 bytes).
    Removing stm32f4xx_hal_uart.o(i.HAL_UART_Abort_IT), (172 bytes).
    Removing stm32f4xx_hal_uart.o(i.HAL_UART_DMAPause), (102 bytes).
    Removing stm32f4xx_hal_uart.o(i.HAL_UART_DMAResume), (94 bytes).
    Removing stm32f4xx_hal_uart.o(i.HAL_UART_DMAStop), (88 bytes).
    Removing stm32f4xx_hal_uart.o(i.HAL_UART_DeInit), (50 bytes).
    Removing stm32f4xx_hal_uart.o(i.HAL_UART_GetError), (4 bytes).
    Removing stm32f4xx_hal_uart.o(i.HAL_UART_GetState), (10 bytes).
    Removing stm32f4xx_hal_uart.o(i.HAL_UART_MspDeInit), (2 bytes).
    Removing stm32f4xx_hal_uart.o(i.HAL_UART_MspInit), (2 bytes).
    Removing stm32f4xx_hal_uart.o(i.HAL_UART_Receive), (190 bytes).
    Removing stm32f4xx_hal_uart.o(i.HAL_UART_Receive_DMA), (152 bytes).
    Removing stm32f4xx_hal_uart.o(i.HAL_UART_RxCpltCallback), (2 bytes).
    Removing stm32f4xx_hal_uart.o(i.HAL_UART_RxHalfCpltCallback), (2 bytes).
    Removing stm32f4xx_hal_uart.o(i.HAL_UART_Transmit), (186 bytes).
    Removing stm32f4xx_hal_uart.o(i.HAL_UART_Transmit_DMA), (128 bytes).
    Removing stm32f4xx_hal_uart.o(i.HAL_UART_Transmit_IT), (62 bytes).
    Removing stm32f4xx_hal_uart.o(i.HAL_UART_TxHalfCpltCallback), (2 bytes).
    Removing stm32f4xx_hal_uart.o(i.UART_DMAError), (74 bytes).
    Removing stm32f4xx_hal_uart.o(i.UART_DMAReceiveCplt), (60 bytes).
    Removing stm32f4xx_hal_uart.o(i.UART_DMARxAbortCallback), (42 bytes).
    Removing stm32f4xx_hal_uart.o(i.UART_DMARxHalfCplt), (10 bytes).
    Removing stm32f4xx_hal_uart.o(i.UART_DMARxOnlyAbortCallback), (20 bytes).
    Removing stm32f4xx_hal_uart.o(i.UART_DMATransmitCplt), (46 bytes).
    Removing stm32f4xx_hal_uart.o(i.UART_DMATxAbortCallback), (42 bytes).
    Removing stm32f4xx_hal_uart.o(i.UART_DMATxHalfCplt), (10 bytes).
    Removing stm32f4xx_hal_uart.o(i.UART_DMATxOnlyAbortCallback), (20 bytes).
    Removing stm32f4xx_hal_uart.o(i.UART_EndTxTransfer), (18 bytes).
    Removing stm32f4xx_hal_uart.o(i.UART_WaitOnFlagUntilTimeout), (100 bytes).
    Removing system_stm32f4xx.o(.rev16_text), (4 bytes).
    Removing system_stm32f4xx.o(.revsh_text), (4 bytes).
    Removing system_stm32f4xx.o(.rrx_text), (6 bytes).
    Removing system_stm32f4xx.o(i.SystemCoreClockUpdate), (120 bytes).
    Removing dneg.o(.text), (6 bytes).
    Removing cdcmple.o(.text), (48 bytes).
    Removing dfltul.o(.text), (24 bytes).

506 unused section(s) (total 38748 bytes) removed from the image.

==============================================================================

Image Symbol Table

    Local Symbols

    Symbol Name                              Value     Ov Type        Size  Object(Section)

    ../Drivers/STM32F4xx_HAL_Driver/Src/stm32f4xx_hal.c 0x00000000   Number         0  stm32f4xx_hal.o ABSOLUTE
    ../Drivers/STM32F4xx_HAL_Driver/Src/stm32f4xx_hal_cortex.c 0x00000000   Number         0  stm32f4xx_hal_cortex.o ABSOLUTE
    ../Drivers/STM32F4xx_HAL_Driver/Src/stm32f4xx_hal_dma.c 0x00000000   Number         0  stm32f4xx_hal_dma.o ABSOLUTE
    ../Drivers/STM32F4xx_HAL_Driver/Src/stm32f4xx_hal_dma_ex.c 0x00000000   Number         0  stm32f4xx_hal_dma_ex.o ABSOLUTE
    ../Drivers/STM32F4xx_HAL_Driver/Src/stm32f4xx_hal_exti.c 0x00000000   Number         0  stm32f4xx_hal_exti.o ABSOLUTE
    ../Drivers/STM32F4xx_HAL_Driver/Src/stm32f4xx_hal_flash.c 0x00000000   Number         0  stm32f4xx_hal_flash.o ABSOLUTE
    ../Drivers/STM32F4xx_HAL_Driver/Src/stm32f4xx_hal_flash_ex.c 0x00000000   Number         0  stm32f4xx_hal_flash_ex.o ABSOLUTE
    ../Drivers/STM32F4xx_HAL_Driver/Src/stm32f4xx_hal_flash_ramfunc.c 0x00000000   Number         0  stm32f4xx_hal_flash_ramfunc.o ABSOLUTE
    ../Drivers/STM32F4xx_HAL_Driver/Src/stm32f4xx_hal_gpio.c 0x00000000   Number         0  stm32f4xx_hal_gpio.o ABSOLUTE
    ../Drivers/STM32F4xx_HAL_Driver/Src/stm32f4xx_hal_i2c.c 0x00000000   Number         0  stm32f4xx_hal_i2c.o ABSOLUTE
    ../Drivers/STM32F4xx_HAL_Driver/Src/stm32f4xx_hal_i2c_ex.c 0x00000000   Number         0  stm32f4xx_hal_i2c_ex.o ABSOLUTE
    ../Drivers/STM32F4xx_HAL_Driver/Src/stm32f4xx_hal_pwr.c 0x00000000   Number         0  stm32f4xx_hal_pwr.o ABSOLUTE
    ../Drivers/STM32F4xx_HAL_Driver/Src/stm32f4xx_hal_pwr_ex.c 0x00000000   Number         0  stm32f4xx_hal_pwr_ex.o ABSOLUTE
    ../Drivers/STM32F4xx_HAL_Driver/Src/stm32f4xx_hal_rcc.c 0x00000000   Number         0  stm32f4xx_hal_rcc.o ABSOLUTE
    ../Drivers/STM32F4xx_HAL_Driver/Src/stm32f4xx_hal_rcc_ex.c 0x00000000   Number         0  stm32f4xx_hal_rcc_ex.o ABSOLUTE
    ../Drivers/STM32F4xx_HAL_Driver/Src/stm32f4xx_hal_tim.c 0x00000000   Number         0  stm32f4xx_hal_tim.o ABSOLUTE
    ../Drivers/STM32F4xx_HAL_Driver/Src/stm32f4xx_hal_tim_ex.c 0x00000000   Number         0  stm32f4xx_hal_tim_ex.o ABSOLUTE
    ../Drivers/STM32F4xx_HAL_Driver/Src/stm32f4xx_hal_uart.c 0x00000000   Number         0  stm32f4xx_hal_uart.o ABSOLUTE
    ../Src/gpio.c                            0x00000000   Number         0  gpio.o ABSOLUTE
    ../Src/i2c.c                             0x00000000   Number         0  i2c.o ABSOLUTE
    ../Src/main.c                            0x00000000   Number         0  main.o ABSOLUTE
    ../Src/stm32f4xx_hal_msp.c               0x00000000   Number         0  stm32f4xx_hal_msp.o ABSOLUTE
    ../Src/stm32f4xx_it.c                    0x00000000   Number         0  stm32f4xx_it.o ABSOLUTE
    ../Src/system_stm32f4xx.c                0x00000000   Number         0  system_stm32f4xx.o ABSOLUTE
    ../Src/tim.c                             0x00000000   Number         0  tim.o ABSOLUTE
    ../Src/usart.c                           0x00000000   Number         0  usart.o ABSOLUTE
    ../clib/microlib/ctype/ctype.c           0x00000000   Number         0  isalpha_o.o ABSOLUTE
    ../clib/microlib/ctype/ctype.c           0x00000000   Number         0  isalnum_o.o ABSOLUTE
    ../clib/microlib/ctype/ctype.c           0x00000000   Number         0  ctype_o.o ABSOLUTE
    ../clib/microlib/ctype/ctype.c           0x00000000   Number         0  isspace_c.o ABSOLUTE
    ../clib/microlib/ctype/ctype.c           0x00000000   Number         0  isspace_o.o ABSOLUTE
    ../clib/microlib/ctype/ctype.c           0x00000000   Number         0  ispunct_o.o ABSOLUTE
    ../clib/microlib/ctype/ctype.c           0x00000000   Number         0  isprint_o.o ABSOLUTE
    ../clib/microlib/ctype/ctype.c           0x00000000   Number         0  islower_o.o ABSOLUTE
    ../clib/microlib/ctype/ctype.c           0x00000000   Number         0  isgraph_o.o ABSOLUTE
    ../clib/microlib/ctype/ctype.c           0x00000000   Number         0  isdigit_o.o ABSOLUTE
    ../clib/microlib/ctype/ctype.c           0x00000000   Number         0  iscntrl_o.o ABSOLUTE
    ../clib/microlib/ctype/ctype.c           0x00000000   Number         0  isblank_o.o ABSOLUTE
    ../clib/microlib/ctype/ctype.c           0x00000000   Number         0  isupper_o.o ABSOLUTE
    ../clib/microlib/ctype/ctype.c           0x00000000   Number         0  ctype_c.o ABSOLUTE
    ../clib/microlib/ctype/ctype.c           0x00000000   Number         0  isxdigit_o.o ABSOLUTE
    ../clib/microlib/division.c              0x00000000   Number         0  uldiv.o ABSOLUTE
    ../clib/microlib/errno.c                 0x00000000   Number         0  errno.o ABSOLUTE
    ../clib/microlib/init/entry.s            0x00000000   Number         0  entry9b.o ABSOLUTE
    ../clib/microlib/init/entry.s            0x00000000   Number         0  entry9a.o ABSOLUTE
    ../clib/microlib/init/entry.s            0x00000000   Number         0  entry8b.o ABSOLUTE
    ../clib/microlib/init/entry.s            0x00000000   Number         0  entry8a.o ABSOLUTE
    ../clib/microlib/init/entry.s            0x00000000   Number         0  entry7b.o ABSOLUTE
    ../clib/microlib/init/entry.s            0x00000000   Number         0  entry.o ABSOLUTE
    ../clib/microlib/init/entry.s            0x00000000   Number         0  entry10a.o ABSOLUTE
    ../clib/microlib/init/entry.s            0x00000000   Number         0  entry2.o ABSOLUTE
    ../clib/microlib/init/entry.s            0x00000000   Number         0  entry11a.o ABSOLUTE
    ../clib/microlib/init/entry.s            0x00000000   Number         0  entry11b.o ABSOLUTE
    ../clib/microlib/init/entry.s            0x00000000   Number         0  entry5.o ABSOLUTE
    ../clib/microlib/init/entry.s            0x00000000   Number         0  entry7a.o ABSOLUTE
    ../clib/microlib/init/entry.s            0x00000000   Number         0  entry10b.o ABSOLUTE
    ../clib/microlib/longlong.c              0x00000000   Number         0  llushr.o ABSOLUTE
    ../clib/microlib/longlong.c              0x00000000   Number         0  llshl.o ABSOLUTE
    ../clib/microlib/longlong.c              0x00000000   Number         0  llsshr.o ABSOLUTE
    ../clib/microlib/string/memset.c         0x00000000   Number         0  memseta.o ABSOLUTE
    ../clib/microlib/string/strstr.c         0x00000000   Number         0  strstr.o ABSOLUTE
    ../clib/microlib/stubs.s                 0x00000000   Number         0  iusefp.o ABSOLUTE
    ../clib/scanf.c                          0x00000000   Number         0  strtol.o ABSOLUTE
    ../clib/scanf.c                          0x00000000   Number         0  strtod.o ABSOLUTE
    ../clib/scanf.c                          0x00000000   Number         0  _strtoul.o ABSOLUTE
    ../clib/scanf.c                          0x00000000   Number         0  _sgetc.o ABSOLUTE
    ../clib/scanf.c                          0x00000000   Number         0  scanf_fp.o ABSOLUTE
    ../clib/scanf.c                          0x00000000   Number         0  _chval.o ABSOLUTE
    ../clib/scanf.c                          0x00000000   Number         0  atoi.o ABSOLUTE
    ../fplib/microlib/d2f.c                  0x00000000   Number         0  d2f.o ABSOLUTE
    ../fplib/microlib/f2d.c                  0x00000000   Number         0  f2d.o ABSOLUTE
    ../fplib/microlib/fpadd.c                0x00000000   Number         0  dadd.o ABSOLUTE
    ../fplib/microlib/fpdiv.c                0x00000000   Number         0  ddiv.o ABSOLUTE
    ../fplib/microlib/fpepilogue.c           0x00000000   Number         0  depilogue.o ABSOLUTE
    ../fplib/microlib/fpepilogue.c           0x00000000   Number         0  fepilogue.o ABSOLUTE
    ../fplib/microlib/fpfix.c                0x00000000   Number         0  dfixi.o ABSOLUTE
    ../fplib/microlib/fpflt.c                0x00000000   Number         0  dfltui.o ABSOLUTE
    ../fplib/microlib/fpflt.c                0x00000000   Number         0  dfltul.o ABSOLUTE
    ../fplib/microlib/fpflt.c                0x00000000   Number         0  dflti.o ABSOLUTE
    ../fplib/microlib/fpmul.c                0x00000000   Number         0  dmul.o ABSOLUTE
    ../fplib/microlib/fpneg.c                0x00000000   Number         0  dneg.o ABSOLUTE
    ../fplib/microlib/fpsqrt.c               0x00000000   Number         0  dsqrt.o ABSOLUTE
    ../mathlib/asin.c                        0x00000000   Number         0  asin_x.o ABSOLUTE
    ../mathlib/asin.c                        0x00000000   Number         0  asin.o ABSOLUTE
    ../mathlib/atof.c                        0x00000000   Number         0  atof.o ABSOLUTE
    ../mathlib/cos_i.c                       0x00000000   Number         0  cos_i.o ABSOLUTE
    ../mathlib/dunder.c                      0x00000000   Number         0  dunder.o ABSOLUTE
    ../mathlib/fabs.c                        0x00000000   Number         0  fabs.o ABSOLUTE
    ../mathlib/fpclassify.c                  0x00000000   Number         0  fpclassify.o ABSOLUTE
    ../mathlib/poly.c                        0x00000000   Number         0  poly.o ABSOLUTE
    ../mathlib/rred.c                        0x00000000   Number         0  rred.o ABSOLUTE
    ../mathlib/sin.c                         0x00000000   Number         0  sin.o ABSOLUTE
    ../mathlib/sin.c                         0x00000000   Number         0  sin_x.o ABSOLUTE
    ../mathlib/sin_i.c                       0x00000000   Number         0  sin_i_x.o ABSOLUTE
    ../mathlib/sin_i.c                       0x00000000   Number         0  sin_i.o ABSOLUTE
    ../mathlib/sqrt.c                        0x00000000   Number         0  sqrt_x.o ABSOLUTE
    ../mathlib/sqrt.c                        0x00000000   Number         0  sqrt.o ABSOLUTE
    ..\Drivers\STM32F4xx_HAL_Driver\Src\stm32f4xx_hal.c 0x00000000   Number         0  stm32f4xx_hal.o ABSOLUTE
    ..\Drivers\STM32F4xx_HAL_Driver\Src\stm32f4xx_hal_cortex.c 0x00000000   Number         0  stm32f4xx_hal_cortex.o ABSOLUTE
    ..\Drivers\STM32F4xx_HAL_Driver\Src\stm32f4xx_hal_dma.c 0x00000000   Number         0  stm32f4xx_hal_dma.o ABSOLUTE
    ..\Drivers\STM32F4xx_HAL_Driver\Src\stm32f4xx_hal_dma_ex.c 0x00000000   Number         0  stm32f4xx_hal_dma_ex.o ABSOLUTE
    ..\Drivers\STM32F4xx_HAL_Driver\Src\stm32f4xx_hal_exti.c 0x00000000   Number         0  stm32f4xx_hal_exti.o ABSOLUTE
    ..\Drivers\STM32F4xx_HAL_Driver\Src\stm32f4xx_hal_flash.c 0x00000000   Number         0  stm32f4xx_hal_flash.o ABSOLUTE
    ..\Drivers\STM32F4xx_HAL_Driver\Src\stm32f4xx_hal_flash_ex.c 0x00000000   Number         0  stm32f4xx_hal_flash_ex.o ABSOLUTE
    ..\Drivers\STM32F4xx_HAL_Driver\Src\stm32f4xx_hal_flash_ramfunc.c 0x00000000   Number         0  stm32f4xx_hal_flash_ramfunc.o ABSOLUTE
    ..\Drivers\STM32F4xx_HAL_Driver\Src\stm32f4xx_hal_gpio.c 0x00000000   Number         0  stm32f4xx_hal_gpio.o ABSOLUTE
    ..\Drivers\STM32F4xx_HAL_Driver\Src\stm32f4xx_hal_i2c.c 0x00000000   Number         0  stm32f4xx_hal_i2c.o ABSOLUTE
    ..\Drivers\STM32F4xx_HAL_Driver\Src\stm32f4xx_hal_i2c_ex.c 0x00000000   Number         0  stm32f4xx_hal_i2c_ex.o ABSOLUTE
    ..\Drivers\STM32F4xx_HAL_Driver\Src\stm32f4xx_hal_pwr.c 0x00000000   Number         0  stm32f4xx_hal_pwr.o ABSOLUTE
    ..\Drivers\STM32F4xx_HAL_Driver\Src\stm32f4xx_hal_pwr_ex.c 0x00000000   Number         0  stm32f4xx_hal_pwr_ex.o ABSOLUTE
    ..\Drivers\STM32F4xx_HAL_Driver\Src\stm32f4xx_hal_rcc.c 0x00000000   Number         0  stm32f4xx_hal_rcc.o ABSOLUTE
    ..\Drivers\STM32F4xx_HAL_Driver\Src\stm32f4xx_hal_rcc_ex.c 0x00000000   Number         0  stm32f4xx_hal_rcc_ex.o ABSOLUTE
    ..\Drivers\STM32F4xx_HAL_Driver\Src\stm32f4xx_hal_tim.c 0x00000000   Number         0  stm32f4xx_hal_tim.o ABSOLUTE
    ..\Drivers\STM32F4xx_HAL_Driver\Src\stm32f4xx_hal_tim_ex.c 0x00000000   Number         0  stm32f4xx_hal_tim_ex.o ABSOLUTE
    ..\Drivers\STM32F4xx_HAL_Driver\Src\stm32f4xx_hal_uart.c 0x00000000   Number         0  stm32f4xx_hal_uart.o ABSOLUTE
    ..\HARDWARE\control\control.c            0x00000000   Number         0  control.o ABSOLUTE
    ..\HARDWARE\motor\motor.c                0x00000000   Number         0  motor.o ABSOLUTE
    ..\HARDWARE\uart\uart_handler.c          0x00000000   Number         0  uart_handler.o ABSOLUTE
    ..\Src\gpio.c                            0x00000000   Number         0  gpio.o ABSOLUTE
    ..\Src\i2c.c                             0x00000000   Number         0  i2c.o ABSOLUTE
    ..\Src\main.c                            0x00000000   Number         0  main.o ABSOLUTE
    ..\Src\stm32f4xx_hal_msp.c               0x00000000   Number         0  stm32f4xx_hal_msp.o ABSOLUTE
    ..\Src\stm32f4xx_it.c                    0x00000000   Number         0  stm32f4xx_it.o ABSOLUTE
    ..\Src\system_stm32f4xx.c                0x00000000   Number         0  system_stm32f4xx.o ABSOLUTE
    ..\Src\tim.c                             0x00000000   Number         0  tim.o ABSOLUTE
    ..\Src\usart.c                           0x00000000   Number         0  usart.o ABSOLUTE
    ..\Systeam\delay\delay.c                 0x00000000   Number         0  delay.o ABSOLUTE
    ..\\HARDWARE\\control\\control.c         0x00000000   Number         0  control.o ABSOLUTE
    ..\\HARDWARE\\motor\\motor.c             0x00000000   Number         0  motor.o ABSOLUTE
    ..\\HARDWARE\\uart\\uart_handler.c       0x00000000   Number         0  uart_handler.o ABSOLUTE
    ..\\Systeam\\delay\\delay.c              0x00000000   Number         0  delay.o ABSOLUTE
    cdcmple.s                                0x00000000   Number         0  cdcmple.o ABSOLUTE
    dc.s                                     0x00000000   Number         0  dc.o ABSOLUTE
    handlers.s                               0x00000000   Number         0  handlers.o ABSOLUTE
    init.s                                   0x00000000   Number         0  init.o ABSOLUTE
    startup_stm32f407xx.s                    0x00000000   Number         0  startup_stm32f407xx.o ABSOLUTE
    RESET                                    0x08000000   Section      392  startup_stm32f407xx.o(RESET)
    .ARM.Collect$$$$00000000                 0x08000188   Section        0  entry.o(.ARM.Collect$$$$00000000)
    .ARM.Collect$$$$00000001                 0x08000188   Section        4  entry2.o(.ARM.Collect$$$$00000001)
    .ARM.Collect$$$$00000004                 0x0800018c   Section        4  entry5.o(.ARM.Collect$$$$00000004)
    .ARM.Collect$$$$00000008                 0x08000190   Section        0  entry7b.o(.ARM.Collect$$$$00000008)
    .ARM.Collect$$$$0000000A                 0x08000190   Section        0  entry8b.o(.ARM.Collect$$$$0000000A)
    .ARM.Collect$$$$0000000B                 0x08000190   Section        8  entry9a.o(.ARM.Collect$$$$0000000B)
    .ARM.Collect$$$$0000000D                 0x08000198   Section        0  entry10a.o(.ARM.Collect$$$$0000000D)
    .ARM.Collect$$$$0000000F                 0x08000198   Section        0  entry11a.o(.ARM.Collect$$$$0000000F)
    .ARM.Collect$$$$00002712                 0x08000198   Section        4  entry2.o(.ARM.Collect$$$$00002712)
    __lit__00000000                          0x08000198   Data           4  entry2.o(.ARM.Collect$$$$00002712)
    .text                                    0x0800019c   Section       36  startup_stm32f407xx.o(.text)
    $v0                                      0x0800019c   Number         0  startup_stm32f407xx.o(.text)
    .text                                    0x080001c0   Section        0  uldiv.o(.text)
    .text                                    0x08000222   Section        0  memseta.o(.text)
    .text                                    0x08000246   Section        0  dmul.o(.text)
    .text                                    0x0800032a   Section        0  f2d.o(.text)
    .text                                    0x08000350   Section        0  d2f.o(.text)
    .text                                    0x08000388   Section        0  llshl.o(.text)
    .text                                    0x080003a6   Section        0  llushr.o(.text)
    .text                                    0x080003c6   Section        0  fepilogue.o(.text)
    .text                                    0x080003c6   Section        0  iusefp.o(.text)
    .text                                    0x08000434   Section        0  depilogue.o(.text)
    .text                                    0x080004ee   Section        0  dadd.o(.text)
    .text                                    0x0800063c   Section        0  ddiv.o(.text)
    .text                                    0x0800071c   Section       36  init.o(.text)
    .text                                    0x08000740   Section        0  llsshr.o(.text)
    .text                                    0x08000764   Section        0  dsqrt.o(.text)
    .text                                    0x08000806   Section        0  dflti.o(.text)
    .text                                    0x08000828   Section        0  dfltui.o(.text)
    .text                                    0x08000842   Section        0  dfixi.o(.text)
    i.BusFault_Handler                       0x08000880   Section        0  stm32f4xx_it.o(i.BusFault_Handler)
    i.Control_Loop1                          0x08000884   Section        0  control.o(i.Control_Loop1)
    i.DebugMon_Handler                       0x08000948   Section        0  stm32f4xx_it.o(i.DebugMon_Handler)
    i.EXTI0_IRQHandler                       0x0800094a   Section        0  stm32f4xx_it.o(i.EXTI0_IRQHandler)
    i.EXTI4_IRQHandler                       0x08000950   Section        0  stm32f4xx_it.o(i.EXTI4_IRQHandler)
    i.Error_Handler                          0x08000956   Section        0  main.o(i.Error_Handler)
    i.HAL_DMA_Abort_IT                       0x08000958   Section        0  stm32f4xx_hal_dma.o(i.HAL_DMA_Abort_IT)
    i.HAL_GPIO_EXTI_Callback                 0x0800097c   Section        0  main.o(i.HAL_GPIO_EXTI_Callback)
    i.HAL_GPIO_EXTI_IRQHandler               0x0800099c   Section        0  stm32f4xx_hal_gpio.o(i.HAL_GPIO_EXTI_IRQHandler)
    i.HAL_GPIO_Init                          0x080009b4   Section        0  stm32f4xx_hal_gpio.o(i.HAL_GPIO_Init)
    i.HAL_GPIO_WritePin                      0x08000b6c   Section        0  stm32f4xx_hal_gpio.o(i.HAL_GPIO_WritePin)
    i.HAL_GetTick                            0x08000b78   Section        0  stm32f4xx_hal.o(i.HAL_GetTick)
    i.HAL_I2C_Init                           0x08000b84   Section        0  stm32f4xx_hal_i2c.o(i.HAL_I2C_Init)
    i.HAL_I2C_MspInit                        0x08000d0c   Section        0  i2c.o(i.HAL_I2C_MspInit)
    i.HAL_IncTick                            0x08000dac   Section        0  stm32f4xx_hal.o(i.HAL_IncTick)
    i.HAL_Init                               0x08000dbc   Section        0  stm32f4xx_hal.o(i.HAL_Init)
    i.HAL_InitTick                           0x08000df0   Section        0  stm32f4xx_hal.o(i.HAL_InitTick)
    i.HAL_MspInit                            0x08000e30   Section        0  stm32f4xx_hal_msp.o(i.HAL_MspInit)
    i.HAL_NVIC_EnableIRQ                     0x08000e60   Section        0  stm32f4xx_hal_cortex.o(i.HAL_NVIC_EnableIRQ)
    i.HAL_NVIC_SetPriority                   0x08000e7c   Section        0  stm32f4xx_hal_cortex.o(i.HAL_NVIC_SetPriority)
    i.HAL_NVIC_SetPriorityGrouping           0x08000ebc   Section        0  stm32f4xx_hal_cortex.o(i.HAL_NVIC_SetPriorityGrouping)
    i.HAL_RCC_ClockConfig                    0x08000ee0   Section        0  stm32f4xx_hal_rcc.o(i.HAL_RCC_ClockConfig)
    i.HAL_RCC_GetPCLK1Freq                   0x08001014   Section        0  stm32f4xx_hal_rcc.o(i.HAL_RCC_GetPCLK1Freq)
    i.HAL_RCC_GetPCLK2Freq                   0x08001034   Section        0  stm32f4xx_hal_rcc.o(i.HAL_RCC_GetPCLK2Freq)
    i.HAL_RCC_GetSysClockFreq                0x08001054   Section        0  stm32f4xx_hal_rcc.o(i.HAL_RCC_GetSysClockFreq)
    i.HAL_RCC_OscConfig                      0x080010b4   Section        0  stm32f4xx_hal_rcc.o(i.HAL_RCC_OscConfig)
    i.HAL_SYSTICK_Config                     0x08001410   Section        0  stm32f4xx_hal_cortex.o(i.HAL_SYSTICK_Config)
    i.HAL_TIMEx_BreakCallback                0x08001438   Section        0  stm32f4xx_hal_tim_ex.o(i.HAL_TIMEx_BreakCallback)
    i.HAL_TIMEx_CommutCallback               0x0800143a   Section        0  stm32f4xx_hal_tim_ex.o(i.HAL_TIMEx_CommutCallback)
    i.HAL_TIMEx_ConfigBreakDeadTime          0x0800143c   Section        0  stm32f4xx_hal_tim_ex.o(i.HAL_TIMEx_ConfigBreakDeadTime)
    i.HAL_TIMEx_MasterConfigSynchronization  0x08001490   Section        0  stm32f4xx_hal_tim_ex.o(i.HAL_TIMEx_MasterConfigSynchronization)
    i.HAL_TIM_Base_Init                      0x08001520   Section        0  stm32f4xx_hal_tim.o(i.HAL_TIM_Base_Init)
    i.HAL_TIM_Base_MspInit                   0x08001558   Section        0  tim.o(i.HAL_TIM_Base_MspInit)
    i.HAL_TIM_Base_Start_IT                  0x080015b8   Section        0  stm32f4xx_hal_tim.o(i.HAL_TIM_Base_Start_IT)
    i.HAL_TIM_ConfigClockSource              0x080015da   Section        0  stm32f4xx_hal_tim.o(i.HAL_TIM_ConfigClockSource)
    i.HAL_TIM_IC_CaptureCallback             0x080016b0   Section        0  stm32f4xx_hal_tim.o(i.HAL_TIM_IC_CaptureCallback)
    i.HAL_TIM_IRQHandler                     0x080016b2   Section        0  stm32f4xx_hal_tim.o(i.HAL_TIM_IRQHandler)
    i.HAL_TIM_MspPostInit                    0x08001818   Section        0  tim.o(i.HAL_TIM_MspPostInit)
    i.HAL_TIM_OC_DelayElapsedCallback        0x080018c0   Section        0  stm32f4xx_hal_tim.o(i.HAL_TIM_OC_DelayElapsedCallback)
    i.HAL_TIM_PWM_ConfigChannel              0x080018c2   Section        0  stm32f4xx_hal_tim.o(i.HAL_TIM_PWM_ConfigChannel)
    i.HAL_TIM_PWM_Init                       0x08001992   Section        0  stm32f4xx_hal_tim.o(i.HAL_TIM_PWM_Init)
    i.HAL_TIM_PWM_MspInit                    0x080019c8   Section        0  stm32f4xx_hal_tim.o(i.HAL_TIM_PWM_MspInit)
    i.HAL_TIM_PWM_PulseFinishedCallback      0x080019ca   Section        0  stm32f4xx_hal_tim.o(i.HAL_TIM_PWM_PulseFinishedCallback)
    i.HAL_TIM_PWM_Start                      0x080019cc   Section        0  stm32f4xx_hal_tim.o(i.HAL_TIM_PWM_Start)
    i.HAL_TIM_PeriodElapsedCallback          0x08001a10   Section        0  main.o(i.HAL_TIM_PeriodElapsedCallback)
    i.HAL_TIM_TriggerCallback                0x08001a24   Section        0  stm32f4xx_hal_tim.o(i.HAL_TIM_TriggerCallback)
    i.HAL_UART_ErrorCallback                 0x08001a26   Section        0  stm32f4xx_hal_uart.o(i.HAL_UART_ErrorCallback)
    i.HAL_UART_IRQHandler                    0x08001a28   Section        0  stm32f4xx_hal_uart.o(i.HAL_UART_IRQHandler)
    i.HAL_UART_Init                          0x08001b3c   Section        0  stm32f4xx_hal_uart.o(i.HAL_UART_Init)
    i.HAL_UART_MspInit                       0x08001ba0   Section        0  usart.o(i.HAL_UART_MspInit)
    i.HAL_UART_Receive_IT                    0x08001c6c   Section        0  stm32f4xx_hal_uart.o(i.HAL_UART_Receive_IT)
    i.HAL_UART_RxCpltCallback                0x08001cc0   Section        0  main.o(i.HAL_UART_RxCpltCallback)
    i.HAL_UART_TxCpltCallback                0x08001cfc   Section        0  stm32f4xx_hal_uart.o(i.HAL_UART_TxCpltCallback)
    i.HardFault_Handler                      0x08001cfe   Section        0  stm32f4xx_it.o(i.HardFault_Handler)
    i.MX_GPIO_Init                           0x08001d00   Section        0  gpio.o(i.MX_GPIO_Init)
    i.MX_I2C1_Init                           0x08001dd8   Section        0  i2c.o(i.MX_I2C1_Init)
    i.MX_I2C2_Init                           0x08001e18   Section        0  i2c.o(i.MX_I2C2_Init)
    i.MX_TIM1_Init                           0x08001e58   Section        0  tim.o(i.MX_TIM1_Init)
    i.MX_TIM2_Init                           0x08001f54   Section        0  tim.o(i.MX_TIM2_Init)
    i.MX_TIM5_Init                           0x08002000   Section        0  tim.o(i.MX_TIM5_Init)
    i.MX_USART1_UART_Init                    0x0800206c   Section        0  usart.o(i.MX_USART1_UART_Init)
    i.MX_USART2_UART_Init                    0x080020a4   Section        0  usart.o(i.MX_USART2_UART_Init)
    i.MemManage_Handler                      0x080020dc   Section        0  stm32f4xx_it.o(i.MemManage_Handler)
    i.Motor_X_speed                          0x080020e0   Section        0  motor.o(i.Motor_X_speed)
    i.Motor_Y_speed                          0x0800215c   Section        0  motor.o(i.Motor_Y_speed)
    i.Motor_init                             0x080021d8   Section        0  motor.o(i.Motor_init)
    i.NMI_Handler                            0x08002204   Section        0  stm32f4xx_it.o(i.NMI_Handler)
    i.PendSV_Handler                         0x08002206   Section        0  stm32f4xx_it.o(i.PendSV_Handler)
    i.Position_PID_X                         0x08002208   Section        0  control.o(i.Position_PID_X)
    i.Position_PID_Y                         0x0800224c   Section        0  control.o(i.Position_PID_Y)
    i.SVC_Handler                            0x08002290   Section        0  stm32f4xx_it.o(i.SVC_Handler)
    i.SysTick_Handler                        0x08002292   Section        0  stm32f4xx_it.o(i.SysTick_Handler)
    i.SystemClock_Config                     0x08002298   Section        0  main.o(i.SystemClock_Config)
    i.SystemInit                             0x0800231c   Section        0  system_stm32f4xx.o(i.SystemInit)
    i.TIM5_IRQHandler                        0x08002338   Section        0  stm32f4xx_it.o(i.TIM5_IRQHandler)
    i.TIM_Base_SetConfig                     0x08002344   Section        0  stm32f4xx_hal_tim.o(i.TIM_Base_SetConfig)
    i.TIM_CCxChannelCmd                      0x0800240c   Section        0  stm32f4xx_hal_tim.o(i.TIM_CCxChannelCmd)
    i.TIM_ETR_SetConfig                      0x08002426   Section        0  stm32f4xx_hal_tim.o(i.TIM_ETR_SetConfig)
    i.TIM_ITRx_SetConfig                     0x0800243a   Section        0  stm32f4xx_hal_tim.o(i.TIM_ITRx_SetConfig)
    TIM_ITRx_SetConfig                       0x0800243b   Thumb Code    16  stm32f4xx_hal_tim.o(i.TIM_ITRx_SetConfig)
    i.TIM_OC1_SetConfig                      0x0800244c   Section        0  stm32f4xx_hal_tim.o(i.TIM_OC1_SetConfig)
    TIM_OC1_SetConfig                        0x0800244d   Thumb Code    88  stm32f4xx_hal_tim.o(i.TIM_OC1_SetConfig)
    i.TIM_OC2_SetConfig                      0x080024ac   Section        0  stm32f4xx_hal_tim.o(i.TIM_OC2_SetConfig)
    i.TIM_OC3_SetConfig                      0x08002518   Section        0  stm32f4xx_hal_tim.o(i.TIM_OC3_SetConfig)
    TIM_OC3_SetConfig                        0x08002519   Thumb Code    96  stm32f4xx_hal_tim.o(i.TIM_OC3_SetConfig)
    i.TIM_OC4_SetConfig                      0x08002580   Section        0  stm32f4xx_hal_tim.o(i.TIM_OC4_SetConfig)
    TIM_OC4_SetConfig                        0x08002581   Thumb Code    70  stm32f4xx_hal_tim.o(i.TIM_OC4_SetConfig)
    i.TIM_TI1_ConfigInputStage               0x080025d0   Section        0  stm32f4xx_hal_tim.o(i.TIM_TI1_ConfigInputStage)
    TIM_TI1_ConfigInputStage                 0x080025d1   Thumb Code    34  stm32f4xx_hal_tim.o(i.TIM_TI1_ConfigInputStage)
    i.TIM_TI2_ConfigInputStage               0x080025f2   Section        0  stm32f4xx_hal_tim.o(i.TIM_TI2_ConfigInputStage)
    TIM_TI2_ConfigInputStage                 0x080025f3   Thumb Code    36  stm32f4xx_hal_tim.o(i.TIM_TI2_ConfigInputStage)
    i.UART_DMAAbortOnError                   0x08002616   Section        0  stm32f4xx_hal_uart.o(i.UART_DMAAbortOnError)
    UART_DMAAbortOnError                     0x08002617   Thumb Code    16  stm32f4xx_hal_uart.o(i.UART_DMAAbortOnError)
    i.UART_EndRxTransfer                     0x08002626   Section        0  stm32f4xx_hal_uart.o(i.UART_EndRxTransfer)
    UART_EndRxTransfer                       0x08002627   Thumb Code    28  stm32f4xx_hal_uart.o(i.UART_EndRxTransfer)
    i.UART_Receive_IT                        0x08002642   Section        0  stm32f4xx_hal_uart.o(i.UART_Receive_IT)
    UART_Receive_IT                          0x08002643   Thumb Code   150  stm32f4xx_hal_uart.o(i.UART_Receive_IT)
    i.UART_SetConfig                         0x080026d8   Section        0  stm32f4xx_hal_uart.o(i.UART_SetConfig)
    UART_SetConfig                           0x080026d9   Thumb Code   286  stm32f4xx_hal_uart.o(i.UART_SetConfig)
    i.UART_Transmit_IT                       0x08002800   Section        0  stm32f4xx_hal_uart.o(i.UART_Transmit_IT)
    UART_Transmit_IT                         0x08002801   Thumb Code    98  stm32f4xx_hal_uart.o(i.UART_Transmit_IT)
    i.USART1_IRQHandler                      0x08002864   Section        0  stm32f4xx_it.o(i.USART1_IRQHandler)
    i.USART2_IRQHandler                      0x08002870   Section        0  stm32f4xx_it.o(i.USART2_IRQHandler)
    i.UsageFault_Handler                     0x0800287c   Section        0  stm32f4xx_it.o(i.UsageFault_Handler)
    i.__ARM_fpclassify                       0x0800287e   Section        0  fpclassify.o(i.__ARM_fpclassify)
    i.__NVIC_SetPriority                     0x080028ae   Section        0  stm32f4xx_hal_cortex.o(i.__NVIC_SetPriority)
    __NVIC_SetPriority                       0x080028af   Thumb Code    32  stm32f4xx_hal_cortex.o(i.__NVIC_SetPriority)
    i.__hardfp_asin                          0x080028d0   Section        0  asin.o(i.__hardfp_asin)
    i.__hardfp_sin                           0x08002c30   Section        0  sin.o(i.__hardfp_sin)
    i.__ieee754_rem_pio2                     0x08002cf8   Section        0  rred.o(i.__ieee754_rem_pio2)
    i.__kernel_cos                           0x08003130   Section        0  cos_i.o(i.__kernel_cos)
    i.__kernel_poly                          0x080032a0   Section        0  poly.o(i.__kernel_poly)
    i.__kernel_sin                           0x08003398   Section        0  sin_i.o(i.__kernel_sin)
    i.__mathlib_dbl_infnan                   0x080034c8   Section        0  dunder.o(i.__mathlib_dbl_infnan)
    i.__mathlib_dbl_invalid                  0x080034e0   Section        0  dunder.o(i.__mathlib_dbl_invalid)
    i.__mathlib_dbl_underflow                0x08003500   Section        0  dunder.o(i.__mathlib_dbl_underflow)
    i.__scatterload_copy                     0x08003520   Section       14  handlers.o(i.__scatterload_copy)
    i.__scatterload_null                     0x0800352e   Section        2  handlers.o(i.__scatterload_null)
    i.__scatterload_zeroinit                 0x08003530   Section       14  handlers.o(i.__scatterload_zeroinit)
    i.__set_errno                            0x08003540   Section        0  errno.o(i.__set_errno)
    i.angle_dateprocess                      0x0800354c   Section        0  uart_handler.o(i.angle_dateprocess)
    i.angle_rec                              0x080035c0   Section        0  uart_handler.o(i.angle_rec)
    i.fabs                                   0x0800361c   Section        0  fabs.o(i.fabs)
    i.main                                   0x08003634   Section        0  main.o(i.main)
    i.sqrt                                   0x08003690   Section        0  sqrt.o(i.sqrt)
    .constdata                               0x080036fe   Section       16  system_stm32f4xx.o(.constdata)
    .constdata                               0x0800370e   Section        8  system_stm32f4xx.o(.constdata)
    .constdata                               0x08003718   Section       80  asin.o(.constdata)
    pS                                       0x08003718   Data          48  asin.o(.constdata)
    qS                                       0x08003748   Data          32  asin.o(.constdata)
    .constdata                               0x08003768   Section       48  cos_i.o(.constdata)
    C                                        0x08003768   Data          48  cos_i.o(.constdata)
    .constdata                               0x08003798   Section      200  rred.o(.constdata)
    pio2s                                    0x08003798   Data          48  rred.o(.constdata)
    twooverpi                                0x080037c8   Data         152  rred.o(.constdata)
    .constdata                               0x08003860   Section       40  sin_i.o(.constdata)
    S                                        0x08003860   Data          40  sin_i.o(.constdata)
    .data                                    0x20000000   Section       64  control.o(.data)
    Bias                                     0x20000020   Data           4  control.o(.data)
    Pwm                                      0x20000024   Data           4  control.o(.data)
    Integral_bias                            0x20000028   Data           4  control.o(.data)
    Last_Bias                                0x2000002c   Data           4  control.o(.data)
    Bias                                     0x20000030   Data           4  control.o(.data)
    Pwm                                      0x20000034   Data           4  control.o(.data)
    Integral_bias                            0x20000038   Data           4  control.o(.data)
    Last_Bias                                0x2000003c   Data           4  control.o(.data)
    .data                                    0x20000040   Section       28  uart_handler.o(.data)
    ucRxCnt                                  0x20000040   Data           1  uart_handler.o(.data)
    i                                        0x20000041   Data           1  uart_handler.o(.data)
    ucRxCnt                                  0x20000042   Data           1  uart_handler.o(.data)
    .data                                    0x2000005c   Section        6  main.o(.data)
    .data                                    0x20000064   Section        4  main.o(.data)
    .data                                    0x20000068   Section        4  main.o(.data)
    .data                                    0x2000006c   Section        4  main.o(.data)
    .data                                    0x20000070   Section       12  stm32f4xx_hal.o(.data)
    .data                                    0x2000007c   Section        4  system_stm32f4xx.o(.data)
    .data                                    0x20000080   Section        4  errno.o(.data)
    _errno                                   0x20000080   Data           4  errno.o(.data)
    .bss                                     0x20000084   Section      250  uart_handler.o(.bss)
    ucRxBuffer                               0x20000084   Data         250  uart_handler.o(.bss)
    .bss                                     0x20000180   Section      168  i2c.o(.bss)
    .bss                                     0x20000228   Section      192  tim.o(.bss)
    .bss                                     0x200002e8   Section      128  usart.o(.bss)
    STACK                                    0x20000368   Section     8192  startup_stm32f407xx.o(STACK)

    Global Symbols

    Symbol Name                              Value     Ov Type        Size  Object(Section)

    BuildAttributes$$THM_ISAv4$E$P$D$K$B$S$7EM$VFPi3$EXTD16$VFPS$VFMA$PE$A:L22UL41UL21$X:L11$S22US41US21$IEEE1$IW$USESV6$~STKCKD$USESV7$~SHL$OTIME$ROPI$IEEEX$EBA8$MICROLIB$REQ8$PRES8$EABIv2 0x00000000   Number         0  anon$$obj.o ABSOLUTE
    __ARM_use_no_argv                        0x00000000   Number         0  main.o ABSOLUTE
    __cpp_initialize__aeabi_                  - Undefined Weak Reference
    __cxa_finalize                            - Undefined Weak Reference
    __decompress                              - Undefined Weak Reference
    _clock_init                               - Undefined Weak Reference
    _microlib_exit                            - Undefined Weak Reference
    __Vectors_Size                           0x00000188   Number         0  startup_stm32f407xx.o ABSOLUTE
    __Vectors                                0x08000000   Data           4  startup_stm32f407xx.o(RESET)
    __Vectors_End                            0x08000188   Data           0  startup_stm32f407xx.o(RESET)
    __main                                   0x08000189   Thumb Code     0  entry.o(.ARM.Collect$$$$00000000)
    _main_stk                                0x08000189   Thumb Code     0  entry2.o(.ARM.Collect$$$$00000001)
    _main_scatterload                        0x0800018d   Thumb Code     0  entry5.o(.ARM.Collect$$$$00000004)
    __main_after_scatterload                 0x08000191   Thumb Code     0  entry5.o(.ARM.Collect$$$$00000004)
    _main_clock                              0x08000191   Thumb Code     0  entry7b.o(.ARM.Collect$$$$00000008)
    _main_cpp_init                           0x08000191   Thumb Code     0  entry8b.o(.ARM.Collect$$$$0000000A)
    _main_init                               0x08000191   Thumb Code     0  entry9a.o(.ARM.Collect$$$$0000000B)
    __rt_final_cpp                           0x08000199   Thumb Code     0  entry10a.o(.ARM.Collect$$$$0000000D)
    __rt_final_exit                          0x08000199   Thumb Code     0  entry11a.o(.ARM.Collect$$$$0000000F)
    Reset_Handler                            0x0800019d   Thumb Code     8  startup_stm32f407xx.o(.text)
    ADC_IRQHandler                           0x080001b7   Thumb Code     0  startup_stm32f407xx.o(.text)
    CAN1_RX0_IRQHandler                      0x080001b7   Thumb Code     0  startup_stm32f407xx.o(.text)
    CAN1_RX1_IRQHandler                      0x080001b7   Thumb Code     0  startup_stm32f407xx.o(.text)
    CAN1_SCE_IRQHandler                      0x080001b7   Thumb Code     0  startup_stm32f407xx.o(.text)
    CAN1_TX_IRQHandler                       0x080001b7   Thumb Code     0  startup_stm32f407xx.o(.text)
    CAN2_RX0_IRQHandler                      0x080001b7   Thumb Code     0  startup_stm32f407xx.o(.text)
    CAN2_RX1_IRQHandler                      0x080001b7   Thumb Code     0  startup_stm32f407xx.o(.text)
    CAN2_SCE_IRQHandler                      0x080001b7   Thumb Code     0  startup_stm32f407xx.o(.text)
    CAN2_TX_IRQHandler                       0x080001b7   Thumb Code     0  startup_stm32f407xx.o(.text)
    DCMI_IRQHandler                          0x080001b7   Thumb Code     0  startup_stm32f407xx.o(.text)
    DMA1_Stream0_IRQHandler                  0x080001b7   Thumb Code     0  startup_stm32f407xx.o(.text)
    DMA1_Stream1_IRQHandler                  0x080001b7   Thumb Code     0  startup_stm32f407xx.o(.text)
    DMA1_Stream2_IRQHandler                  0x080001b7   Thumb Code     0  startup_stm32f407xx.o(.text)
    DMA1_Stream3_IRQHandler                  0x080001b7   Thumb Code     0  startup_stm32f407xx.o(.text)
    DMA1_Stream4_IRQHandler                  0x080001b7   Thumb Code     0  startup_stm32f407xx.o(.text)
    DMA1_Stream5_IRQHandler                  0x080001b7   Thumb Code     0  startup_stm32f407xx.o(.text)
    DMA1_Stream6_IRQHandler                  0x080001b7   Thumb Code     0  startup_stm32f407xx.o(.text)
    DMA1_Stream7_IRQHandler                  0x080001b7   Thumb Code     0  startup_stm32f407xx.o(.text)
    DMA2_Stream0_IRQHandler                  0x080001b7   Thumb Code     0  startup_stm32f407xx.o(.text)
    DMA2_Stream1_IRQHandler                  0x080001b7   Thumb Code     0  startup_stm32f407xx.o(.text)
    DMA2_Stream2_IRQHandler                  0x080001b7   Thumb Code     0  startup_stm32f407xx.o(.text)
    DMA2_Stream3_IRQHandler                  0x080001b7   Thumb Code     0  startup_stm32f407xx.o(.text)
    DMA2_Stream4_IRQHandler                  0x080001b7   Thumb Code     0  startup_stm32f407xx.o(.text)
    DMA2_Stream5_IRQHandler                  0x080001b7   Thumb Code     0  startup_stm32f407xx.o(.text)
    DMA2_Stream6_IRQHandler                  0x080001b7   Thumb Code     0  startup_stm32f407xx.o(.text)
    DMA2_Stream7_IRQHandler                  0x080001b7   Thumb Code     0  startup_stm32f407xx.o(.text)
    ETH_IRQHandler                           0x080001b7   Thumb Code     0  startup_stm32f407xx.o(.text)
    ETH_WKUP_IRQHandler                      0x080001b7   Thumb Code     0  startup_stm32f407xx.o(.text)
    EXTI15_10_IRQHandler                     0x080001b7   Thumb Code     0  startup_stm32f407xx.o(.text)
    EXTI1_IRQHandler                         0x080001b7   Thumb Code     0  startup_stm32f407xx.o(.text)
    EXTI2_IRQHandler                         0x080001b7   Thumb Code     0  startup_stm32f407xx.o(.text)
    EXTI3_IRQHandler                         0x080001b7   Thumb Code     0  startup_stm32f407xx.o(.text)
    EXTI9_5_IRQHandler                       0x080001b7   Thumb Code     0  startup_stm32f407xx.o(.text)
    FLASH_IRQHandler                         0x080001b7   Thumb Code     0  startup_stm32f407xx.o(.text)
    FMC_IRQHandler                           0x080001b7   Thumb Code     0  startup_stm32f407xx.o(.text)
    FPU_IRQHandler                           0x080001b7   Thumb Code     0  startup_stm32f407xx.o(.text)
    HASH_RNG_IRQHandler                      0x080001b7   Thumb Code     0  startup_stm32f407xx.o(.text)
    I2C1_ER_IRQHandler                       0x080001b7   Thumb Code     0  startup_stm32f407xx.o(.text)
    I2C1_EV_IRQHandler                       0x080001b7   Thumb Code     0  startup_stm32f407xx.o(.text)
    I2C2_ER_IRQHandler                       0x080001b7   Thumb Code     0  startup_stm32f407xx.o(.text)
    I2C2_EV_IRQHandler                       0x080001b7   Thumb Code     0  startup_stm32f407xx.o(.text)
    I2C3_ER_IRQHandler                       0x080001b7   Thumb Code     0  startup_stm32f407xx.o(.text)
    I2C3_EV_IRQHandler                       0x080001b7   Thumb Code     0  startup_stm32f407xx.o(.text)
    OTG_FS_IRQHandler                        0x080001b7   Thumb Code     0  startup_stm32f407xx.o(.text)
    OTG_FS_WKUP_IRQHandler                   0x080001b7   Thumb Code     0  startup_stm32f407xx.o(.text)
    OTG_HS_EP1_IN_IRQHandler                 0x080001b7   Thumb Code     0  startup_stm32f407xx.o(.text)
    OTG_HS_EP1_OUT_IRQHandler                0x080001b7   Thumb Code     0  startup_stm32f407xx.o(.text)
    OTG_HS_IRQHandler                        0x080001b7   Thumb Code     0  startup_stm32f407xx.o(.text)
    OTG_HS_WKUP_IRQHandler                   0x080001b7   Thumb Code     0  startup_stm32f407xx.o(.text)
    PVD_IRQHandler                           0x080001b7   Thumb Code     0  startup_stm32f407xx.o(.text)
    RCC_IRQHandler                           0x080001b7   Thumb Code     0  startup_stm32f407xx.o(.text)
    RTC_Alarm_IRQHandler                     0x080001b7   Thumb Code     0  startup_stm32f407xx.o(.text)
    RTC_WKUP_IRQHandler                      0x080001b7   Thumb Code     0  startup_stm32f407xx.o(.text)
    SDIO_IRQHandler                          0x080001b7   Thumb Code     0  startup_stm32f407xx.o(.text)
    SPI1_IRQHandler                          0x080001b7   Thumb Code     0  startup_stm32f407xx.o(.text)
    SPI2_IRQHandler                          0x080001b7   Thumb Code     0  startup_stm32f407xx.o(.text)
    SPI3_IRQHandler                          0x080001b7   Thumb Code     0  startup_stm32f407xx.o(.text)
    TAMP_STAMP_IRQHandler                    0x080001b7   Thumb Code     0  startup_stm32f407xx.o(.text)
    TIM1_BRK_TIM9_IRQHandler                 0x080001b7   Thumb Code     0  startup_stm32f407xx.o(.text)
    TIM1_CC_IRQHandler                       0x080001b7   Thumb Code     0  startup_stm32f407xx.o(.text)
    TIM1_TRG_COM_TIM11_IRQHandler            0x080001b7   Thumb Code     0  startup_stm32f407xx.o(.text)
    TIM1_UP_TIM10_IRQHandler                 0x080001b7   Thumb Code     0  startup_stm32f407xx.o(.text)
    TIM2_IRQHandler                          0x080001b7   Thumb Code     0  startup_stm32f407xx.o(.text)
    TIM3_IRQHandler                          0x080001b7   Thumb Code     0  startup_stm32f407xx.o(.text)
    TIM4_IRQHandler                          0x080001b7   Thumb Code     0  startup_stm32f407xx.o(.text)
    TIM6_DAC_IRQHandler                      0x080001b7   Thumb Code     0  startup_stm32f407xx.o(.text)
    TIM7_IRQHandler                          0x080001b7   Thumb Code     0  startup_stm32f407xx.o(.text)
    TIM8_BRK_TIM12_IRQHandler                0x080001b7   Thumb Code     0  startup_stm32f407xx.o(.text)
    TIM8_CC_IRQHandler                       0x080001b7   Thumb Code     0  startup_stm32f407xx.o(.text)
    TIM8_TRG_COM_TIM14_IRQHandler            0x080001b7   Thumb Code     0  startup_stm32f407xx.o(.text)
    TIM8_UP_TIM13_IRQHandler                 0x080001b7   Thumb Code     0  startup_stm32f407xx.o(.text)
    UART4_IRQHandler                         0x080001b7   Thumb Code     0  startup_stm32f407xx.o(.text)
    UART5_IRQHandler                         0x080001b7   Thumb Code     0  startup_stm32f407xx.o(.text)
    USART3_IRQHandler                        0x080001b7   Thumb Code     0  startup_stm32f407xx.o(.text)
    USART6_IRQHandler                        0x080001b7   Thumb Code     0  startup_stm32f407xx.o(.text)
    WWDG_IRQHandler                          0x080001b7   Thumb Code     0  startup_stm32f407xx.o(.text)
    __aeabi_uldivmod                         0x080001c1   Thumb Code    98  uldiv.o(.text)
    __aeabi_memset                           0x08000223   Thumb Code    14  memseta.o(.text)
    __aeabi_memset4                          0x08000223   Thumb Code     0  memseta.o(.text)
    __aeabi_memset8                          0x08000223   Thumb Code     0  memseta.o(.text)
    __aeabi_memclr                           0x08000231   Thumb Code     4  memseta.o(.text)
    __aeabi_memclr4                          0x08000231   Thumb Code     0  memseta.o(.text)
    __aeabi_memclr8                          0x08000231   Thumb Code     0  memseta.o(.text)
    _memset$wrapper                          0x08000235   Thumb Code    18  memseta.o(.text)
    __aeabi_dmul                             0x08000247   Thumb Code   228  dmul.o(.text)
    __aeabi_f2d                              0x0800032b   Thumb Code    38  f2d.o(.text)
    __aeabi_d2f                              0x08000351   Thumb Code    56  d2f.o(.text)
    __aeabi_llsl                             0x08000389   Thumb Code    30  llshl.o(.text)
    _ll_shift_l                              0x08000389   Thumb Code     0  llshl.o(.text)
    __aeabi_llsr                             0x080003a7   Thumb Code    32  llushr.o(.text)
    _ll_ushift_r                             0x080003a7   Thumb Code     0  llushr.o(.text)
    __I$use$fp                               0x080003c7   Thumb Code     0  iusefp.o(.text)
    _float_round                             0x080003c7   Thumb Code    18  fepilogue.o(.text)
    _float_epilogue                          0x080003d9   Thumb Code    92  fepilogue.o(.text)
    _double_round                            0x08000435   Thumb Code    30  depilogue.o(.text)
    _double_epilogue                         0x08000453   Thumb Code   156  depilogue.o(.text)
    __aeabi_dadd                             0x080004ef   Thumb Code   322  dadd.o(.text)
    __aeabi_dsub                             0x08000631   Thumb Code     6  dadd.o(.text)
    __aeabi_drsub                            0x08000637   Thumb Code     6  dadd.o(.text)
    __aeabi_ddiv                             0x0800063d   Thumb Code   222  ddiv.o(.text)
    __scatterload                            0x0800071d   Thumb Code    28  init.o(.text)
    __scatterload_rt2                        0x0800071d   Thumb Code     0  init.o(.text)
    __aeabi_lasr                             0x08000741   Thumb Code    36  llsshr.o(.text)
    _ll_sshift_r                             0x08000741   Thumb Code     0  llsshr.o(.text)
    _dsqrt                                   0x08000765   Thumb Code   162  dsqrt.o(.text)
    __aeabi_i2d                              0x08000807   Thumb Code    34  dflti.o(.text)
    __aeabi_ui2d                             0x08000829   Thumb Code    26  dfltui.o(.text)
    __aeabi_d2iz                             0x08000843   Thumb Code    62  dfixi.o(.text)
    BusFault_Handler                         0x08000881   Thumb Code     2  stm32f4xx_it.o(i.BusFault_Handler)
    Control_Loop1                            0x08000885   Thumb Code   162  control.o(i.Control_Loop1)
    DebugMon_Handler                         0x08000949   Thumb Code     2  stm32f4xx_it.o(i.DebugMon_Handler)
    EXTI0_IRQHandler                         0x0800094b   Thumb Code     6  stm32f4xx_it.o(i.EXTI0_IRQHandler)
    EXTI4_IRQHandler                         0x08000951   Thumb Code     6  stm32f4xx_it.o(i.EXTI4_IRQHandler)
    Error_Handler                            0x08000957   Thumb Code     2  main.o(i.Error_Handler)
    HAL_DMA_Abort_IT                         0x08000959   Thumb Code    36  stm32f4xx_hal_dma.o(i.HAL_DMA_Abort_IT)
    HAL_GPIO_EXTI_Callback                   0x0800097d   Thumb Code    26  main.o(i.HAL_GPIO_EXTI_Callback)
    HAL_GPIO_EXTI_IRQHandler                 0x0800099d   Thumb Code    18  stm32f4xx_hal_gpio.o(i.HAL_GPIO_EXTI_IRQHandler)
    HAL_GPIO_Init                            0x080009b5   Thumb Code   394  stm32f4xx_hal_gpio.o(i.HAL_GPIO_Init)
    HAL_GPIO_WritePin                        0x08000b6d   Thumb Code    10  stm32f4xx_hal_gpio.o(i.HAL_GPIO_WritePin)
    HAL_GetTick                              0x08000b79   Thumb Code     6  stm32f4xx_hal.o(i.HAL_GetTick)
    HAL_I2C_Init                             0x08000b85   Thumb Code   376  stm32f4xx_hal_i2c.o(i.HAL_I2C_Init)
    HAL_I2C_MspInit                          0x08000d0d   Thumb Code   142  i2c.o(i.HAL_I2C_MspInit)
    HAL_IncTick                              0x08000dad   Thumb Code    12  stm32f4xx_hal.o(i.HAL_IncTick)
    HAL_Init                                 0x08000dbd   Thumb Code    48  stm32f4xx_hal.o(i.HAL_Init)
    HAL_InitTick                             0x08000df1   Thumb Code    54  stm32f4xx_hal.o(i.HAL_InitTick)
    HAL_MspInit                              0x08000e31   Thumb Code    42  stm32f4xx_hal_msp.o(i.HAL_MspInit)
    HAL_NVIC_EnableIRQ                       0x08000e61   Thumb Code    26  stm32f4xx_hal_cortex.o(i.HAL_NVIC_EnableIRQ)
    HAL_NVIC_SetPriority                     0x08000e7d   Thumb Code    60  stm32f4xx_hal_cortex.o(i.HAL_NVIC_SetPriority)
    HAL_NVIC_SetPriorityGrouping             0x08000ebd   Thumb Code    26  stm32f4xx_hal_cortex.o(i.HAL_NVIC_SetPriorityGrouping)
    HAL_RCC_ClockConfig                      0x08000ee1   Thumb Code   288  stm32f4xx_hal_rcc.o(i.HAL_RCC_ClockConfig)
    HAL_RCC_GetPCLK1Freq                     0x08001015   Thumb Code    20  stm32f4xx_hal_rcc.o(i.HAL_RCC_GetPCLK1Freq)
    HAL_RCC_GetPCLK2Freq                     0x08001035   Thumb Code    20  stm32f4xx_hal_rcc.o(i.HAL_RCC_GetPCLK2Freq)
    HAL_RCC_GetSysClockFreq                  0x08001055   Thumb Code    88  stm32f4xx_hal_rcc.o(i.HAL_RCC_GetSysClockFreq)
    HAL_RCC_OscConfig                        0x080010b5   Thumb Code   840  stm32f4xx_hal_rcc.o(i.HAL_RCC_OscConfig)
    HAL_SYSTICK_Config                       0x08001411   Thumb Code    40  stm32f4xx_hal_cortex.o(i.HAL_SYSTICK_Config)
    HAL_TIMEx_BreakCallback                  0x08001439   Thumb Code     2  stm32f4xx_hal_tim_ex.o(i.HAL_TIMEx_BreakCallback)
    HAL_TIMEx_CommutCallback                 0x0800143b   Thumb Code     2  stm32f4xx_hal_tim_ex.o(i.HAL_TIMEx_CommutCallback)
    HAL_TIMEx_ConfigBreakDeadTime            0x0800143d   Thumb Code    84  stm32f4xx_hal_tim_ex.o(i.HAL_TIMEx_ConfigBreakDeadTime)
    HAL_TIMEx_MasterConfigSynchronization    0x08001491   Thumb Code   116  stm32f4xx_hal_tim_ex.o(i.HAL_TIMEx_MasterConfigSynchronization)
    HAL_TIM_Base_Init                        0x08001521   Thumb Code    54  stm32f4xx_hal_tim.o(i.HAL_TIM_Base_Init)
    HAL_TIM_Base_MspInit                     0x08001559   Thumb Code    84  tim.o(i.HAL_TIM_Base_MspInit)
    HAL_TIM_Base_Start_IT                    0x080015b9   Thumb Code    34  stm32f4xx_hal_tim.o(i.HAL_TIM_Base_Start_IT)
    HAL_TIM_ConfigClockSource                0x080015db   Thumb Code   214  stm32f4xx_hal_tim.o(i.HAL_TIM_ConfigClockSource)
    HAL_TIM_IC_CaptureCallback               0x080016b1   Thumb Code     2  stm32f4xx_hal_tim.o(i.HAL_TIM_IC_CaptureCallback)
    HAL_TIM_IRQHandler                       0x080016b3   Thumb Code   358  stm32f4xx_hal_tim.o(i.HAL_TIM_IRQHandler)
    HAL_TIM_MspPostInit                      0x08001819   Thumb Code   146  tim.o(i.HAL_TIM_MspPostInit)
    HAL_TIM_OC_DelayElapsedCallback          0x080018c1   Thumb Code     2  stm32f4xx_hal_tim.o(i.HAL_TIM_OC_DelayElapsedCallback)
    HAL_TIM_PWM_ConfigChannel                0x080018c3   Thumb Code   208  stm32f4xx_hal_tim.o(i.HAL_TIM_PWM_ConfigChannel)
    HAL_TIM_PWM_Init                         0x08001993   Thumb Code    54  stm32f4xx_hal_tim.o(i.HAL_TIM_PWM_Init)
    HAL_TIM_PWM_MspInit                      0x080019c9   Thumb Code     2  stm32f4xx_hal_tim.o(i.HAL_TIM_PWM_MspInit)
    HAL_TIM_PWM_PulseFinishedCallback        0x080019cb   Thumb Code     2  stm32f4xx_hal_tim.o(i.HAL_TIM_PWM_PulseFinishedCallback)
    HAL_TIM_PWM_Start                        0x080019cd   Thumb Code    58  stm32f4xx_hal_tim.o(i.HAL_TIM_PWM_Start)
    HAL_TIM_PeriodElapsedCallback            0x08001a11   Thumb Code    16  main.o(i.HAL_TIM_PeriodElapsedCallback)
    HAL_TIM_TriggerCallback                  0x08001a25   Thumb Code     2  stm32f4xx_hal_tim.o(i.HAL_TIM_TriggerCallback)
    HAL_UART_ErrorCallback                   0x08001a27   Thumb Code     2  stm32f4xx_hal_uart.o(i.HAL_UART_ErrorCallback)
    HAL_UART_IRQHandler                      0x08001a29   Thumb Code   270  stm32f4xx_hal_uart.o(i.HAL_UART_IRQHandler)
    HAL_UART_Init                            0x08001b3d   Thumb Code    98  stm32f4xx_hal_uart.o(i.HAL_UART_Init)
    HAL_UART_MspInit                         0x08001ba1   Thumb Code   184  usart.o(i.HAL_UART_MspInit)
    HAL_UART_Receive_IT                      0x08001c6d   Thumb Code    82  stm32f4xx_hal_uart.o(i.HAL_UART_Receive_IT)
    HAL_UART_RxCpltCallback                  0x08001cc1   Thumb Code    44  main.o(i.HAL_UART_RxCpltCallback)
    HAL_UART_TxCpltCallback                  0x08001cfd   Thumb Code     2  stm32f4xx_hal_uart.o(i.HAL_UART_TxCpltCallback)
    HardFault_Handler                        0x08001cff   Thumb Code     2  stm32f4xx_it.o(i.HardFault_Handler)
    MX_GPIO_Init                             0x08001d01   Thumb Code   198  gpio.o(i.MX_GPIO_Init)
    MX_I2C1_Init                             0x08001dd9   Thumb Code    50  i2c.o(i.MX_I2C1_Init)
    MX_I2C2_Init                             0x08001e19   Thumb Code    50  i2c.o(i.MX_I2C2_Init)
    MX_TIM1_Init                             0x08001e59   Thumb Code   242  tim.o(i.MX_TIM1_Init)
    MX_TIM2_Init                             0x08001f55   Thumb Code   166  tim.o(i.MX_TIM2_Init)
    MX_TIM5_Init                             0x08002001   Thumb Code    98  tim.o(i.MX_TIM5_Init)
    MX_USART1_UART_Init                      0x0800206d   Thumb Code    48  usart.o(i.MX_USART1_UART_Init)
    MX_USART2_UART_Init                      0x080020a5   Thumb Code    48  usart.o(i.MX_USART2_UART_Init)
    MemManage_Handler                        0x080020dd   Thumb Code     2  stm32f4xx_it.o(i.MemManage_Handler)
    Motor_X_speed                            0x080020e1   Thumb Code   114  motor.o(i.Motor_X_speed)
    Motor_Y_speed                            0x0800215d   Thumb Code   114  motor.o(i.Motor_Y_speed)
    Motor_init                               0x080021d9   Thumb Code    38  motor.o(i.Motor_init)
    NMI_Handler                              0x08002205   Thumb Code     2  stm32f4xx_it.o(i.NMI_Handler)
    PendSV_Handler                           0x08002207   Thumb Code     2  stm32f4xx_it.o(i.PendSV_Handler)
    Position_PID_X                           0x08002209   Thumb Code    64  control.o(i.Position_PID_X)
    Position_PID_Y                           0x0800224d   Thumb Code    64  control.o(i.Position_PID_Y)
    SVC_Handler                              0x08002291   Thumb Code     2  stm32f4xx_it.o(i.SVC_Handler)
    SysTick_Handler                          0x08002293   Thumb Code     4  stm32f4xx_it.o(i.SysTick_Handler)
    SystemClock_Config                       0x08002299   Thumb Code   124  main.o(i.SystemClock_Config)
    SystemInit                               0x0800231d   Thumb Code    22  system_stm32f4xx.o(i.SystemInit)
    TIM5_IRQHandler                          0x08002339   Thumb Code     6  stm32f4xx_it.o(i.TIM5_IRQHandler)
    TIM_Base_SetConfig                       0x08002345   Thumb Code   156  stm32f4xx_hal_tim.o(i.TIM_Base_SetConfig)
    TIM_CCxChannelCmd                        0x0800240d   Thumb Code    26  stm32f4xx_hal_tim.o(i.TIM_CCxChannelCmd)
    TIM_ETR_SetConfig                        0x08002427   Thumb Code    20  stm32f4xx_hal_tim.o(i.TIM_ETR_SetConfig)
    TIM_OC2_SetConfig                        0x080024ad   Thumb Code    98  stm32f4xx_hal_tim.o(i.TIM_OC2_SetConfig)
    USART1_IRQHandler                        0x08002865   Thumb Code     6  stm32f4xx_it.o(i.USART1_IRQHandler)
    USART2_IRQHandler                        0x08002871   Thumb Code     6  stm32f4xx_it.o(i.USART2_IRQHandler)
    UsageFault_Handler                       0x0800287d   Thumb Code     2  stm32f4xx_it.o(i.UsageFault_Handler)
    __ARM_fpclassify                         0x0800287f   Thumb Code    48  fpclassify.o(i.__ARM_fpclassify)
    __hardfp_asin                            0x080028d1   Thumb Code   770  asin.o(i.__hardfp_asin)
    __hardfp_sin                             0x08002c31   Thumb Code   180  sin.o(i.__hardfp_sin)
    __ieee754_rem_pio2                       0x08002cf9   Thumb Code   938  rred.o(i.__ieee754_rem_pio2)
    __kernel_cos                             0x08003131   Thumb Code   322  cos_i.o(i.__kernel_cos)
    __kernel_poly                            0x080032a1   Thumb Code   248  poly.o(i.__kernel_poly)
    __kernel_sin                             0x08003399   Thumb Code   280  sin_i.o(i.__kernel_sin)
    __mathlib_dbl_infnan                     0x080034c9   Thumb Code    20  dunder.o(i.__mathlib_dbl_infnan)
    __mathlib_dbl_invalid                    0x080034e1   Thumb Code    24  dunder.o(i.__mathlib_dbl_invalid)
    __mathlib_dbl_underflow                  0x08003501   Thumb Code    24  dunder.o(i.__mathlib_dbl_underflow)
    __scatterload_copy                       0x08003521   Thumb Code    14  handlers.o(i.__scatterload_copy)
    __scatterload_null                       0x0800352f   Thumb Code     2  handlers.o(i.__scatterload_null)
    __scatterload_zeroinit                   0x08003531   Thumb Code    14  handlers.o(i.__scatterload_zeroinit)
    __set_errno                              0x08003541   Thumb Code     6  errno.o(i.__set_errno)
    angle_dateprocess                        0x0800354d   Thumb Code    90  uart_handler.o(i.angle_dateprocess)
    angle_rec                                0x080035c1   Thumb Code    82  uart_handler.o(i.angle_rec)
    fabs                                     0x0800361d   Thumb Code    24  fabs.o(i.fabs)
    main                                     0x08003635   Thumb Code    74  main.o(i.main)
    sqrt                                     0x08003691   Thumb Code   110  sqrt.o(i.sqrt)
    AHBPrescTable                            0x080036fe   Data          16  system_stm32f4xx.o(.constdata)
    APBPrescTable                            0x0800370e   Data           8  system_stm32f4xx.o(.constdata)
    Region$$Table$$Base                      0x08003888   Number         0  anon$$obj.o(Region$$Table)
    Region$$Table$$Limit                     0x080038a8   Number         0  anon$$obj.o(Region$$Table)
    timer                                    0x20000000   Data           2  control.o(.data)
    Motor_X_Set                              0x20000002   Data           2  control.o(.data)
    Motor_Y_Set                              0x20000004   Data           2  control.o(.data)
    Position_KP                              0x20000008   Data           4  control.o(.data)
    Position_KI                              0x2000000c   Data           4  control.o(.data)
    Position_KD                              0x20000010   Data           4  control.o(.data)
    Position_Kp                              0x20000014   Data           4  control.o(.data)
    Position_Ki                              0x20000018   Data           4  control.o(.data)
    Position_Kd                              0x2000001c   Data           4  control.o(.data)
    stcAcc                                   0x20000044   Data           8  uart_handler.o(.data)
    stcGyro                                  0x2000004c   Data           8  uart_handler.o(.data)
    stcAngle                                 0x20000054   Data           8  uart_handler.o(.data)
    UART1RxBuffer                            0x2000005c   Data           1  main.o(.data)
    UART2RxBuffer                            0x2000005d   Data           1  main.o(.data)
    Encoder_L                                0x2000005e   Data           2  main.o(.data)
    Encoder_R                                0x20000060   Data           2  main.o(.data)
    Pitch                                    0x20000064   Data           4  main.o(.data)
    Roll                                     0x20000068   Data           4  main.o(.data)
    Yaw                                      0x2000006c   Data           4  main.o(.data)
    uwTickFreq                               0x20000070   Data           1  stm32f4xx_hal.o(.data)
    uwTickPrio                               0x20000074   Data           4  stm32f4xx_hal.o(.data)
    uwTick                                   0x20000078   Data           4  stm32f4xx_hal.o(.data)
    SystemCoreClock                          0x2000007c   Data           4  system_stm32f4xx.o(.data)
    hi2c1                                    0x20000180   Data          84  i2c.o(.bss)
    hi2c2                                    0x200001d4   Data          84  i2c.o(.bss)
    htim1                                    0x20000228   Data          64  tim.o(.bss)
    htim2                                    0x20000268   Data          64  tim.o(.bss)
    htim5                                    0x200002a8   Data          64  tim.o(.bss)
    huart1                                   0x200002e8   Data          64  usart.o(.bss)
    huart2                                   0x20000328   Data          64  usart.o(.bss)
    __initial_sp                             0x20002368   Data           0  startup_stm32f407xx.o(STACK)



==============================================================================

Memory Map of the image

  Image Entry point : 0x08000189

  Load Region LR_IROM1 (Base: 0x08000000, Size: 0x0000392c, Max: 0x00080000, ABSOLUTE)

    Execution Region ER_IROM1 (Exec base: 0x08000000, Load base: 0x08000000, Size: 0x000038a8, Max: 0x00080000, ABSOLUTE)

    Exec Addr    Load Addr    Size         Type   Attr      Idx    E Section Name        Object

    0x08000000   0x08000000   0x00000188   Data   RO            3    RESET               startup_stm32f407xx.o
    0x08000188   0x08000188   0x00000000   Code   RO         3655  * .ARM.Collect$$$$00000000  mc_w.l(entry.o)
    0x08000188   0x08000188   0x00000004   Code   RO         3722    .ARM.Collect$$$$00000001  mc_w.l(entry2.o)
    0x0800018c   0x0800018c   0x00000004   Code   RO         3725    .ARM.Collect$$$$00000004  mc_w.l(entry5.o)
    0x08000190   0x08000190   0x00000000   Code   RO         3727    .ARM.Collect$$$$00000008  mc_w.l(entry7b.o)
    0x08000190   0x08000190   0x00000000   Code   RO         3729    .ARM.Collect$$$$0000000A  mc_w.l(entry8b.o)
    0x08000190   0x08000190   0x00000008   Code   RO         3730    .ARM.Collect$$$$0000000B  mc_w.l(entry9a.o)
    0x08000198   0x08000198   0x00000000   Code   RO         3732    .ARM.Collect$$$$0000000D  mc_w.l(entry10a.o)
    0x08000198   0x08000198   0x00000000   Code   RO         3734    .ARM.Collect$$$$0000000F  mc_w.l(entry11a.o)
    0x08000198   0x08000198   0x00000004   Code   RO         3723    .ARM.Collect$$$$00002712  mc_w.l(entry2.o)
    0x0800019c   0x0800019c   0x00000024   Code   RO            4    .text               startup_stm32f407xx.o
    0x080001c0   0x080001c0   0x00000062   Code   RO         3658    .text               mc_w.l(uldiv.o)
    0x08000222   0x08000222   0x00000024   Code   RO         3660    .text               mc_w.l(memseta.o)
    0x08000246   0x08000246   0x000000e4   Code   RO         3666    .text               mf_w.l(dmul.o)
    0x0800032a   0x0800032a   0x00000026   Code   RO         3668    .text               mf_w.l(f2d.o)
    0x08000350   0x08000350   0x00000038   Code   RO         3670    .text               mf_w.l(d2f.o)
    0x08000388   0x08000388   0x0000001e   Code   RO         3736    .text               mc_w.l(llshl.o)
    0x080003a6   0x080003a6   0x00000020   Code   RO         3738    .text               mc_w.l(llushr.o)
    0x080003c6   0x080003c6   0x00000000   Code   RO         3751    .text               mc_w.l(iusefp.o)
    0x080003c6   0x080003c6   0x0000006e   Code   RO         3752    .text               mf_w.l(fepilogue.o)
    0x08000434   0x08000434   0x000000ba   Code   RO         3754    .text               mf_w.l(depilogue.o)
    0x080004ee   0x080004ee   0x0000014e   Code   RO         3756    .text               mf_w.l(dadd.o)
    0x0800063c   0x0800063c   0x000000de   Code   RO         3758    .text               mf_w.l(ddiv.o)
    0x0800071a   0x0800071a   0x00000002   PAD
    0x0800071c   0x0800071c   0x00000024   Code   RO         3762    .text               mc_w.l(init.o)
    0x08000740   0x08000740   0x00000024   Code   RO         3764    .text               mc_w.l(llsshr.o)
    0x08000764   0x08000764   0x000000a2   Code   RO         3804    .text               mf_w.l(dsqrt.o)
    0x08000806   0x08000806   0x00000022   Code   RO         3806    .text               mf_w.l(dflti.o)
    0x08000828   0x08000828   0x0000001a   Code   RO         3808    .text               mf_w.l(dfltui.o)
    0x08000842   0x08000842   0x0000003e   Code   RO         3810    .text               mf_w.l(dfixi.o)
    0x08000880   0x08000880   0x00000002   Code   RO          627    i.BusFault_Handler  stm32f4xx_it.o
    0x08000882   0x08000882   0x00000002   PAD
    0x08000884   0x08000884   0x000000c4   Code   RO          181    i.Control_Loop1     control.o
    0x08000948   0x08000948   0x00000002   Code   RO          628    i.DebugMon_Handler  stm32f4xx_it.o
    0x0800094a   0x0800094a   0x00000006   Code   RO          629    i.EXTI0_IRQHandler  stm32f4xx_it.o
    0x08000950   0x08000950   0x00000006   Code   RO          630    i.EXTI4_IRQHandler  stm32f4xx_it.o
    0x08000956   0x08000956   0x00000002   Code   RO          342    i.Error_Handler     main.o
    0x08000958   0x08000958   0x00000024   Code   RO         1665    i.HAL_DMA_Abort_IT  stm32f4xx_hal_dma.o
    0x0800097c   0x0800097c   0x00000020   Code   RO          343    i.HAL_GPIO_EXTI_Callback  main.o
    0x0800099c   0x0800099c   0x00000018   Code   RO         1556    i.HAL_GPIO_EXTI_IRQHandler  stm32f4xx_hal_gpio.o
    0x080009b4   0x080009b4   0x000001b8   Code   RO         1557    i.HAL_GPIO_Init     stm32f4xx_hal_gpio.o
    0x08000b6c   0x08000b6c   0x0000000a   Code   RO         1561    i.HAL_GPIO_WritePin  stm32f4xx_hal_gpio.o
    0x08000b76   0x08000b76   0x00000002   PAD
    0x08000b78   0x08000b78   0x0000000c   Code   RO         2089    i.HAL_GetTick       stm32f4xx_hal.o
    0x08000b84   0x08000b84   0x00000188   Code   RO          768    i.HAL_I2C_Init      stm32f4xx_hal_i2c.o
    0x08000d0c   0x08000d0c   0x000000a0   Code   RO          472    i.HAL_I2C_MspInit   i2c.o
    0x08000dac   0x08000dac   0x00000010   Code   RO         2095    i.HAL_IncTick       stm32f4xx_hal.o
    0x08000dbc   0x08000dbc   0x00000034   Code   RO         2096    i.HAL_Init          stm32f4xx_hal.o
    0x08000df0   0x08000df0   0x00000040   Code   RO         2097    i.HAL_InitTick      stm32f4xx_hal.o
    0x08000e30   0x08000e30   0x00000030   Code   RO          733    i.HAL_MspInit       stm32f4xx_hal_msp.o
    0x08000e60   0x08000e60   0x0000001a   Code   RO         1946    i.HAL_NVIC_EnableIRQ  stm32f4xx_hal_cortex.o
    0x08000e7a   0x08000e7a   0x00000002   PAD
    0x08000e7c   0x08000e7c   0x00000040   Code   RO         1952    i.HAL_NVIC_SetPriority  stm32f4xx_hal_cortex.o
    0x08000ebc   0x08000ebc   0x00000024   Code   RO         1953    i.HAL_NVIC_SetPriorityGrouping  stm32f4xx_hal_cortex.o
    0x08000ee0   0x08000ee0   0x00000134   Code   RO         1203    i.HAL_RCC_ClockConfig  stm32f4xx_hal_rcc.o
    0x08001014   0x08001014   0x00000020   Code   RO         1210    i.HAL_RCC_GetPCLK1Freq  stm32f4xx_hal_rcc.o
    0x08001034   0x08001034   0x00000020   Code   RO         1211    i.HAL_RCC_GetPCLK2Freq  stm32f4xx_hal_rcc.o
    0x08001054   0x08001054   0x00000060   Code   RO         1212    i.HAL_RCC_GetSysClockFreq  stm32f4xx_hal_rcc.o
    0x080010b4   0x080010b4   0x0000035c   Code   RO         1215    i.HAL_RCC_OscConfig  stm32f4xx_hal_rcc.o
    0x08001410   0x08001410   0x00000028   Code   RO         1957    i.HAL_SYSTICK_Config  stm32f4xx_hal_cortex.o
    0x08001438   0x08001438   0x00000002   Code   RO         3011    i.HAL_TIMEx_BreakCallback  stm32f4xx_hal_tim_ex.o
    0x0800143a   0x0800143a   0x00000002   Code   RO         3012    i.HAL_TIMEx_CommutCallback  stm32f4xx_hal_tim_ex.o
    0x0800143c   0x0800143c   0x00000054   Code   RO         3014    i.HAL_TIMEx_ConfigBreakDeadTime  stm32f4xx_hal_tim_ex.o
    0x08001490   0x08001490   0x00000090   Code   RO         3029    i.HAL_TIMEx_MasterConfigSynchronization  stm32f4xx_hal_tim_ex.o
    0x08001520   0x08001520   0x00000036   Code   RO         2336    i.HAL_TIM_Base_Init  stm32f4xx_hal_tim.o
    0x08001556   0x08001556   0x00000002   PAD
    0x08001558   0x08001558   0x00000060   Code   RO          520    i.HAL_TIM_Base_MspInit  tim.o
    0x080015b8   0x080015b8   0x00000022   Code   RO         2341    i.HAL_TIM_Base_Start_IT  stm32f4xx_hal_tim.o
    0x080015da   0x080015da   0x000000d6   Code   RO         2345    i.HAL_TIM_ConfigClockSource  stm32f4xx_hal_tim.o
    0x080016b0   0x080016b0   0x00000002   Code   RO         2365    i.HAL_TIM_IC_CaptureCallback  stm32f4xx_hal_tim.o
    0x080016b2   0x080016b2   0x00000166   Code   RO         2379    i.HAL_TIM_IRQHandler  stm32f4xx_hal_tim.o
    0x08001818   0x08001818   0x000000a8   Code   RO          521    i.HAL_TIM_MspPostInit  tim.o
    0x080018c0   0x080018c0   0x00000002   Code   RO         2382    i.HAL_TIM_OC_DelayElapsedCallback  stm32f4xx_hal_tim.o
    0x080018c2   0x080018c2   0x000000d0   Code   RO         2403    i.HAL_TIM_PWM_ConfigChannel  stm32f4xx_hal_tim.o
    0x08001992   0x08001992   0x00000036   Code   RO         2406    i.HAL_TIM_PWM_Init  stm32f4xx_hal_tim.o
    0x080019c8   0x080019c8   0x00000002   Code   RO         2408    i.HAL_TIM_PWM_MspInit  stm32f4xx_hal_tim.o
    0x080019ca   0x080019ca   0x00000002   Code   RO         2409    i.HAL_TIM_PWM_PulseFinishedCallback  stm32f4xx_hal_tim.o
    0x080019cc   0x080019cc   0x00000044   Code   RO         2411    i.HAL_TIM_PWM_Start  stm32f4xx_hal_tim.o
    0x08001a10   0x08001a10   0x00000014   Code   RO          344    i.HAL_TIM_PeriodElapsedCallback  main.o
    0x08001a24   0x08001a24   0x00000002   Code   RO         2422    i.HAL_TIM_TriggerCallback  stm32f4xx_hal_tim.o
    0x08001a26   0x08001a26   0x00000002   Code   RO         3283    i.HAL_UART_ErrorCallback  stm32f4xx_hal_uart.o
    0x08001a28   0x08001a28   0x00000114   Code   RO         3286    i.HAL_UART_IRQHandler  stm32f4xx_hal_uart.o
    0x08001b3c   0x08001b3c   0x00000062   Code   RO         3287    i.HAL_UART_Init     stm32f4xx_hal_uart.o
    0x08001b9e   0x08001b9e   0x00000002   PAD
    0x08001ba0   0x08001ba0   0x000000cc   Code   RO          580    i.HAL_UART_MspInit  usart.o
    0x08001c6c   0x08001c6c   0x00000052   Code   RO         3292    i.HAL_UART_Receive_IT  stm32f4xx_hal_uart.o
    0x08001cbe   0x08001cbe   0x00000002   PAD
    0x08001cc0   0x08001cc0   0x0000003c   Code   RO          345    i.HAL_UART_RxCpltCallback  main.o
    0x08001cfc   0x08001cfc   0x00000002   Code   RO         3298    i.HAL_UART_TxCpltCallback  stm32f4xx_hal_uart.o
    0x08001cfe   0x08001cfe   0x00000002   Code   RO          631    i.HardFault_Handler  stm32f4xx_it.o
    0x08001d00   0x08001d00   0x000000d8   Code   RO          447    i.MX_GPIO_Init      gpio.o
    0x08001dd8   0x08001dd8   0x00000040   Code   RO          473    i.MX_I2C1_Init      i2c.o
    0x08001e18   0x08001e18   0x00000040   Code   RO          474    i.MX_I2C2_Init      i2c.o
    0x08001e58   0x08001e58   0x000000fc   Code   RO          522    i.MX_TIM1_Init      tim.o
    0x08001f54   0x08001f54   0x000000ac   Code   RO          523    i.MX_TIM2_Init      tim.o
    0x08002000   0x08002000   0x0000006c   Code   RO          524    i.MX_TIM5_Init      tim.o
    0x0800206c   0x0800206c   0x00000038   Code   RO          581    i.MX_USART1_UART_Init  usart.o
    0x080020a4   0x080020a4   0x00000038   Code   RO          582    i.MX_USART2_UART_Init  usart.o
    0x080020dc   0x080020dc   0x00000002   Code   RO          632    i.MemManage_Handler  stm32f4xx_it.o
    0x080020de   0x080020de   0x00000002   PAD
    0x080020e0   0x080020e0   0x0000007c   Code   RO           15    i.Motor_X_speed     motor.o
    0x0800215c   0x0800215c   0x0000007c   Code   RO           16    i.Motor_Y_speed     motor.o
    0x080021d8   0x080021d8   0x0000002c   Code   RO           17    i.Motor_init        motor.o
    0x08002204   0x08002204   0x00000002   Code   RO          633    i.NMI_Handler       stm32f4xx_it.o
    0x08002206   0x08002206   0x00000002   Code   RO          634    i.PendSV_Handler    stm32f4xx_it.o
    0x08002208   0x08002208   0x00000044   Code   RO          182    i.Position_PID_X    control.o
    0x0800224c   0x0800224c   0x00000044   Code   RO          183    i.Position_PID_Y    control.o
    0x08002290   0x08002290   0x00000002   Code   RO          635    i.SVC_Handler       stm32f4xx_it.o
    0x08002292   0x08002292   0x00000004   Code   RO          636    i.SysTick_Handler   stm32f4xx_it.o
    0x08002296   0x08002296   0x00000002   PAD
    0x08002298   0x08002298   0x00000084   Code   RO          346    i.SystemClock_Config  main.o
    0x0800231c   0x0800231c   0x0000001c   Code   RO         3589    i.SystemInit        system_stm32f4xx.o
    0x08002338   0x08002338   0x0000000c   Code   RO          637    i.TIM5_IRQHandler   stm32f4xx_it.o
    0x08002344   0x08002344   0x000000c8   Code   RO         2424    i.TIM_Base_SetConfig  stm32f4xx_hal_tim.o
    0x0800240c   0x0800240c   0x0000001a   Code   RO         2425    i.TIM_CCxChannelCmd  stm32f4xx_hal_tim.o
    0x08002426   0x08002426   0x00000014   Code   RO         2435    i.TIM_ETR_SetConfig  stm32f4xx_hal_tim.o
    0x0800243a   0x0800243a   0x00000010   Code   RO         2436    i.TIM_ITRx_SetConfig  stm32f4xx_hal_tim.o
    0x0800244a   0x0800244a   0x00000002   PAD
    0x0800244c   0x0800244c   0x00000060   Code   RO         2437    i.TIM_OC1_SetConfig  stm32f4xx_hal_tim.o
    0x080024ac   0x080024ac   0x0000006c   Code   RO         2438    i.TIM_OC2_SetConfig  stm32f4xx_hal_tim.o
    0x08002518   0x08002518   0x00000068   Code   RO         2439    i.TIM_OC3_SetConfig  stm32f4xx_hal_tim.o
    0x08002580   0x08002580   0x00000050   Code   RO         2440    i.TIM_OC4_SetConfig  stm32f4xx_hal_tim.o
    0x080025d0   0x080025d0   0x00000022   Code   RO         2442    i.TIM_TI1_ConfigInputStage  stm32f4xx_hal_tim.o
    0x080025f2   0x080025f2   0x00000024   Code   RO         2444    i.TIM_TI2_ConfigInputStage  stm32f4xx_hal_tim.o
    0x08002616   0x08002616   0x00000010   Code   RO         3300    i.UART_DMAAbortOnError  stm32f4xx_hal_uart.o
    0x08002626   0x08002626   0x0000001c   Code   RO         3310    i.UART_EndRxTransfer  stm32f4xx_hal_uart.o
    0x08002642   0x08002642   0x00000096   Code   RO         3312    i.UART_Receive_IT   stm32f4xx_hal_uart.o
    0x080026d8   0x080026d8   0x00000128   Code   RO         3313    i.UART_SetConfig    stm32f4xx_hal_uart.o
    0x08002800   0x08002800   0x00000062   Code   RO         3314    i.UART_Transmit_IT  stm32f4xx_hal_uart.o
    0x08002862   0x08002862   0x00000002   PAD
    0x08002864   0x08002864   0x0000000c   Code   RO          638    i.USART1_IRQHandler  stm32f4xx_it.o
    0x08002870   0x08002870   0x0000000c   Code   RO          639    i.USART2_IRQHandler  stm32f4xx_it.o
    0x0800287c   0x0800287c   0x00000002   Code   RO          640    i.UsageFault_Handler  stm32f4xx_it.o
    0x0800287e   0x0800287e   0x00000030   Code   RO         3695    i.__ARM_fpclassify  m_wm.l(fpclassify.o)
    0x080028ae   0x080028ae   0x00000020   Code   RO         1959    i.__NVIC_SetPriority  stm32f4xx_hal_cortex.o
    0x080028ce   0x080028ce   0x00000002   PAD
    0x080028d0   0x080028d0   0x00000360   Code   RO         3623    i.__hardfp_asin     m_wm.l(asin.o)
    0x08002c30   0x08002c30   0x000000c8   Code   RO         3643    i.__hardfp_sin      m_wm.l(sin.o)
    0x08002cf8   0x08002cf8   0x00000438   Code   RO         3699    i.__ieee754_rem_pio2  m_wm.l(rred.o)
    0x08003130   0x08003130   0x00000170   Code   RO         3672    i.__kernel_cos      m_wm.l(cos_i.o)
    0x080032a0   0x080032a0   0x000000f8   Code   RO         3697    i.__kernel_poly     m_wm.l(poly.o)
    0x08003398   0x08003398   0x00000130   Code   RO         3704    i.__kernel_sin      m_wm.l(sin_i.o)
    0x080034c8   0x080034c8   0x00000014   Code   RO         3676    i.__mathlib_dbl_infnan  m_wm.l(dunder.o)
    0x080034dc   0x080034dc   0x00000004   PAD
    0x080034e0   0x080034e0   0x00000020   Code   RO         3678    i.__mathlib_dbl_invalid  m_wm.l(dunder.o)
    0x08003500   0x08003500   0x00000020   Code   RO         3681    i.__mathlib_dbl_underflow  m_wm.l(dunder.o)
    0x08003520   0x08003520   0x0000000e   Code   RO         3823    i.__scatterload_copy  mc_w.l(handlers.o)
    0x0800352e   0x0800352e   0x00000002   Code   RO         3824    i.__scatterload_null  mc_w.l(handlers.o)
    0x08003530   0x08003530   0x0000000e   Code   RO         3825    i.__scatterload_zeroinit  mc_w.l(handlers.o)
    0x0800353e   0x0800353e   0x00000002   PAD
    0x08003540   0x08003540   0x0000000c   Code   RO         3742    i.__set_errno       mc_w.l(errno.o)
    0x0800354c   0x0800354c   0x00000074   Code   RO          245    i.angle_dateprocess  uart_handler.o
    0x080035c0   0x080035c0   0x0000005c   Code   RO          246    i.angle_rec         uart_handler.o
    0x0800361c   0x0800361c   0x00000018   Code   RO         3691    i.fabs              m_wm.l(fabs.o)
    0x08003634   0x08003634   0x0000005c   Code   RO          349    i.main              main.o
    0x08003690   0x08003690   0x0000006e   Code   RO         3712    i.sqrt              m_wm.l(sqrt.o)
    0x080036fe   0x080036fe   0x00000010   Data   RO         3590    .constdata          system_stm32f4xx.o
    0x0800370e   0x0800370e   0x00000008   Data   RO         3591    .constdata          system_stm32f4xx.o
    0x08003716   0x08003716   0x00000002   PAD
    0x08003718   0x08003718   0x00000050   Data   RO         3626    .constdata          m_wm.l(asin.o)
    0x08003768   0x08003768   0x00000030   Data   RO         3673    .constdata          m_wm.l(cos_i.o)
    0x08003798   0x08003798   0x000000c8   Data   RO         3701    .constdata          m_wm.l(rred.o)
    0x08003860   0x08003860   0x00000028   Data   RO         3705    .constdata          m_wm.l(sin_i.o)
    0x08003888   0x08003888   0x00000020   Data   RO         3821    Region$$Table       anon$$obj.o


    Execution Region RW_IRAM2 (Exec base: 0x10000000, Load base: 0x0800392c, Size: 0x00000000, Max: 0x00010000, ABSOLUTE)

    **** No section assigned to this execution region ****


    Execution Region RW_IRAM1 (Exec base: 0x20000000, Load base: 0x080038a8, Size: 0x00002368, Max: 0x00020000, ABSOLUTE)

    Exec Addr    Load Addr    Size         Type   Attr      Idx    E Section Name        Object

    0x20000000   0x080038a8   0x00000040   Data   RW          184    .data               control.o
    0x20000040   0x080038e8   0x0000001c   Data   RW          248    .data               uart_handler.o
    0x2000005c   0x08003904   0x00000006   Data   RW          363    .data               main.o
    0x20000062   0x0800390a   0x00000002   PAD
    0x20000064   0x0800390c   0x00000004   Data   RW          374    .data               main.o
    0x20000068   0x08003910   0x00000004   Data   RW          375    .data               main.o
    0x2000006c   0x08003914   0x00000004   Data   RW          376    .data               main.o
    0x20000070   0x08003918   0x0000000c   Data   RW         2103    .data               stm32f4xx_hal.o
    0x2000007c   0x08003924   0x00000004   Data   RW         3592    .data               system_stm32f4xx.o
    0x20000080   0x08003928   0x00000004   Data   RW         3743    .data               mc_w.l(errno.o)
    0x20000084        -       0x000000fa   Zero   RW          247    .bss                uart_handler.o
    0x2000017e   0x0800392c   0x00000002   PAD
    0x20000180        -       0x000000a8   Zero   RW          475    .bss                i2c.o
    0x20000228        -       0x000000c0   Zero   RW          525    .bss                tim.o
    0x200002e8        -       0x00000080   Zero   RW          583    .bss                usart.o
    0x20000368        -       0x00002000   Zero   RW            1    STACK               startup_stm32f407xx.o


==============================================================================

Image component sizes


      Code (inc. data)   RO Data    RW Data    ZI Data      Debug   Object Name

       332         42          0         64          0       3050   control.o
       216         18          0          0          0       1027   gpio.o
       288         46          0          0        168       2318   i2c.o
       338         52          0         18          0       5212   main.o
       292         26          0          0          0     694117   motor.o
        36          8        392          0       8192        840   startup_stm32f407xx.o
       144         24          0         12          0       8793   stm32f4xx_hal.o
       198         14          0          0          0      33971   stm32f4xx_hal_cortex.o
        36          0          0          0          0       1219   stm32f4xx_hal_dma.o
       474         52          0          0          0       3039   stm32f4xx_hal_gpio.o
       392         16          0          0          0       3111   stm32f4xx_hal_i2c.o
        48          6          0          0          0        838   stm32f4xx_hal_msp.o
      1328         72          0          0          0       5252   stm32f4xx_hal_rcc.o
      1720         90          0          0          0      16590   stm32f4xx_hal_tim.o
       232         28          0          0          0       3293   stm32f4xx_hal_tim_ex.o
      1048         16          0          0          0       7747   stm32f4xx_hal_uart.o
        68         18          0          0          0       6422   stm32f4xx_it.o
        28          6         24          4          0       1143   system_stm32f4xx.o
       796         60          0          0        192       4054   tim.o
       208         36          0         28        250       2057   uart_handler.o
       316         36          0          0        128       2391   usart.o

    ----------------------------------------------------------------------
      8560        666        450        128       8932     806484   Object Totals
         0          0         32          0          0          0   (incl. Generated)
        22          0          2          2          2          0   (incl. Padding)

    ----------------------------------------------------------------------

      Code (inc. data)   RO Data    RW Data    ZI Data      Debug   Library Member Name

       864         94         80          0          0        280   asin.o
       368         46         48          0          0        200   cos_i.o
        84         16          0          0          0        372   dunder.o
        24          0          0          0          0        124   fabs.o
        48          0          0          0          0        124   fpclassify.o
       248          0          0          0          0        152   poly.o
      1080        142        200          0          0        188   rred.o
       200         20          0          0          0        164   sin.o
       304         24         40          0          0        208   sin_i.o
       110          0          0          0          0        148   sqrt.o
         0          0          0          0          0          0   entry.o
         0          0          0          0          0          0   entry10a.o
         0          0          0          0          0          0   entry11a.o
         8          4          0          0          0          0   entry2.o
         4          0          0          0          0          0   entry5.o
         0          0          0          0          0          0   entry7b.o
         0          0          0          0          0          0   entry8b.o
         8          4          0          0          0          0   entry9a.o
        12          6          0          4          0         68   errno.o
        30          0          0          0          0          0   handlers.o
        36          8          0          0          0         68   init.o
         0          0          0          0          0          0   iusefp.o
        30          0          0          0          0         68   llshl.o
        36          0          0          0          0         68   llsshr.o
        32          0          0          0          0         68   llushr.o
        36          0          0          0          0        108   memseta.o
        98          0          0          0          0         92   uldiv.o
        56          0          0          0          0         88   d2f.o
       334          0          0          0          0        148   dadd.o
       222          0          0          0          0        100   ddiv.o
       186          0          0          0          0        176   depilogue.o
        62          0          0          0          0         80   dfixi.o
        34          0          0          0          0         76   dflti.o
        26          0          0          0          0         76   dfltui.o
       228          0          0          0          0         96   dmul.o
       162          0          0          0          0        100   dsqrt.o
        38          0          0          0          0         68   f2d.o
       110          0          0          0          0        168   fepilogue.o

    ----------------------------------------------------------------------
      5126        364        368          4          0       3676   Library Totals
         8          0          0          0          0          0   (incl. Padding)

    ----------------------------------------------------------------------

      Code (inc. data)   RO Data    RW Data    ZI Data      Debug   Library Name

      3330        342        368          0          0       1960   m_wm.l
       330         22          0          4          0        540   mc_w.l
      1458          0          0          0          0       1176   mf_w.l

    ----------------------------------------------------------------------
      5126        364        368          4          0       3676   Library Totals

    ----------------------------------------------------------------------

==============================================================================


      Code (inc. data)   RO Data    RW Data    ZI Data      Debug   

     13686       1030        818        132       8932     799584   Grand Totals
     13686       1030        818        132       8932     799584   ELF Image Totals
     13686       1030        818        132          0          0   ROM Totals

==============================================================================

    Total RO  Size (Code + RO Data)                14504 (  14.16kB)
    Total RW  Size (RW Data + ZI Data)              9064 (   8.85kB)
    Total ROM Size (Code + RO Data + RW Data)      14636 (  14.29kB)

==============================================================================

