Component: ARM Compiler 5.06 update 6 (build 750) Tool: armlink [4d35ed]

==============================================================================

Section Cross References

    startup_stm32f407xx.o(RESET) refers to startup_stm32f407xx.o(STACK) for __initial_sp
    startup_stm32f407xx.o(RESET) refers to startup_stm32f407xx.o(.text) for Reset_Handler
    startup_stm32f407xx.o(RESET) refers to stm32f4xx_it.o(i.NMI_Handler) for NMI_Handler
    startup_stm32f407xx.o(RESET) refers to stm32f4xx_it.o(i.HardFault_Handler) for HardFault_Handler
    startup_stm32f407xx.o(RESET) refers to stm32f4xx_it.o(i.MemManage_Handler) for MemManage_Handler
    startup_stm32f407xx.o(RESET) refers to stm32f4xx_it.o(i.BusFault_Handler) for BusFault_Handler
    startup_stm32f407xx.o(RESET) refers to stm32f4xx_it.o(i.UsageFault_Handler) for UsageFault_Handler
    startup_stm32f407xx.o(RESET) refers to stm32f4xx_it.o(i.SVC_Handler) for SVC_Handler
    startup_stm32f407xx.o(RESET) refers to stm32f4xx_it.o(i.DebugMon_Handler) for DebugMon_Handler
    startup_stm32f407xx.o(RESET) refers to stm32f4xx_it.o(i.PendSV_Handler) for PendSV_Handler
    startup_stm32f407xx.o(RESET) refers to stm32f4xx_it.o(i.SysTick_Handler) for SysTick_Handler
    startup_stm32f407xx.o(RESET) refers to stm32f4xx_it.o(i.EXTI0_IRQHandler) for EXTI0_IRQHandler
    startup_stm32f407xx.o(RESET) refers to stm32f4xx_it.o(i.EXTI4_IRQHandler) for EXTI4_IRQHandler
    startup_stm32f407xx.o(RESET) refers to stm32f4xx_it.o(i.USART1_IRQHandler) for USART1_IRQHandler
    startup_stm32f407xx.o(RESET) refers to stm32f4xx_it.o(i.USART2_IRQHandler) for USART2_IRQHandler
    startup_stm32f407xx.o(RESET) refers to stm32f4xx_it.o(i.TIM5_IRQHandler) for TIM5_IRQHandler
    startup_stm32f407xx.o(.text) refers to system_stm32f4xx.o(i.SystemInit) for SystemInit
    startup_stm32f407xx.o(.text) refers to entry.o(.ARM.Collect$$$$00000000) for __main
    main.o(i.HAL_GPIO_EXTI_Callback) refers to main.o(.data) for .data
    main.o(i.HAL_TIM_PeriodElapsedCallback) refers to dfltui.o(.text) for __aeabi_ui2d
    main.o(i.HAL_TIM_PeriodElapsedCallback) refers to ddiv.o(.text) for __aeabi_ddiv
    main.o(i.HAL_TIM_PeriodElapsedCallback) refers to dfixui.o(.text) for __aeabi_d2uiz
    main.o(i.HAL_TIM_PeriodElapsedCallback) refers to d2f.o(.text) for __aeabi_d2f
    main.o(i.HAL_TIM_PeriodElapsedCallback) refers to tim.o(.bss) for htim5
    main.o(i.HAL_TIM_PeriodElapsedCallback) refers to main.o(.data) for .data
    main.o(i.HAL_UART_RxCpltCallback) refers to uart_handler.o(i.Uart_Get) for Uart_Get
    main.o(i.HAL_UART_RxCpltCallback) refers to control.o(i.Position_PID_Y) for Position_PID_Y
    main.o(i.HAL_UART_RxCpltCallback) refers to control.o(i.Position_PID_X) for Position_PID_X
    main.o(i.HAL_UART_RxCpltCallback) refers to servo.o(i.servo_adjust) for servo_adjust
    main.o(i.HAL_UART_RxCpltCallback) refers to stm32f4xx_hal_uart.o(i.HAL_UART_Receive_IT) for HAL_UART_Receive_IT
    main.o(i.HAL_UART_RxCpltCallback) refers to main.o(.data) for .data
    main.o(i.HAL_UART_RxCpltCallback) refers to main.o(.bss) for .bss
    main.o(i.HAL_UART_RxCpltCallback) refers to usart.o(.bss) for huart1
    main.o(i.SystemClock_Config) refers to memseta.o(.text) for __aeabi_memclr4
    main.o(i.SystemClock_Config) refers to stm32f4xx_hal_rcc.o(i.HAL_RCC_OscConfig) for HAL_RCC_OscConfig
    main.o(i.SystemClock_Config) refers to stm32f4xx_hal_rcc.o(i.HAL_RCC_ClockConfig) for HAL_RCC_ClockConfig
    main.o(i.fgetc) refers to stm32f4xx_hal_uart.o(i.HAL_UART_Receive) for HAL_UART_Receive
    main.o(i.fgetc) refers to usart.o(.bss) for huart1
    main.o(i.fputc) refers to stm32f4xx_hal_uart.o(i.HAL_UART_Transmit) for HAL_UART_Transmit
    main.o(i.fputc) refers to usart.o(.bss) for huart1
    main.o(i.main) refers to stm32f4xx_hal.o(i.HAL_Init) for HAL_Init
    main.o(i.main) refers to main.o(i.SystemClock_Config) for SystemClock_Config
    main.o(i.main) refers to gpio.o(i.MX_GPIO_Init) for MX_GPIO_Init
    main.o(i.main) refers to tim.o(i.MX_TIM1_Init) for MX_TIM1_Init
    main.o(i.main) refers to usart.o(i.MX_USART1_UART_Init) for MX_USART1_UART_Init
    main.o(i.main) refers to i2c.o(i.MX_I2C1_Init) for MX_I2C1_Init
    main.o(i.main) refers to tim.o(i.MX_TIM2_Init) for MX_TIM2_Init
    main.o(i.main) refers to i2c.o(i.MX_I2C2_Init) for MX_I2C2_Init
    main.o(i.main) refers to tim.o(i.MX_TIM5_Init) for MX_TIM5_Init
    main.o(i.main) refers to usart.o(i.MX_USART2_UART_Init) for MX_USART2_UART_Init
    main.o(i.main) refers to motor.o(i.Motor_init) for Motor_init
    main.o(i.main) refers to mlx90614.o(i.MLX90614_Init) for MLX90614_Init
    main.o(i.main) refers to mlx90614.o(i.MLX90614_SetEmissivity) for MLX90614_SetEmissivity
    main.o(i.main) refers to stm32f4xx_hal_uart.o(i.HAL_UART_Receive_IT) for HAL_UART_Receive_IT
    main.o(i.main) refers to stm32f4xx_hal_tim.o(i.HAL_TIM_Base_Start_IT) for HAL_TIM_Base_Start_IT
    main.o(i.main) refers to servo.o(i.servo_init) for servo_init
[...]
    i.HAL_RCC_ClockConfig                    0x080018a8   Section        0  stm32f4xx_hal_rcc.o(i.HAL_RCC_ClockConfig)
    i.HAL_RCC_GetPCLK1Freq                   0x080019dc   Section        0  stm32f4xx_hal_rcc.o(i.HAL_RCC_GetPCLK1Freq)
    i.HAL_RCC_GetPCLK2Freq                   0x080019fc   Section        0  stm32f4xx_hal_rcc.o(i.HAL_RCC_GetPCLK2Freq)
    i.HAL_RCC_GetSysClockFreq                0x08001a1c   Section        0  stm32f4xx_hal_rcc.o(i.HAL_RCC_GetSysClockFreq)
    i.HAL_RCC_OscConfig                      0x08001a7c   Section        0  stm32f4xx_hal_rcc.o(i.HAL_RCC_OscConfig)
    i.HAL_SYSTICK_Config                     0x08001dd8   Section        0  stm32f4xx_hal_cortex.o(i.HAL_SYSTICK_Config)
    i.HAL_TIMEx_BreakCallback                0x08001e00   Section        0  stm32f4xx_hal_tim_ex.o(i.HAL_TIMEx_BreakCallback)
    i.HAL_TIMEx_CommutCallback               0x08001e02   Section        0  stm32f4xx_hal_tim_ex.o(i.HAL_TIMEx_CommutCallback)
    i.HAL_TIMEx_ConfigBreakDeadTime          0x08001e04   Section        0  stm32f4xx_hal_tim_ex.o(i.HAL_TIMEx_ConfigBreakDeadTime)
    i.HAL_TIMEx_MasterConfigSynchronization  0x08001e58   Section        0  stm32f4xx_hal_tim_ex.o(i.HAL_TIMEx_MasterConfigSynchronization)
    i.HAL_TIM_Base_Init                      0x08001ee8   Section        0  stm32f4xx_hal_tim.o(i.HAL_TIM_Base_Init)
    i.HAL_TIM_Base_MspInit                   0x08001f20   Section        0  tim.o(i.HAL_TIM_Base_MspInit)
    i.HAL_TIM_Base_Start_IT                  0x08001f80   Section        0  stm32f4xx_hal_tim.o(i.HAL_TIM_Base_Start_IT)
    i.HAL_TIM_ConfigClockSource              0x08001fa2   Section        0  stm32f4xx_hal_tim.o(i.HAL_TIM_ConfigClockSource)
    i.HAL_TIM_IC_CaptureCallback             0x08002078   Section        0  stm32f4xx_hal_tim.o(i.HAL_TIM_IC_CaptureCallback)
    i.HAL_TIM_IRQHandler                     0x0800207a   Section        0  stm32f4xx_hal_tim.o(i.HAL_TIM_IRQHandler)
    i.HAL_TIM_MspPostInit                    0x080021e0   Section        0  tim.o(i.HAL_TIM_MspPostInit)
    i.HAL_TIM_OC_DelayElapsedCallback        0x08002288   Section        0  stm32f4xx_hal_tim.o(i.HAL_TIM_OC_DelayElapsedCallback)
    i.HAL_TIM_PWM_ConfigChannel              0x0800228a   Section        0  stm32f4xx_hal_tim.o(i.HAL_TIM_PWM_ConfigChannel)
    i.HAL_TIM_PWM_Init                       0x0800235a   Section        0  stm32f4xx_hal_tim.o(i.HAL_TIM_PWM_Init)
    i.HAL_TIM_PWM_MspInit                    0x08002390   Section        0  stm32f4xx_hal_tim.o(i.HAL_TIM_PWM_MspInit)
    i.HAL_TIM_PWM_PulseFinishedCallback      0x08002392   Section        0  stm32f4xx_hal_tim.o(i.HAL_TIM_PWM_PulseFinishedCallback)
    i.HAL_TIM_PWM_Start                      0x08002394   Section        0  stm32f4xx_hal_tim.o(i.HAL_TIM_PWM_Start)
    i.HAL_TIM_PeriodElapsedCallback          0x080023d8   Section        0  main.o(i.HAL_TIM_PeriodElapsedCallback)
    i.HAL_TIM_TriggerCallback                0x0800247c   Section        0  stm32f4xx_hal_tim.o(i.HAL_TIM_TriggerCallback)
    i.HAL_UART_ErrorCallback                 0x0800247e   Section        0  stm32f4xx_hal_uart.o(i.HAL_UART_ErrorCallback)
    i.HAL_UART_IRQHandler                    0x08002480   Section        0  stm32f4xx_hal_uart.o(i.HAL_UART_IRQHandler)
    i.HAL_UART_Init                          0x08002594   Section        0  stm32f4xx_hal_uart.o(i.HAL_UART_Init)
    i.HAL_UART_MspInit                       0x080025f8   Section        0  usart.o(i.HAL_UART_MspInit)
    i.HAL_UART_Receive_IT                    0x080026c4   Section        0  stm32f4xx_hal_uart.o(i.HAL_UART_Receive_IT)
    i.HAL_UART_RxCpltCallback                0x08002718   Section        0  main.o(i.HAL_UART_RxCpltCallback)
    i.HAL_UART_Transmit                      0x080027c8   Section        0  stm32f4xx_hal_uart.o(i.HAL_UART_Transmit)
    i.HAL_UART_TxCpltCallback                0x08002882   Section        0  stm32f4xx_hal_uart.o(i.HAL_UART_TxCpltCallback)
    i.HardFault_Handler                      0x08002884   Section        0  stm32f4xx_it.o(i.HardFault_Handler)
    i.I2C_IsAcknowledgeFailed                0x08002886   Section        0  stm32f4xx_hal_i2c.o(i.I2C_IsAcknowledgeFailed)
    I2C_IsAcknowledgeFailed                  0x08002887   Thumb Code    46  stm32f4xx_hal_i2c.o(i.I2C_IsAcknowledgeFailed)
    i.I2C_RequestMemoryRead                  0x080028b4   Section        0  stm32f4xx_hal_i2c.o(i.I2C_RequestMemoryRead)
    I2C_RequestMemoryRead                    0x080028b5   Thumb Code   246  stm32f4xx_hal_i2c.o(i.I2C_RequestMemoryRead)
    i.I2C_RequestMemoryWrite                 0x080029b0   Section        0  stm32f4xx_hal_i2c.o(i.I2C_RequestMemoryWrite)
    I2C_RequestMemoryWrite                   0x080029b1   Thumb Code   162  stm32f4xx_hal_i2c.o(i.I2C_RequestMemoryWrite)
    i.I2C_WaitOnBTFFlagUntilTimeout          0x08002a58   Section        0  stm32f4xx_hal_i2c.o(i.I2C_WaitOnBTFFlagUntilTimeout)
    I2C_WaitOnBTFFlagUntilTimeout            0x08002a59   Thumb Code    76  stm32f4xx_hal_i2c.o(i.I2C_WaitOnBTFFlagUntilTimeout)
    i.I2C_WaitOnFlagUntilTimeout             0x08002aa4   Section        0  stm32f4xx_hal_i2c.o(i.I2C_WaitOnFlagUntilTimeout)
    I2C_WaitOnFlagUntilTimeout               0x08002aa5   Thumb Code   104  stm32f4xx_hal_i2c.o(i.I2C_WaitOnFlagUntilTimeout)
    i.I2C_WaitOnMasterAddressFlagUntilTimeout 0x08002b0c   Section        0  stm32f4xx_hal_i2c.o(i.I2C_WaitOnMasterAddressFlagUntilTimeout)
    I2C_WaitOnMasterAddressFlagUntilTimeout  0x08002b0d   Thumb Code   150  stm32f4xx_hal_i2c.o(i.I2C_WaitOnMasterAddressFlagUntilTimeout)
    i.I2C_WaitOnRXNEFlagUntilTimeout         0x08002ba2   Section        0  stm32f4xx_hal_i2c.o(i.I2C_WaitOnRXNEFlagUntilTimeout)
    I2C_WaitOnRXNEFlagUntilTimeout           0x08002ba3   Thumb Code   102  stm32f4xx_hal_i2c.o(i.I2C_WaitOnRXNEFlagUntilTimeout)
    i.I2C_WaitOnTXEFlagUntilTimeout          0x08002c08   Section        0  stm32f4xx_hal_i2c.o(i.I2C_WaitOnTXEFlagUntilTimeout)
    I2C_WaitOnTXEFlagUntilTimeout            0x08002c09   Thumb Code    76  stm32f4xx_hal_i2c.o(i.I2C_WaitOnTXEFlagUntilTimeout)
    i.MLX90614_Init                          0x08002c54   Section        0  mlx90614.o(i.MLX90614_Init)
    i.MLX90614_KelvinToCelsius               0x08002c60   Section        0  mlx90614.o(i.MLX90614_KelvinToCelsius)
    i.MLX90614_Read16                        0x08002c98   Section        0  mlx90614.o(i.MLX90614_Read16)
    i.MLX90614_Read16Eeprom                  0x08002ccc   Section        0  mlx90614.o(i.MLX90614_Read16Eeprom)
    i.MLX90614_ReadAmbientTemperature        0x08002d04   Section        0  mlx90614.o(i.MLX90614_ReadAmbientTemperature)
    i.MLX90614_ReadObjectTemperature         0x08002d26   Section        0  mlx90614.o(i.MLX90614_ReadObjectTemperature)
    i.MLX90614_SetEmissivity                 0x08002d48   Section        0  mlx90614.o(i.MLX90614_SetEmissivity)
    i.MLX90614_Write16Crc                    0x08002e00   Section        0  mlx90614.o(i.MLX90614_Write16Crc)
    i.MLX90614_Write16Eeprom                 0x08002e5c   Section        0  mlx90614.o(i.MLX90614_Write16Eeprom)
    i.MX_GPIO_Init                           0x08002e98   Section        0  gpio.o(i.MX_GPIO_Init)
    i.MX_I2C1_Init                           0x08002f60   Section        0  i2c.o(i.MX_I2C1_Init)
    i.MX_I2C2_Init                           0x08002fa0   Section        0  i2c.o(i.MX_I2C2_Init)
    i.MX_TIM1_Init                           0x08002fe0   Section        0  tim.o(i.MX_TIM1_Init)
    i.MX_TIM2_Init                           0x080030dc   Section        0  tim.o(i.MX_TIM2_Init)
    i.MX_TIM5_Init                           0x08003188   Section        0  tim.o(i.MX_TIM5_Init)
    i.MX_USART1_UART_Init                    0x080031f4   Section        0  usart.o(i.MX_USART1_UART_Init)
    i.MX_USART2_UART_Init                    0x0800322c   Section        0  usart.o(i.MX_USART2_UART_Init)
    i.MemManage_Handler                      0x08003264   Section        0  stm32f4xx_it.o(i.MemManage_Handler)
    i.Motor_init                             0x08003268   Section        0  motor.o(i.Motor_init)
    i.NMI_Handler                            0x08003294   Section        0  stm32f4xx_it.o(i.NMI_Handler)
    i.PendSV_Handler                         0x08003296   Section        0  stm32f4xx_it.o(i.PendSV_Handler)
    i.Position_PID_X                         0x08003298   Section        0  control.o(i.Position_PID_X)
    i.Position_PID_Y                         0x080032dc   Section        0  control.o(i.Position_PID_Y)
    i.SVC_Handler                            0x08003320   Section        0  stm32f4xx_it.o(i.SVC_Handler)
    i.SysTick_Handler                        0x08003322   Section        0  stm32f4xx_it.o(i.SysTick_Handler)
    i.SystemClock_Config                     0x08003328   Section        0  main.o(i.SystemClock_Config)
    i.SystemInit                             0x080033ac   Section        0  system_stm32f4xx.o(i.SystemInit)
    i.TIM5_IRQHandler                        0x080033c8   Section        0  stm32f4xx_it.o(i.TIM5_IRQHandler)
    i.TIM_Base_SetConfig                     0x080033d4   Section        0  stm32f4xx_hal_tim.o(i.TIM_Base_SetConfig)
    i.TIM_CCxChannelCmd                      0x0800349c   Section        0  stm32f4xx_hal_tim.o(i.TIM_CCxChannelCmd)
    i.TIM_ETR_SetConfig                      0x080034b6   Section        0  stm32f4xx_hal_tim.o(i.TIM_ETR_SetConfig)
    i.TIM_ITRx_SetConfig                     0x080034ca   Section        0  stm32f4xx_hal_tim.o(i.TIM_ITRx_SetConfig)
    TIM_ITRx_SetConfig                       0x080034cb   Thumb Code    16  stm32f4xx_hal_tim.o(i.TIM_ITRx_SetConfig)
    i.TIM_OC1_SetConfig                      0x080034dc   Section        0  stm32f4xx_hal_tim.o(i.TIM_OC1_SetConfig)
    TIM_OC1_SetConfig                        0x080034dd   Thumb Code    88  stm32f4xx_hal_tim.o(i.TIM_OC1_SetConfig)
    i.TIM_OC2_SetConfig                      0x0800353c   Section        0  stm32f4xx_hal_tim.o(i.TIM_OC2_SetConfig)
    i.TIM_OC3_SetConfig                      0x080035a8   Section        0  stm32f4xx_hal_tim.o(i.TIM_OC3_SetConfig)
    TIM_OC3_SetConfig                        0x080035a9   Thumb Code    96  stm32f4xx_hal_tim.o(i.TIM_OC3_SetConfig)
    i.TIM_OC4_SetConfig                      0x08003610   Section        0  stm32f4xx_hal_tim.o(i.TIM_OC4_SetConfig)
    TIM_OC4_SetConfig                        0x08003611   Thumb Code    70  stm32f4xx_hal_tim.o(i.TIM_OC4_SetConfig)
    i.TIM_TI1_ConfigInputStage               0x08003660   Section        0  stm32f4xx_hal_tim.o(i.TIM_TI1_ConfigInputStage)
    TIM_TI1_ConfigInputStage                 0x08003661   Thumb Code    34  stm32f4xx_hal_tim.o(i.TIM_TI1_ConfigInputStage)
    i.TIM_TI2_ConfigInputStage               0x08003682   Section        0  stm32f4xx_hal_tim.o(i.TIM_TI2_ConfigInputStage)
    TIM_TI2_ConfigInputStage                 0x08003683   Thumb Code    36  stm32f4xx_hal_tim.o(i.TIM_TI2_ConfigInputStage)
    i.UART_DMAAbortOnError                   0x080036a6   Section        0  stm32f4xx_hal_uart.o(i.UART_DMAAbortOnError)
    UART_DMAAbortOnError                     0x080036a7   Thumb Code    16  stm32f4xx_hal_uart.o(i.UART_DMAAbortOnError)
    i.UART_EndRxTransfer                     0x080036b6   Section        0  stm32f4xx_hal_uart.o(i.UART_EndRxTransfer)
    UART_EndRxTransfer                       0x080036b7   Thumb Code    28  stm32f4xx_hal_uart.o(i.UART_EndRxTransfer)
    i.UART_Receive_IT                        0x080036d2   Section        0  stm32f4xx_hal_uart.o(i.UART_Receive_IT)
    UART_Receive_IT                          0x080036d3   Thumb Code   150  stm32f4xx_hal_uart.o(i.UART_Receive_IT)
    i.UART_SetConfig                         0x08003768   Section        0  stm32f4xx_hal_uart.o(i.UART_SetConfig)
    UART_SetConfig                           0x08003769   Thumb Code   286  stm32f4xx_hal_uart.o(i.UART_SetConfig)
    i.UART_Transmit_IT                       0x08003890   Section        0  stm32f4xx_hal_uart.o(i.UART_Transmit_IT)
    UART_Transmit_IT                         0x08003891   Thumb Code    98  stm32f4xx_hal_uart.o(i.UART_Transmit_IT)
    i.UART_WaitOnFlagUntilTimeout            0x080038f2   Section        0  stm32f4xx_hal_uart.o(i.UART_WaitOnFlagUntilTimeout)
    UART_WaitOnFlagUntilTimeout              0x080038f3   Thumb Code   100  stm32f4xx_hal_uart.o(i.UART_WaitOnFlagUntilTimeout)
    i.USART1_IRQHandler                      0x08003958   Section        0  stm32f4xx_it.o(i.USART1_IRQHandler)
    i.USART2_IRQHandler                      0x08003964   Section        0  stm32f4xx_it.o(i.USART2_IRQHandler)
    i.Uart_DataProcess                       0x08003970   Section        0  uart_handler.o(i.Uart_DataProcess)
    i.Uart_Get                               0x080039a8   Section        0  uart_handler.o(i.Uart_Get)
    i.UsageFault_Handler                     0x08003aa4   Section        0  stm32f4xx_it.o(i.UsageFault_Handler)
    i.__0printf                              0x08003aa8   Section        0  printfa.o(i.__0printf)
    i.__ARM_fpclassify                       0x08003ac8   Section        0  fpclassify.o(i.__ARM_fpclassify)
    i.__NVIC_SetPriority                     0x08003af8   Section        0  stm32f4xx_hal_cortex.o(i.__NVIC_SetPriority)
    __NVIC_SetPriority                       0x08003af9   Thumb Code    32  stm32f4xx_hal_cortex.o(i.__NVIC_SetPriority)
    i.__aeabi_errno_addr                     0x08003b18   Section        0  errno.o(i.__aeabi_errno_addr)
    i.__hardfp_atof                          0x08003b20   Section        0  atof.o(i.__hardfp_atof)
    i.__hardfp_exp                           0x08003b58   Section        0  exp.o(i.__hardfp_exp)
    i.__hardfp_round                         0x08003eb0   Section        0  round.o(i.__hardfp_round)
    i.__kernel_poly                          0x08003f90   Section        0  poly.o(i.__kernel_poly)
    i.__mathlib_dbl_infnan                   0x08004088   Section        0  dunder.o(i.__mathlib_dbl_infnan)
    i.__mathlib_dbl_overflow                 0x080040a0   Section        0  dunder.o(i.__mathlib_dbl_overflow)
    i.__mathlib_dbl_underflow                0x080040c0   Section        0  dunder.o(i.__mathlib_dbl_underflow)
    i.__read_errno                           0x080040e0   Section        0  errno.o(i.__read_errno)
    i.__scatterload_copy                     0x080040ec   Section       14  handlers.o(i.__scatterload_copy)
    i.__scatterload_null                     0x080040fa   Section        2  handlers.o(i.__scatterload_null)
    i.__scatterload_zeroinit                 0x080040fc   Section       14  handlers.o(i.__scatterload_zeroinit)
    i.__set_errno                            0x0800410c   Section        0  errno.o(i.__set_errno)
    i._fp_digits                             0x08004118   Section        0  printfa.o(i._fp_digits)
    _fp_digits                               0x08004119   Thumb Code   366  printfa.o(i._fp_digits)
    i._is_digit                              0x0800429c   Section        0  scanf_fp.o(i._is_digit)
    i._printf_core                           0x080042ac   Section        0  printfa.o(i._printf_core)
    _printf_core                             0x080042ad   Thumb Code  1744  printfa.o(i._printf_core)
    i._printf_post_padding                   0x08004988   Section        0  printfa.o(i._printf_post_padding)
    _printf_post_padding                     0x08004989   Thumb Code    36  printfa.o(i._printf_post_padding)
    i._printf_pre_padding                    0x080049ac   Section        0  printfa.o(i._printf_pre_padding)
    _printf_pre_padding                      0x080049ad   Thumb Code    46  printfa.o(i._printf_pre_padding)
    i.crc8                                   0x080049da   Section        0  mlx90614.o(i.crc8)
    i.fputc                                  0x080049f8   Section        0  main.o(i.fputc)
    i.main                                   0x08004a14   Section        0  main.o(i.main)
    i.malloc                                 0x08004b10   Section        0  malloc.o(i.malloc)
    i.servo_adjust                           0x08004b7c   Section        0  servo.o(i.servo_adjust)
    i.servo_down_reset                       0x08004bec   Section        0  servo.o(i.servo_down_reset)
    i.servo_init                             0x08004bfc   Section        0  servo.o(i.servo_init)
    i.servo_scan                             0x08004c30   Section        0  servo.o(i.servo_scan)
    i.servo_up_reset                         0x08004ca0   Section        0  servo.o(i.servo_up_reset)
    i.sim                                    0x08004cb0   Section        0  bpsim.o(i.sim)
    i.simDataChange                          0x08004e70   Section        0  bpsim.o(i.simDataChange)
    i.simDataRecover                         0x08004f00   Section        0  bpsim.o(i.simDataRecover)
    i.simInit                                0x08004f88   Section        0  bpsim.o(i.simInit)
    i.simInspirit                            0x08004fb0   Section        0  bpsim.o(i.simInspirit)
    i.simNetSetUp                            0x08005078   Section        0  bpsim.o(i.simNetSetUp)
    .constdata                               0x08005200   Section       16  system_stm32f4xx.o(.constdata)
    .constdata                               0x08005210   Section        8  system_stm32f4xx.o(.constdata)
    .constdata                               0x08005218   Section       88  exp.o(.constdata)
    halF                                     0x08005218   Data          16  exp.o(.constdata)
    ln2HI                                    0x08005228   Data          16  exp.o(.constdata)
    ln2LO                                    0x08005238   Data          16  exp.o(.constdata)
    P                                        0x08005248   Data          40  exp.o(.constdata)
    .constdata                               0x08005270   Section      129  ctype_o.o(.constdata)
    .constdata                               0x080052f4   Section        4  ctype_o.o(.constdata)
    table                                    0x080052f4   Data           4  ctype_o.o(.constdata)
    .data                                    0x20000000   Section        4  main.o(.data)
    .data                                    0x20000004   Section        4  main.o(.data)
    .data                                    0x20000008   Section       52  main.o(.data)
    ucCnt                                    0x20000009   Data           1  main.o(.data)
    .data                                    0x2000003c   Section        5  main.o(.data)
    .data                                    0x20000041   Section        5  main.o(.data)
    .data                                    0x20000048   Section        4  main.o(.data)
    .data                                    0x2000004c   Section        4  main.o(.data)
    .data                                    0x20000050   Section       12  stm32f4xx_hal.o(.data)
    .data                                    0x2000005c   Section        4  system_stm32f4xx.o(.data)
    .data                                    0x20000060   Section        4  mlx90614.o(.data)
    .data                                    0x20000064   Section       56  control.o(.data)
    Bias                                     0x2000007c   Data           4  control.o(.data)
    Pwm                                      0x20000080   Data           4  control.o(.data)
    Integral_bias                            0x20000084   Data           4  control.o(.data)
    Last_Bias                                0x20000088   Data           4  control.o(.data)
    Bias                                     0x2000008c   Data           4  control.o(.data)
    Pwm                                      0x20000090   Data           4  control.o(.data)
    Integral_bias                            0x20000094   Data           4  control.o(.data)
    Last_Bias                                0x20000098   Data           4  control.o(.data)
    .data                                    0x2000009c   Section        2  uart_handler.o(.data)
    ucRxCnt                                  0x2000009c   Data           1  uart_handler.o(.data)
    i                                        0x2000009d   Data           1  uart_handler.o(.data)
    .data                                    0x200000a0   Section      856  bpsim.o(.data)
    .data                                    0x200003f8   Section        4  stdout.o(.data)
    .data                                    0x200003fc   Section        4  mvars.o(.data)
    .data                                    0x20000400   Section        4  mvars.o(.data)
    .data                                    0x20000404   Section        4  errno.o(.data)
    _errno                                   0x20000404   Data           4  errno.o(.data)
    .bss                                     0x20000408   Section       20  main.o(.bss)
    .bss                                     0x2000041c   Section      100  main.o(.bss)
    .bss                                     0x20000480   Section      168  i2c.o(.bss)
    .bss                                     0x20000528   Section      192  tim.o(.bss)
    .bss                                     0x200005e8   Section      128  usart.o(.bss)
    .bss                                     0x20000668   Section       16  bpsim.o(.bss)
    HEAP                                     0x20000678   Section     1536  startup_stm32f407xx.o(HEAP)
    STACK                                    0x20000c78   Section     8192  startup_stm32f407xx.o(STACK)

    Global Symbols

    Symbol Name                              Value     Ov Type        Size  Object(Section)

    BuildAttributes$$THM_ISAv4$E$P$D$K$B$S$7EM$VFPi3$EXTD16$VFPS$VFMA$PE$A:L22UL41UL21$X:L11$S22US41US21$IEEE1$IW$USESV6$~STKCKD$USESV7$~SHL$OTIME$ROPI$IEEEX$EBA8$MICROLIB$REQ8$PRES8$EABIv2 0x00000000   Number         0  anon$$obj.o ABSOLUTE
    __ARM_use_no_argv                        0x00000000   Number         0  main.o ABSOLUTE
    _printf_a                                0x00000000   Number         0  stubs.o ABSOLUTE
    _printf_c                                0x00000000   Number         0  stubs.o ABSOLUTE
    _printf_charcount                        0x00000000   Number         0  stubs.o ABSOLUTE
    _printf_d                                0x00000000   Number         0  stubs.o ABSOLUTE
    _printf_e                                0x00000000   Number         0  stubs.o ABSOLUTE
    _printf_f                                0x00000000   Number         0  stubs.o ABSOLUTE
    _printf_flags                            0x00000000   Number         0  stubs.o ABSOLUTE
    _printf_fp_dec                           0x00000000   Number         0  stubs.o ABSOLUTE
    _printf_fp_hex                           0x00000000   Number         0  stubs.o ABSOLUTE
    _printf_g                                0x00000000   Number         0  stubs.o ABSOLUTE
    _printf_i                                0x00000000   Number         0  stubs.o ABSOLUTE
    _printf_int_dec                          0x00000000   Number         0  stubs.o ABSOLUTE
    _printf_l                                0x00000000   Number         0  stubs.o ABSOLUTE
    _printf_lc                               0x00000000   Number         0  stubs.o ABSOLUTE
    _printf_ll                               0x00000000   Number         0  stubs.o ABSOLUTE
    _printf_lld                              0x00000000   Number         0  stubs.o ABSOLUTE
    _printf_lli                              0x00000000   Number         0  stubs.o ABSOLUTE
    _printf_llo                              0x00000000   Number         0  stubs.o ABSOLUTE
    _printf_llu                              0x00000000   Number         0  stubs.o ABSOLUTE
    _printf_llx                              0x00000000   Number         0  stubs.o ABSOLUTE
    _printf_longlong_dec                     0x00000000   Number         0  stubs.o ABSOLUTE
    _printf_longlong_hex                     0x00000000   Number         0  stubs.o ABSOLUTE
    _printf_longlong_oct                     0x00000000   Number         0  stubs.o ABSOLUTE
    _printf_ls                               0x00000000   Number         0  stubs.o ABSOLUTE
    _printf_mbtowc                           0x00000000   Number         0  stubs.o ABSOLUTE
    _printf_n                                0x00000000   Number         0  stubs.o ABSOLUTE
    _printf_o                                0x00000000   Number         0  stubs.o ABSOLUTE
    _printf_p                                0x00000000   Number         0  stubs.o ABSOLUTE
    _printf_percent                          0x00000000   Number         0  stubs.o ABSOLUTE
    _printf_pre_padding                      0x00000000   Number         0  stubs.o ABSOLUTE
    _printf_return_value                     0x00000000   Number         0  stubs.o ABSOLUTE
    _printf_s                                0x00000000   Number         0  stubs.o ABSOLUTE
    _printf_sizespec                         0x00000000   Number         0  stubs.o ABSOLUTE
    _printf_str                              0x00000000   Number         0  stubs.o ABSOLUTE
    _printf_truncate_signed                  0x00000000   Number         0  stubs.o ABSOLUTE
    _printf_truncate_unsigned                0x00000000   Number         0  stubs.o ABSOLUTE
    _printf_u                                0x00000000   Number         0  stubs.o ABSOLUTE
    _printf_wc                               0x00000000   Number         0  stubs.o ABSOLUTE
    _printf_wctomb                           0x00000000   Number         0  stubs.o ABSOLUTE
    _printf_widthprec                        0x00000000   Number         0  stubs.o ABSOLUTE
    _printf_x                                0x00000000   Number         0  stubs.o ABSOLUTE
    __cpp_initialize__aeabi_                  - Undefined Weak Reference
    __cxa_finalize                            - Undefined Weak Reference
    _clock_init                               - Undefined Weak Reference
    _microlib_exit                            - Undefined Weak Reference
    __Vectors_Size                           0x00000188   Number         0  startup_stm32f407xx.o ABSOLUTE
    __Vectors                                0x08000000   Data           4  startup_stm32f407xx.o(RESET)
    __Vectors_End                            0x08000188   Data           0  startup_stm32f407xx.o(RESET)
    __main                                   0x08000189   Thumb Code     0  entry.o(.ARM.Collect$$$$00000000)
    _main_stk                                0x08000189   Thumb Code     0  entry2.o(.ARM.Collect$$$$00000001)
    _main_scatterload                        0x0800018d   Thumb Code     0  entry5.o(.ARM.Collect$$$$00000004)
    __main_after_scatterload                 0x08000191   Thumb Code     0  entry5.o(.ARM.Collect$$$$00000004)
    _main_clock                              0x08000191   Thumb Code     0  entry7b.o(.ARM.Collect$$$$00000008)
    _main_cpp_init                           0x08000191   Thumb Code     0  entry8b.o(.ARM.Collect$$$$0000000A)
    _main_init                               0x08000191   Thumb Code     0  entry9a.o(.ARM.Collect$$$$0000000B)
    __rt_final_cpp                           0x08000199   Thumb Code     0  entry10a.o(.ARM.Collect$$$$0000000D)
    __rt_final_exit                          0x08000199   Thumb Code     0  entry11a.o(.ARM.Collect$$$$0000000F)
    Reset_Handler                            0x0800019d   Thumb Code     8  startup_stm32f407xx.o(.text)
    ADC_IRQHandler                           0x080001b7   Thumb Code     0  startup_stm32f407xx.o(.text)
    CAN1_RX0_IRQHandler                      0x080001b7   Thumb Code     0  startup_stm32f407xx.o(.text)
    CAN1_RX1_IRQHandler                      0x080001b7   Thumb Code     0  startup_stm32f407xx.o(.text)
    CAN1_SCE_IRQHandler                      0x080001b7   Thumb Code     0  startup_stm32f407xx.o(.text)
    CAN1_TX_IRQHandler                       0x080001b7   Thumb Code     0  startup_stm32f407xx.o(.text)
    CAN2_RX0_IRQHandler                      0x080001b7   Thumb Code     0  startup_stm32f407xx.o(.text)
    CAN2_RX1_IRQHandler                      0x080001b7   Thumb Code     0  startup_stm32f407xx.o(.text)
    CAN2_SCE_IRQHandler                      0x080001b7   Thumb Code     0  startup_stm32f407xx.o(.text)
    CAN2_TX_IRQHandler                       0x080001b7   Thumb Code     0  startup_stm32f407xx.o(.text)
    DCMI_IRQHandler                          0x080001b7   Thumb Code     0  startup_stm32f407xx.o(.text)
    DMA1_Stream0_IRQHandler                  0x080001b7   Thumb Code     0  startup_stm32f407xx.o(.text)
    DMA1_Stream1_IRQHandler                  0x080001b7   Thumb Code     0  startup_stm32f407xx.o(.text)
    DMA1_Stream2_IRQHandler                  0x080001b7   Thumb Code     0  startup_stm32f407xx.o(.text)
    DMA1_Stream3_IRQHandler                  0x080001b7   Thumb Code     0  startup_stm32f407xx.o(.text)
    DMA1_Stream4_IRQHandler                  0x080001b7   Thumb Code     0  startup_stm32f407xx.o(.text)
    DMA1_Stream5_IRQHandler                  0x080001b7   Thumb Code     0  startup_stm32f407xx.o(.text)
    DMA1_Stream6_IRQHandler                  0x080001b7   Thumb Code     0  startup_stm32f407xx.o(.text)
    DMA1_Stream7_IRQHandler                  0x080001b7   Thumb Code     0  startup_stm32f407xx.o(.text)
    DMA2_Stream0_IRQHandler                  0x080001b7   Thumb Code     0  startup_stm32f407xx.o(.text)
    DMA2_Stream1_IRQHandler                  0x080001b7   Thumb Code     0  startup_stm32f407xx.o(.text)
    DMA2_Stream2_IRQHandler                  0x080001b7   Thumb Code     0  startup_stm32f407xx.o(.text)
    DMA2_Stream3_IRQHandler                  0x080001b7   Thumb Code     0  startup_stm32f407xx.o(.text)
    DMA2_Stream4_IRQHandler                  0x080001b7   Thumb Code     0  startup_stm32f407xx.o(.text)
    DMA2_Stream5_IRQHandler                  0x080001b7   Thumb Code     0  startup_stm32f407xx.o(.text)
    DMA2_Stream6_IRQHandler                  0x080001b7   Thumb Code     0  startup_stm32f407xx.o(.text)
    DMA2_Stream7_IRQHandler                  0x080001b7   Thumb Code     0  startup_stm32f407xx.o(.text)
    ETH_IRQHandler                           0x080001b7   Thumb Code     0  startup_stm32f407xx.o(.text)
    ETH_WKUP_IRQHandler                      0x080001b7   Thumb Code     0  startup_stm32f407xx.o(.text)
    EXTI15_10_IRQHandler                     0x080001b7   Thumb Code     0  startup_stm32f407xx.o(.text)
    EXTI1_IRQHandler                         0x080001b7   Thumb Code     0  startup_stm32f407xx.o(.text)
    EXTI2_IRQHandler                         0x080001b7   Thumb Code     0  startup_stm32f407xx.o(.text)
    EXTI3_IRQHandler                         0x080001b7   Thumb Code     0  startup_stm32f407xx.o(.text)
    EXTI9_5_IRQHandler                       0x080001b7   Thumb Code     0  startup_stm32f407xx.o(.text)
    FLASH_IRQHandler                         0x080001b7   Thumb Code     0  startup_stm32f407xx.o(.text)
    FMC_IRQHandler                           0x080001b7   Thumb Code     0  startup_stm32f407xx.o(.text)
    FPU_IRQHandler                           0x080001b7   Thumb Code     0  startup_stm32f407xx.o(.text)
    HASH_RNG_IRQHandler                      0x080001b7   Thumb Code     0  startup_stm32f407xx.o(.text)
    I2C1_ER_IRQHandler                       0x080001b7   Thumb Code     0  startup_stm32f407xx.o(.text)
    I2C1_EV_IRQHandler                       0x080001b7   Thumb Code     0  startup_stm32f407xx.o(.text)
    I2C2_ER_IRQHandler                       0x080001b7   Thumb Code     0  startup_stm32f407xx.o(.text)
    I2C2_EV_IRQHandler                       0x080001b7   Thumb Code     0  startup_stm32f407xx.o(.text)
    I2C3_ER_IRQHandler                       0x080001b7   Thumb Code     0  startup_stm32f407xx.o(.text)
    I2C3_EV_IRQHandler                       0x080001b7   Thumb Code     0  startup_stm32f407xx.o(.text)
    OTG_FS_IRQHandler                        0x080001b7   Thumb Code     0  startup_stm32f407xx.o(.text)
    OTG_FS_WKUP_IRQHandler                   0x080001b7   Thumb Code     0  startup_stm32f407xx.o(.text)
    OTG_HS_EP1_IN_IRQHandler                 0x080001b7   Thumb Code     0  startup_stm32f407xx.o(.text)
    OTG_HS_EP1_OUT_IRQHandler                0x080001b7   Thumb Code     0  startup_stm32f407xx.o(.text)
    OTG_HS_IRQHandler                        0x080001b7   Thumb Code     0  startup_stm32f407xx.o(.text)
    OTG_HS_WKUP_IRQHandler                   0x080001b7   Thumb Code     0  startup_stm32f407xx.o(.text)
    PVD_IRQHandler                           0x080001b7   Thumb Code     0  startup_stm32f407xx.o(.text)
    RCC_IRQHandler                           0x080001b7   Thumb Code     0  startup_stm32f407xx.o(.text)
    RTC_Alarm_IRQHandler                     0x080001b7   Thumb Code     0  startup_stm32f407xx.o(.text)
    RTC_WKUP_IRQHandler                      0x080001b7   Thumb Code     0  startup_stm32f407xx.o(.text)
    SDIO_IRQHandler                          0x080001b7   Thumb Code     0  startup_stm32f407xx.o(.text)
    SPI1_IRQHandler                          0x080001b7   Thumb Code     0  startup_stm32f407xx.o(.text)
    SPI2_IRQHandler                          0x080001b7   Thumb Code     0  startup_stm32f407xx.o(.text)
    SPI3_IRQHandler                          0x080001b7   Thumb Code     0  startup_stm32f407xx.o(.text)
    TAMP_STAMP_IRQHandler                    0x080001b7   Thumb Code     0  startup_stm32f407xx.o(.text)
    TIM1_BRK_TIM9_IRQHandler                 0x080001b7   Thumb Code     0  startup_stm32f407xx.o(.text)
    TIM1_CC_IRQHandler                       0x080001b7   Thumb Code     0  startup_stm32f407xx.o(.text)
    TIM1_TRG_COM_TIM11_IRQHandler            0x080001b7   Thumb Code     0  startup_stm32f407xx.o(.text)
    TIM1_UP_TIM10_IRQHandler                 0x080001b7   Thumb Code     0  startup_stm32f407xx.o(.text)
    TIM2_IRQHandler                          0x080001b7   Thumb Code     0  startup_stm32f407xx.o(.text)
    TIM3_IRQHandler                          0x080001b7   Thumb Code     0  startup_stm32f407xx.o(.text)
    TIM4_IRQHandler                          0x080001b7   Thumb Code     0  startup_stm32f407xx.o(.text)
    TIM6_DAC_IRQHandler                      0x080001b7   Thumb Code     0  startup_stm32f407xx.o(.text)
    TIM7_IRQHandler                          0x080001b7   Thumb Code     0  startup_stm32f407xx.o(.text)
    TIM8_BRK_TIM12_IRQHandler                0x080001b7   Thumb Code     0  startup_stm32f407xx.o(.text)
    TIM8_CC_IRQHandler                       0x080001b7   Thumb Code     0  startup_stm32f407xx.o(.text)
    TIM8_TRG_COM_TIM14_IRQHandler            0x080001b7   Thumb Code     0  startup_stm32f407xx.o(.text)
    TIM8_UP_TIM13_IRQHandler                 0x080001b7   Thumb Code     0  startup_stm32f407xx.o(.text)
    UART4_IRQHandler                         0x080001b7   Thumb Code     0  startup_stm32f407xx.o(.text)
    UART5_IRQHandler                         0x080001b7   Thumb Code     0  startup_stm32f407xx.o(.text)
    USART3_IRQHandler                        0x080001b7   Thumb Code     0  startup_stm32f407xx.o(.text)
    USART6_IRQHandler                        0x080001b7   Thumb Code     0  startup_stm32f407xx.o(.text)
    WWDG_IRQHandler                          0x080001b7   Thumb Code     0  startup_stm32f407xx.o(.text)
    __aeabi_uldivmod                         0x080001c1   Thumb Code    98  uldiv.o(.text)
    __aeabi_memset                           0x08000223   Thumb Code    14  memseta.o(.text)
    __aeabi_memset4                          0x08000223   Thumb Code     0  memseta.o(.text)
    __aeabi_memset8                          0x08000223   Thumb Code     0  memseta.o(.text)
    __aeabi_memclr                           0x08000231   Thumb Code     4  memseta.o(.text)
    __aeabi_memclr4                          0x08000231   Thumb Code     0  memseta.o(.text)
    __aeabi_memclr8                          0x08000231   Thumb Code     0  memseta.o(.text)
    _memset$wrapper                          0x08000235   Thumb Code    18  memseta.o(.text)
    strstr                                   0x08000247   Thumb Code    36  strstr.o(.text)
    atoi                                     0x0800026b   Thumb Code    26  atoi.o(.text)
    __aeabi_dadd                             0x08000285   Thumb Code   322  dadd.o(.text)
    __aeabi_dsub                             0x080003c7   Thumb Code     6  dadd.o(.text)
    __aeabi_drsub                            0x080003cd   Thumb Code     6  dadd.o(.text)
    __aeabi_dmul                             0x080003d3   Thumb Code   228  dmul.o(.text)
    __aeabi_ddiv                             0x080004b7   Thumb Code   222  ddiv.o(.text)
    __aeabi_ui2d                             0x08000595   Thumb Code    26  dfltui.o(.text)
    __aeabi_d2iz                             0x080005af   Thumb Code    62  dfixi.o(.text)
    __aeabi_d2uiz                            0x080005ed   Thumb Code    50  dfixui.o(.text)
    __aeabi_f2d                              0x0800061f   Thumb Code    38  f2d.o(.text)
    __aeabi_d2f                              0x08000645   Thumb Code    56  d2f.o(.text)
    __aeabi_uidiv                            0x0800067d   Thumb Code     0  uidiv.o(.text)
    __aeabi_uidivmod                         0x0800067d   Thumb Code    44  uidiv.o(.text)
    __aeabi_llsl                             0x080006a9   Thumb Code    30  llshl.o(.text)
    _ll_shift_l                              0x080006a9   Thumb Code     0  llshl.o(.text)
    __aeabi_llsr                             0x080006c7   Thumb Code    32  llushr.o(.text)
    _ll_ushift_r                             0x080006c7   Thumb Code     0  llushr.o(.text)
    __aeabi_lasr                             0x080006e7   Thumb Code    36  llsshr.o(.text)
    _ll_sshift_r                             0x080006e7   Thumb Code     0  llsshr.o(.text)
    __strtod_int                             0x08000743   Thumb Code    90  strtod.o(.text)
    strtol                                   0x080007a9   Thumb Code   112  strtol.o(.text)
    __I$use$fp                               0x08000819   Thumb Code     0  iusefp.o(.text)
    _float_round                             0x08000819   Thumb Code    18  fepilogue.o(.text)
    _float_epilogue                          0x0800082b   Thumb Code    92  fepilogue.o(.text)
    _double_round                            0x08000887   Thumb Code    30  depilogue.o(.text)
    _double_epilogue                         0x080008a5   Thumb Code   156  depilogue.o(.text)
    _drnd                                    0x08000941   Thumb Code   132  drnd.o(.text)
    __aeabi_i2d                              0x080009c9   Thumb Code    34  dflti.o(.text)
    __aeabi_d2ulz                            0x080009eb   Thumb Code    48  dfixul.o(.text)
    __aeabi_cdcmpeq                          0x08000a1d   Thumb Code     0  cdcmple.o(.text)
    __aeabi_cdcmple                          0x08000a1d   Thumb Code    48  cdcmple.o(.text)
    __aeabi_cdrcmple                         0x08000a4d   Thumb Code    48  cdrcmple.o(.text)
    __scatterload                            0x08000a7d   Thumb Code    28  init.o(.text)
    __scatterload_rt2                        0x08000a7d   Thumb Code     0  init.o(.text)
    __rt_ctype_table                         0x08000aa1   Thumb Code     4  ctype_o.o(.text)
    isspace                                  0x08000aa9   Thumb Code    18  isspace_o.o(.text)
    _scanf_real                              0x08000be5   Thumb Code     0  scanf_fp.o(.text)
    _scanf_really_real                       0x08000be5   Thumb Code   556  scanf_fp.o(.text)
    _sgetc                                   0x08000e1d   Thumb Code    30  _sgetc.o(.text)
    _sbackspace                              0x08000e3b   Thumb Code    34  _sgetc.o(.text)
    _strtoul                                 0x08000e5d   Thumb Code   158  _strtoul.o(.text)
    _chval                                   0x08000efb   Thumb Code    28  _chval.o(.text)
    __aeabi_ul2d                             0x08000f17   Thumb Code    24  dfltul.o(.text)
    __decompress                             0x08000f2f   Thumb Code     0  __dczerorl2.o(.text)
    __decompress1                            0x08000f2f   Thumb Code    86  __dczerorl2.o(.text)
    BusFault_Handler                         0x08000f85   Thumb Code     2  stm32f4xx_it.o(i.BusFault_Handler)
    DebugMon_Handler                         0x08000f87   Thumb Code     2  stm32f4xx_it.o(i.DebugMon_Handler)
    EXTI0_IRQHandler                         0x08000f89   Thumb Code     6  stm32f4xx_it.o(i.EXTI0_IRQHandler)
    EXTI4_IRQHandler                         0x08000f8f   Thumb Code     6  stm32f4xx_it.o(i.EXTI4_IRQHandler)
    Error_Handler                            0x08000f95   Thumb Code     2  main.o(i.Error_Handler)
    Get_Value                                0x08000f99   Thumb Code    60  uart_handler.o(i.Get_Value)
    HAL_DMA_Abort_IT                         0x08000fe1   Thumb Code    36  stm32f4xx_hal_dma.o(i.HAL_DMA_Abort_IT)
    HAL_Delay                                0x08001005   Thumb Code    32  stm32f4xx_hal.o(i.HAL_Delay)
    HAL_GPIO_EXTI_Callback                   0x08001029   Thumb Code    26  main.o(i.HAL_GPIO_EXTI_Callback)
    HAL_GPIO_EXTI_IRQHandler                 0x08001049   Thumb Code    18  stm32f4xx_hal_gpio.o(i.HAL_GPIO_EXTI_IRQHandler)
    HAL_GPIO_Init                            0x08001061   Thumb Code   394  stm32f4xx_hal_gpio.o(i.HAL_GPIO_Init)
    HAL_GetTick                              0x08001219   Thumb Code     6  stm32f4xx_hal.o(i.HAL_GetTick)
    HAL_I2C_Init                             0x08001225   Thumb Code   376  stm32f4xx_hal_i2c.o(i.HAL_I2C_Init)
    HAL_I2C_Mem_Read                         0x080013ad   Thumb Code   490  stm32f4xx_hal_i2c.o(i.HAL_I2C_Mem_Read)
    HAL_I2C_Mem_Write                        0x080015a5   Thumb Code   294  stm32f4xx_hal_i2c.o(i.HAL_I2C_Mem_Write)
    HAL_I2C_MspInit                          0x080016d5   Thumb Code   142  i2c.o(i.HAL_I2C_MspInit)
    HAL_IncTick                              0x08001775   Thumb Code    12  stm32f4xx_hal.o(i.HAL_IncTick)
    HAL_Init                                 0x08001785   Thumb Code    48  stm32f4xx_hal.o(i.HAL_Init)
    HAL_InitTick                             0x080017b9   Thumb Code    54  stm32f4xx_hal.o(i.HAL_InitTick)
    HAL_MspInit                              0x080017f9   Thumb Code    42  stm32f4xx_hal_msp.o(i.HAL_MspInit)
    HAL_NVIC_EnableIRQ                       0x08001829   Thumb Code    26  stm32f4xx_hal_cortex.o(i.HAL_NVIC_EnableIRQ)
    HAL_NVIC_SetPriority                     0x08001845   Thumb Code    60  stm32f4xx_hal_cortex.o(i.HAL_NVIC_SetPriority)
    HAL_NVIC_SetPriorityGrouping             0x08001885   Thumb Code    26  stm32f4xx_hal_cortex.o(i.HAL_NVIC_SetPriorityGrouping)
    HAL_RCC_ClockConfig                      0x080018a9   Thumb Code   288  stm32f4xx_hal_rcc.o(i.HAL_RCC_ClockConfig)
    HAL_RCC_GetPCLK1Freq                     0x080019dd   Thumb Code    20  stm32f4xx_hal_rcc.o(i.HAL_RCC_GetPCLK1Freq)
    HAL_RCC_GetPCLK2Freq                     0x080019fd   Thumb Code    20  stm32f4xx_hal_rcc.o(i.HAL_RCC_GetPCLK2Freq)
    HAL_RCC_GetSysClockFreq                  0x08001a1d   Thumb Code    88  stm32f4xx_hal_rcc.o(i.HAL_RCC_GetSysClockFreq)
    HAL_RCC_OscConfig                        0x08001a7d   Thumb Code   840  stm32f4xx_hal_rcc.o(i.HAL_RCC_OscConfig)
    HAL_SYSTICK_Config                       0x08001dd9   Thumb Code    40  stm32f4xx_hal_cortex.o(i.HAL_SYSTICK_Config)
    HAL_TIMEx_BreakCallback                  0x08001e01   Thumb Code     2  stm32f4xx_hal_tim_ex.o(i.HAL_TIMEx_BreakCallback)
    HAL_TIMEx_CommutCallback                 0x08001e03   Thumb Code     2  stm32f4xx_hal_tim_ex.o(i.HAL_TIMEx_CommutCallback)
    HAL_TIMEx_ConfigBreakDeadTime            0x08001e05   Thumb Code    84  stm32f4xx_hal_tim_ex.o(i.HAL_TIMEx_ConfigBreakDeadTime)
    HAL_TIMEx_MasterConfigSynchronization    0x08001e59   Thumb Code   116  stm32f4xx_hal_tim_ex.o(i.HAL_TIMEx_MasterConfigSynchronization)
    HAL_TIM_Base_Init                        0x08001ee9   Thumb Code    54  stm32f4xx_hal_tim.o(i.HAL_TIM_Base_Init)
    HAL_TIM_Base_MspInit                     0x08001f21   Thumb Code    84  tim.o(i.HAL_TIM_Base_MspInit)
    HAL_TIM_Base_Start_IT                    0x08001f81   Thumb Code    34  stm32f4xx_hal_tim.o(i.HAL_TIM_Base_Start_IT)
    HAL_TIM_ConfigClockSource                0x08001fa3   Thumb Code   214  stm32f4xx_hal_tim.o(i.HAL_TIM_ConfigClockSource)
    HAL_TIM_IC_CaptureCallback               0x08002079   Thumb Code     2  stm32f4xx_hal_tim.o(i.HAL_TIM_IC_CaptureCallback)
    HAL_TIM_IRQHandler                       0x0800207b   Thumb Code   358  stm32f4xx_hal_tim.o(i.HAL_TIM_IRQHandler)
    HAL_TIM_MspPostInit                      0x080021e1   Thumb Code   146  tim.o(i.HAL_TIM_MspPostInit)
    HAL_TIM_OC_DelayElapsedCallback          0x08002289   Thumb Code     2  stm32f4xx_hal_tim.o(i.HAL_TIM_OC_DelayElapsedCallback)
    HAL_TIM_PWM_ConfigChannel                0x0800228b   Thumb Code   208  stm32f4xx_hal_tim.o(i.HAL_TIM_PWM_ConfigChannel)
    HAL_TIM_PWM_Init                         0x0800235b   Thumb Code    54  stm32f4xx_hal_tim.o(i.HAL_TIM_PWM_Init)
    HAL_TIM_PWM_MspInit                      0x08002391   Thumb Code     2  stm32f4xx_hal_tim.o(i.HAL_TIM_PWM_MspInit)
    HAL_TIM_PWM_PulseFinishedCallback        0x08002393   Thumb Code     2  stm32f4xx_hal_tim.o(i.HAL_TIM_PWM_PulseFinishedCallback)
    HAL_TIM_PWM_Start                        0x08002395   Thumb Code    58  stm32f4xx_hal_tim.o(i.HAL_TIM_PWM_Start)
    HAL_TIM_PeriodElapsedCallback            0x080023d9   Thumb Code   138  main.o(i.HAL_TIM_PeriodElapsedCallback)
    HAL_TIM_TriggerCallback                  0x0800247d   Thumb Code     2  stm32f4xx_hal_tim.o(i.HAL_TIM_TriggerCallback)
    HAL_UART_ErrorCallback                   0x0800247f   Thumb Code     2  stm32f4xx_hal_uart.o(i.HAL_UART_ErrorCallback)
    HAL_UART_IRQHandler                      0x08002481   Thumb Code   270  stm32f4xx_hal_uart.o(i.HAL_UART_IRQHandler)
    HAL_UART_Init                            0x08002595   Thumb Code    98  stm32f4xx_hal_uart.o(i.HAL_UART_Init)
    HAL_UART_MspInit                         0x080025f9   Thumb Code   184  usart.o(i.HAL_UART_MspInit)
    HAL_UART_Receive_IT                      0x080026c5   Thumb Code    82  stm32f4xx_hal_uart.o(i.HAL_UART_Receive_IT)
    HAL_UART_RxCpltCallback                  0x08002719   Thumb Code   148  main.o(i.HAL_UART_RxCpltCallback)
    HAL_UART_Transmit                        0x080027c9   Thumb Code   186  stm32f4xx_hal_uart.o(i.HAL_UART_Transmit)
    HAL_UART_TxCpltCallback                  0x08002883   Thumb Code     2  stm32f4xx_hal_uart.o(i.HAL_UART_TxCpltCallback)
    HardFault_Handler                        0x08002885   Thumb Code     2  stm32f4xx_it.o(i.HardFault_Handler)
    MLX90614_Init                            0x08002c55   Thumb Code     8  mlx90614.o(i.MLX90614_Init)
    MLX90614_KelvinToCelsius                 0x08002c61   Thumb Code    40  mlx90614.o(i.MLX90614_KelvinToCelsius)
    MLX90614_Read16                          0x08002c99   Thumb Code    46  mlx90614.o(i.MLX90614_Read16)
    MLX90614_Read16Eeprom                    0x08002ccd   Thumb Code    52  mlx90614.o(i.MLX90614_Read16Eeprom)
    MLX90614_ReadAmbientTemperature          0x08002d05   Thumb Code    34  mlx90614.o(i.MLX90614_ReadAmbientTemperature)
    MLX90614_ReadObjectTemperature           0x08002d27   Thumb Code    34  mlx90614.o(i.MLX90614_ReadObjectTemperature)
    MLX90614_SetEmissivity                   0x08002d49   Thumb Code   168  mlx90614.o(i.MLX90614_SetEmissivity)
    MLX90614_Write16Crc                      0x08002e01   Thumb Code    86  mlx90614.o(i.MLX90614_Write16Crc)
    MLX90614_Write16Eeprom                   0x08002e5d   Thumb Code    60  mlx90614.o(i.MLX90614_Write16Eeprom)
    MX_GPIO_Init                             0x08002e99   Thumb Code   182  gpio.o(i.MX_GPIO_Init)
    MX_I2C1_Init                             0x08002f61   Thumb Code    50  i2c.o(i.MX_I2C1_Init)
    MX_I2C2_Init                             0x08002fa1   Thumb Code    50  i2c.o(i.MX_I2C2_Init)
    MX_TIM1_Init                             0x08002fe1   Thumb Code   242  tim.o(i.MX_TIM1_Init)
    MX_TIM2_Init                             0x080030dd   Thumb Code   166  tim.o(i.MX_TIM2_Init)
    MX_TIM5_Init                             0x08003189   Thumb Code    98  tim.o(i.MX_TIM5_Init)
    MX_USART1_UART_Init                      0x080031f5   Thumb Code    48  usart.o(i.MX_USART1_UART_Init)
    MX_USART2_UART_Init                      0x0800322d   Thumb Code    48  usart.o(i.MX_USART2_UART_Init)
    MemManage_Handler                        0x08003265   Thumb Code     2  stm32f4xx_it.o(i.MemManage_Handler)
    Motor_init                               0x08003269   Thumb Code    38  motor.o(i.Motor_init)
    NMI_Handler                              0x08003295   Thumb Code     2  stm32f4xx_it.o(i.NMI_Handler)
    PendSV_Handler                           0x08003297   Thumb Code     2  stm32f4xx_it.o(i.PendSV_Handler)
    Position_PID_X                           0x08003299   Thumb Code    64  control.o(i.Position_PID_X)
    Position_PID_Y                           0x080032dd   Thumb Code    64  control.o(i.Position_PID_Y)
    SVC_Handler                              0x08003321   Thumb Code     2  stm32f4xx_it.o(i.SVC_Handler)
    SysTick_Handler                          0x08003323   Thumb Code     4  stm32f4xx_it.o(i.SysTick_Handler)
    SystemClock_Config                       0x08003329   Thumb Code   124  main.o(i.SystemClock_Config)
    SystemInit                               0x080033ad   Thumb Code    22  system_stm32f4xx.o(i.SystemInit)
    TIM5_IRQHandler                          0x080033c9   Thumb Code     6  stm32f4xx_it.o(i.TIM5_IRQHandler)
    TIM_Base_SetConfig                       0x080033d5   Thumb Code   156  stm32f4xx_hal_tim.o(i.TIM_Base_SetConfig)
    TIM_CCxChannelCmd                        0x0800349d   Thumb Code    26  stm32f4xx_hal_tim.o(i.TIM_CCxChannelCmd)
    TIM_ETR_SetConfig                        0x080034b7   Thumb Code    20  stm32f4xx_hal_tim.o(i.TIM_ETR_SetConfig)
    TIM_OC2_SetConfig                        0x0800353d   Thumb Code    98  stm32f4xx_hal_tim.o(i.TIM_OC2_SetConfig)
    USART1_IRQHandler                        0x08003959   Thumb Code     6  stm32f4xx_it.o(i.USART1_IRQHandler)
    USART2_IRQHandler                        0x08003965   Thumb Code     6  stm32f4xx_it.o(i.USART2_IRQHandler)
    Uart_DataProcess                         0x08003971   Thumb Code    40  uart_handler.o(i.Uart_DataProcess)
    Uart_Get                                 0x080039a9   Thumb Code   228  uart_handler.o(i.Uart_Get)
    UsageFault_Handler                       0x08003aa5   Thumb Code     2  stm32f4xx_it.o(i.UsageFault_Handler)
    __0printf                                0x08003aa9   Thumb Code    22  printfa.o(i.__0printf)
    __1printf                                0x08003aa9   Thumb Code     0  printfa.o(i.__0printf)
    __2printf                                0x08003aa9   Thumb Code     0  printfa.o(i.__0printf)
    __c89printf                              0x08003aa9   Thumb Code     0  printfa.o(i.__0printf)
    printf                                   0x08003aa9   Thumb Code     0  printfa.o(i.__0printf)
    __ARM_fpclassify                         0x08003ac9   Thumb Code    48  fpclassify.o(i.__ARM_fpclassify)
    __aeabi_errno_addr                       0x08003b19   Thumb Code     4  errno.o(i.__aeabi_errno_addr)
    __rt_errno_addr                          0x08003b19   Thumb Code     0  errno.o(i.__aeabi_errno_addr)
    __hardfp_atof                            0x08003b21   Thumb Code    44  atof.o(i.__hardfp_atof)
    __hardfp_exp                             0x08003b59   Thumb Code   714  exp.o(i.__hardfp_exp)
    __hardfp_round                           0x08003eb1   Thumb Code   194  round.o(i.__hardfp_round)
    __kernel_poly                            0x08003f91   Thumb Code   248  poly.o(i.__kernel_poly)
    __mathlib_dbl_infnan                     0x08004089   Thumb Code    20  dunder.o(i.__mathlib_dbl_infnan)
    __mathlib_dbl_overflow                   0x080040a1   Thumb Code    24  dunder.o(i.__mathlib_dbl_overflow)
    __mathlib_dbl_underflow                  0x080040c1   Thumb Code    24  dunder.o(i.__mathlib_dbl_underflow)
    __read_errno                             0x080040e1   Thumb Code     6  errno.o(i.__read_errno)
    __scatterload_copy                       0x080040ed   Thumb Code    14  handlers.o(i.__scatterload_copy)
    __scatterload_null                       0x080040fb   Thumb Code     2  handlers.o(i.__scatterload_null)
    __scatterload_zeroinit                   0x080040fd   Thumb Code    14  handlers.o(i.__scatterload_zeroinit)
    __set_errno                              0x0800410d   Thumb Code     6  errno.o(i.__set_errno)
    _is_digit                                0x0800429d   Thumb Code    14  scanf_fp.o(i._is_digit)
    crc8                                     0x080049db   Thumb Code    30  mlx90614.o(i.crc8)
    fputc                                    0x080049f9   Thumb Code    24  main.o(i.fputc)
    main                                     0x08004a15   Thumb Code   202  main.o(i.main)
    malloc                                   0x08004b11   Thumb Code    92  malloc.o(i.malloc)
    servo_adjust                             0x08004b7d   Thumb Code    96  servo.o(i.servo_adjust)
    servo_down_reset                         0x08004bed   Thumb Code    10  servo.o(i.servo_down_reset)
    servo_init                               0x08004bfd   Thumb Code    44  servo.o(i.servo_init)
    servo_scan                               0x08004c31   Thumb Code    98  servo.o(i.servo_scan)
    servo_up_reset                           0x08004ca1   Thumb Code    10  servo.o(i.servo_up_reset)
    sim                                      0x08004cb1   Thumb Code   416  bpsim.o(i.sim)
    simDataChange                            0x08004e71   Thumb Code   124  bpsim.o(i.simDataChange)
    simDataRecover                           0x08004f01   Thumb Code   114  bpsim.o(i.simDataRecover)
    simInit                                  0x08004f89   Thumb Code    20  bpsim.o(i.simInit)
    simInspirit                              0x08004fb1   Thumb Code   168  bpsim.o(i.simInspirit)
    simNetSetUp                              0x08005079   Thumb Code   382  bpsim.o(i.simNetSetUp)
    AHBPrescTable                            0x08005200   Data          16  system_stm32f4xx.o(.constdata)
    APBPrescTable                            0x08005210   Data           8  system_stm32f4xx.o(.constdata)
    __ctype_table                            0x08005270   Data         129  ctype_o.o(.constdata)
    Region$$Table$$Base                      0x080052f8   Number         0  anon$$obj.o(Region$$Table)
    Region$$Table$$Limit                     0x08005318   Number         0  anon$$obj.o(Region$$Table)
    recive_flag                              0x20000000   Data           4  main.o(.data)
    scan_flag                                0x20000004   Data           4  main.o(.data)
    ucRxFinish                               0x20000008   Data           1  main.o(.data)
    UART1RxBuffer                            0x2000000a   Data           1  main.o(.data)
    UART2RxBuffer                            0x2000000b   Data           1  main.o(.data)
    Distance                                 0x2000000c   Data           2  main.o(.data)
    Encoder_L                                0x2000000e   Data           2  main.o(.data)
    Encoder_R                                0x20000010   Data           2  main.o(.data)
    servo_flag                               0x20000014   Data           4  main.o(.data)
    ObjectTemperature                        0x20000018   Data           4  main.o(.data)
    AmbientTemperature                       0x2000001c   Data           4  main.o(.data)
    deviationx                               0x20000020   Data           4  main.o(.data)
    deviationy                               0x20000024   Data           4  main.o(.data)
    BP_out                                   0x20000028   Data           4  main.o(.data)
    encoder_value_l                          0x2000002c   Data           4  main.o(.data)
    encoder_value_r                          0x20000030   Data           4  main.o(.data)
    BP_in                                    0x20000034   Data           8  main.o(.data)
    deviationx_rec                           0x2000003c   Data           5  main.o(.data)
    deviationy_rec                           0x20000041   Data           5  main.o(.data)
    x_pos                                    0x20000048   Data           4  main.o(.data)
    y_pos                                    0x2000004c   Data           4  main.o(.data)
    uwTickFreq                               0x20000050   Data           1  stm32f4xx_hal.o(.data)
    uwTickPrio                               0x20000054   Data           4  stm32f4xx_hal.o(.data)
    uwTick                                   0x20000058   Data           4  stm32f4xx_hal.o(.data)
    SystemCoreClock                          0x2000005c   Data           4  system_stm32f4xx.o(.data)
    mlx90614_i2c                             0x20000060   Data           4  mlx90614.o(.data)
    Position_KP                              0x20000064   Data           4  control.o(.data)
    Position_KI                              0x20000068   Data           4  control.o(.data)
    Position_KD                              0x2000006c   Data           4  control.o(.data)
    Position_Kp                              0x20000070   Data           4  control.o(.data)
    Position_Ki                              0x20000074   Data           4  control.o(.data)
    Position_Kd                              0x20000078   Data           4  control.o(.data)
    layer_all1                               0x200000a0   Data           4  bpsim.o(.data)
    nodes_all1                               0x200000a4   Data           4  bpsim.o(.data)
    simnetwork                               0x200000a8   Data           4  bpsim.o(.data)
    simyminmax                               0x200000ac   Data           8  bpsim.o(.data)
    data                                     0x200000b8   Data         832  bpsim.o(.data)
    __stdout                                 0x200003f8   Data           4  stdout.o(.data)
    __microlib_freelist                      0x200003fc   Data           4  mvars.o(.data)
    __microlib_freelist_initialised          0x20000400   Data           4  mvars.o(.data)
    Uart_get                                 0x20000408   Data          20  main.o(.bss)
    ucRxData                                 0x2000041c   Data         100  main.o(.bss)
    hi2c1                                    0x20000480   Data          84  i2c.o(.bss)
    hi2c2                                    0x200004d4   Data          84  i2c.o(.bss)
    htim1                                    0x20000528   Data          64  tim.o(.bss)
    htim2                                    0x20000568   Data          64  tim.o(.bss)
    htim5                                    0x200005a8   Data          64  tim.o(.bss)
    huart1                                   0x200005e8   Data          64  usart.o(.bss)
    huart2                                   0x20000628   Data          64  usart.o(.bss)
    simxminmax                               0x20000668   Data          16  bpsim.o(.bss)
    __heap_base                              0x20000678   Data           0  startup_stm32f407xx.o(HEAP)
    __heap_limit                             0x20000c78   Data           0  startup_stm32f407xx.o(HEAP)
    __initial_sp                             0x20002c78   Data           0  startup_stm32f407xx.o(STACK)



==============================================================================

Memory Map of the image

  Image Entry point : 0x08000189

  Load Region LR_IROM1 (Base: 0x08000000, Size: 0x00005720, Max: 0x00080000, ABSOLUTE, COMPRESSED[0x00005644])

    Execution Region ER_IROM1 (Exec base: 0x08000000, Load base: 0x08000000, Size: 0x00005318, Max: 0x00080000, ABSOLUTE)

    Exec Addr    Load Addr    Size         Type   Attr      Idx    E Section Name        Object

    0x08000000   0x08000000   0x00000188   Data   RO            3    RESET               startup_stm32f407xx.o
    0x08000188   0x08000188   0x00000000   Code   RO         3905  * .ARM.Collect$$$$00000000  mc_w.l(entry.o)
    0x08000188   0x08000188   0x00000004   Code   RO         4242    .ARM.Collect$$$$00000001  mc_w.l(entry2.o)
    0x0800018c   0x0800018c   0x00000004   Code   RO         4245    .ARM.Collect$$$$00000004  mc_w.l(entry5.o)
    0x08000190   0x08000190   0x00000000   Code   RO         4247    .ARM.Collect$$$$00000008  mc_w.l(entry7b.o)
    0x08000190   0x08000190   0x00000000   Code   RO         4249    .ARM.Collect$$$$0000000A  mc_w.l(entry8b.o)
    0x08000190   0x08000190   0x00000008   Code   RO         4250    .ARM.Collect$$$$0000000B  mc_w.l(entry9a.o)
    0x08000198   0x08000198   0x00000000   Code   RO         4252    .ARM.Collect$$$$0000000D  mc_w.l(entry10a.o)
    0x08000198   0x08000198   0x00000000   Code   RO         4254    .ARM.Collect$$$$0000000F  mc_w.l(entry11a.o)
    0x08000198   0x08000198   0x00000004   Code   RO         4243    .ARM.Collect$$$$00002712  mc_w.l(entry2.o)
    0x0800019c   0x0800019c   0x00000024   Code   RO            4    .text               startup_stm32f407xx.o
    0x080001c0   0x080001c0   0x00000062   Code   RO         3908    .text               mc_w.l(uldiv.o)
    0x08000222   0x08000222   0x00000024   Code   RO         3910    .text               mc_w.l(memseta.o)
    0x08000246   0x08000246   0x00000024   Code   RO         3912    .text               mc_w.l(strstr.o)
    0x0800026a   0x0800026a   0x0000001a   Code   RO         4203    .text               mc_w.l(atoi.o)
    0x08000284   0x08000284   0x0000014e   Code   RO         4205    .text               mf_w.l(dadd.o)
    0x080003d2   0x080003d2   0x000000e4   Code   RO         4207    .text               mf_w.l(dmul.o)
    0x080004b6   0x080004b6   0x000000de   Code   RO         4209    .text               mf_w.l(ddiv.o)
    0x08000594   0x08000594   0x0000001a   Code   RO         4213    .text               mf_w.l(dfltui.o)
    0x080005ae   0x080005ae   0x0000003e   Code   RO         4215    .text               mf_w.l(dfixi.o)
    0x080005ec   0x080005ec   0x00000032   Code   RO         4217    .text               mf_w.l(dfixui.o)
    0x0800061e   0x0800061e   0x00000026   Code   RO         4219    .text               mf_w.l(f2d.o)
    0x08000644   0x08000644   0x00000038   Code   RO         4221    .text               mf_w.l(d2f.o)
    0x0800067c   0x0800067c   0x0000002c   Code   RO         4257    .text               mc_w.l(uidiv.o)
    0x080006a8   0x080006a8   0x0000001e   Code   RO         4259    .text               mc_w.l(llshl.o)
    0x080006c6   0x080006c6   0x00000020   Code   RO         4261    .text               mc_w.l(llushr.o)
    0x080006e6   0x080006e6   0x00000024   Code   RO         4263    .text               mc_w.l(llsshr.o)
    0x0800070a   0x0800070a   0x00000002   PAD
    0x0800070c   0x0800070c   0x0000009c   Code   RO         4278    .text               mc_w.l(strtod.o)
    0x080007a8   0x080007a8   0x00000070   Code   RO         4280    .text               mc_w.l(strtol.o)
    0x08000818   0x08000818   0x00000000   Code   RO         4282    .text               mc_w.l(iusefp.o)
    0x08000818   0x08000818   0x0000006e   Code   RO         4283    .text               mf_w.l(fepilogue.o)
    0x08000886   0x08000886   0x000000ba   Code   RO         4285    .text               mf_w.l(depilogue.o)
    0x08000940   0x08000940   0x00000088   Code   RO         4287    .text               mf_w.l(drnd.o)
    0x080009c8   0x080009c8   0x00000022   Code   RO         4289    .text               mf_w.l(dflti.o)
    0x080009ea   0x080009ea   0x00000030   Code   RO         4291    .text               mf_w.l(dfixul.o)
    0x08000a1a   0x08000a1a   0x00000002   PAD
    0x08000a1c   0x08000a1c   0x00000030   Code   RO         4293    .text               mf_w.l(cdcmple.o)
    0x08000a4c   0x08000a4c   0x00000030   Code   RO         4295    .text               mf_w.l(cdrcmple.o)
    0x08000a7c   0x08000a7c   0x00000024   Code   RO         4297    .text               mc_w.l(init.o)
    0x08000aa0   0x08000aa0   0x00000008   Code   RO         4301    .text               mc_w.l(ctype_o.o)
    0x08000aa8   0x08000aa8   0x00000012   Code   RO         4323    .text               mc_w.l(isspace_o.o)
    0x08000aba   0x08000aba   0x00000002   PAD
    0x08000abc   0x08000abc   0x00000360   Code   RO         4329    .text               mc_w.l(scanf_fp.o)
    0x08000e1c   0x08000e1c   0x00000040   Code   RO         4333    .text               mc_w.l(_sgetc.o)
    0x08000e5c   0x08000e5c   0x0000009e   Code   RO         4335    .text               mc_w.l(_strtoul.o)
    0x08000efa   0x08000efa   0x0000001c   Code   RO         4340    .text               mc_w.l(_chval.o)
    0x08000f16   0x08000f16   0x00000018   Code   RO         4342    .text               mf_w.l(dfltul.o)
    0x08000f2e   0x08000f2e   0x00000056   Code   RO         4352    .text               mc_w.l(__dczerorl2.o)
    0x08000f84   0x08000f84   0x00000002   Code   RO          420    i.BusFault_Handler  stm32f4xx_it.o
    0x08000f86   0x08000f86   0x00000002   Code   RO          421    i.DebugMon_Handler  stm32f4xx_it.o
    0x08000f88   0x08000f88   0x00000006   Code   RO          422    i.EXTI0_IRQHandler  stm32f4xx_it.o
    0x08000f8e   0x08000f8e   0x00000006   Code   RO          423    i.EXTI4_IRQHandler  stm32f4xx_it.o
    0x08000f94   0x08000f94   0x00000002   Code   RO           13    i.Error_Handler     main.o
    0x08000f96   0x08000f96   0x00000002   PAD
    0x08000f98   0x08000f98   0x00000048   Code   RO         3780    i.Get_Value         uart_handler.o
    0x08000fe0   0x08000fe0   0x00000024   Code   RO         1502    i.HAL_DMA_Abort_IT  stm32f4xx_hal_dma.o
    0x08001004   0x08001004   0x00000024   Code   RO         1920    i.HAL_Delay         stm32f4xx_hal.o
    0x08001028   0x08001028   0x00000020   Code   RO           14    i.HAL_GPIO_EXTI_Callback  main.o
    0x08001048   0x08001048   0x00000018   Code   RO         1393    i.HAL_GPIO_EXTI_IRQHandler  stm32f4xx_hal_gpio.o
    0x08001060   0x08001060   0x000001b8   Code   RO         1394    i.HAL_GPIO_Init     stm32f4xx_hal_gpio.o
    0x08001218   0x08001218   0x0000000c   Code   RO         1926    i.HAL_GetTick       stm32f4xx_hal.o
    0x08001224   0x08001224   0x00000188   Code   RO          605    i.HAL_I2C_Init      stm32f4xx_hal_i2c.o
    0x080013ac   0x080013ac   0x000001f8   Code   RO          623    i.HAL_I2C_Mem_Read  stm32f4xx_hal_i2c.o
    0x080015a4   0x080015a4   0x00000130   Code   RO          626    i.HAL_I2C_Mem_Write  stm32f4xx_hal_i2c.o
    0x080016d4   0x080016d4   0x000000a0   Code   RO          265    i.HAL_I2C_MspInit   i2c.o
    0x08001774   0x08001774   0x00000010   Code   RO         1932    i.HAL_IncTick       stm32f4xx_hal.o
    0x08001784   0x08001784   0x00000034   Code   RO         1933    i.HAL_Init          stm32f4xx_hal.o
    0x080017b8   0x080017b8   0x00000040   Code   RO         1934    i.HAL_InitTick      stm32f4xx_hal.o
    0x080017f8   0x080017f8   0x00000030   Code   RO          526    i.HAL_MspInit       stm32f4xx_hal_msp.o
    0x08001828   0x08001828   0x0000001a   Code   RO         1783    i.HAL_NVIC_EnableIRQ  stm32f4xx_hal_cortex.o
    0x08001842   0x08001842   0x00000002   PAD
    0x08001844   0x08001844   0x00000040   Code   RO         1789    i.HAL_NVIC_SetPriority  stm32f4xx_hal_cortex.o
    0x08001884   0x08001884   0x00000024   Code   RO         1790    i.HAL_NVIC_SetPriorityGrouping  stm32f4xx_hal_cortex.o
    0x080018a8   0x080018a8   0x00000134   Code   RO         1040    i.HAL_RCC_ClockConfig  stm32f4xx_hal_rcc.o
    0x080019dc   0x080019dc   0x00000020   Code   RO         1047    i.HAL_RCC_GetPCLK1Freq  stm32f4xx_hal_rcc.o
    0x080019fc   0x080019fc   0x00000020   Code   RO         1048    i.HAL_RCC_GetPCLK2Freq  stm32f4xx_hal_rcc.o
    0x08001a1c   0x08001a1c   0x00000060   Code   RO         1049    i.HAL_RCC_GetSysClockFreq  stm32f4xx_hal_rcc.o
    0x08001a7c   0x08001a7c   0x0000035c   Code   RO         1052    i.HAL_RCC_OscConfig  stm32f4xx_hal_rcc.o
    0x08001dd8   0x08001dd8   0x00000028   Code   RO         1794    i.HAL_SYSTICK_Config  stm32f4xx_hal_cortex.o
    0x08001e00   0x08001e00   0x00000002   Code   RO         2848    i.HAL_TIMEx_BreakCallback  stm32f4xx_hal_tim_ex.o
    0x08001e02   0x08001e02   0x00000002   Code   RO         2849    i.HAL_TIMEx_CommutCallback  stm32f4xx_hal_tim_ex.o
    0x08001e04   0x08001e04   0x00000054   Code   RO         2851    i.HAL_TIMEx_ConfigBreakDeadTime  stm32f4xx_hal_tim_ex.o
    0x08001e58   0x08001e58   0x00000090   Code   RO         2866    i.HAL_TIMEx_MasterConfigSynchronization  stm32f4xx_hal_tim_ex.o
    0x08001ee8   0x08001ee8   0x00000036   Code   RO         2173    i.HAL_TIM_Base_Init  stm32f4xx_hal_tim.o
    0x08001f1e   0x08001f1e   0x00000002   PAD
    0x08001f20   0x08001f20   0x00000060   Code   RO          313    i.HAL_TIM_Base_MspInit  tim.o
    0x08001f80   0x08001f80   0x00000022   Code   RO         2178    i.HAL_TIM_Base_Start_IT  stm32f4xx_hal_tim.o
    0x08001fa2   0x08001fa2   0x000000d6   Code   RO         2182    i.HAL_TIM_ConfigClockSource  stm32f4xx_hal_tim.o
    0x08002078   0x08002078   0x00000002   Code   RO         2202    i.HAL_TIM_IC_CaptureCallback  stm32f4xx_hal_tim.o
    0x0800207a   0x0800207a   0x00000166   Code   RO         2216    i.HAL_TIM_IRQHandler  stm32f4xx_hal_tim.o
    0x080021e0   0x080021e0   0x000000a8   Code   RO          314    i.HAL_TIM_MspPostInit  tim.o
    0x08002288   0x08002288   0x00000002   Code   RO         2219    i.HAL_TIM_OC_DelayElapsedCallback  stm32f4xx_hal_tim.o
    0x0800228a   0x0800228a   0x000000d0   Code   RO         2240    i.HAL_TIM_PWM_ConfigChannel  stm32f4xx_hal_tim.o
    0x0800235a   0x0800235a   0x00000036   Code   RO         2243    i.HAL_TIM_PWM_Init  stm32f4xx_hal_tim.o
    0x08002390   0x08002390   0x00000002   Code   RO         2245    i.HAL_TIM_PWM_MspInit  stm32f4xx_hal_tim.o
    0x08002392   0x08002392   0x00000002   Code   RO         2246    i.HAL_TIM_PWM_PulseFinishedCallback  stm32f4xx_hal_tim.o
    0x08002394   0x08002394   0x00000044   Code   RO         2248    i.HAL_TIM_PWM_Start  stm32f4xx_hal_tim.o
    0x080023d8   0x080023d8   0x000000a4   Code   RO           15    i.HAL_TIM_PeriodElapsedCallback  main.o
    0x0800247c   0x0800247c   0x00000002   Code   RO         2259    i.HAL_TIM_TriggerCallback  stm32f4xx_hal_tim.o
    0x0800247e   0x0800247e   0x00000002   Code   RO         3120    i.HAL_UART_ErrorCallback  stm32f4xx_hal_uart.o
    0x08002480   0x08002480   0x00000114   Code   RO         3123    i.HAL_UART_IRQHandler  stm32f4xx_hal_uart.o
    0x08002594   0x08002594   0x00000062   Code   RO         3124    i.HAL_UART_Init     stm32f4xx_hal_uart.o
    0x080025f6   0x080025f6   0x00000002   PAD
    0x080025f8   0x080025f8   0x000000cc   Code   RO          373    i.HAL_UART_MspInit  usart.o
    0x080026c4   0x080026c4   0x00000052   Code   RO         3129    i.HAL_UART_Receive_IT  stm32f4xx_hal_uart.o
    0x08002716   0x08002716   0x00000002   PAD
    0x08002718   0x08002718   0x000000b0   Code   RO           16    i.HAL_UART_RxCpltCallback  main.o
    0x080027c8   0x080027c8   0x000000ba   Code   RO         3132    i.HAL_UART_Transmit  stm32f4xx_hal_uart.o
    0x08002882   0x08002882   0x00000002   Code   RO         3135    i.HAL_UART_TxCpltCallback  stm32f4xx_hal_uart.o
    0x08002884   0x08002884   0x00000002   Code   RO          424    i.HardFault_Handler  stm32f4xx_it.o
    0x08002886   0x08002886   0x0000002e   Code   RO          647    i.I2C_IsAcknowledgeFailed  stm32f4xx_hal_i2c.o
    0x080028b4   0x080028b4   0x000000fc   Code   RO          657    i.I2C_RequestMemoryRead  stm32f4xx_hal_i2c.o
    0x080029b0   0x080029b0   0x000000a8   Code   RO          658    i.I2C_RequestMemoryWrite  stm32f4xx_hal_i2c.o
    0x08002a58   0x08002a58   0x0000004c   Code   RO          661    i.I2C_WaitOnBTFFlagUntilTimeout  stm32f4xx_hal_i2c.o
    0x08002aa4   0x08002aa4   0x00000068   Code   RO          662    i.I2C_WaitOnFlagUntilTimeout  stm32f4xx_hal_i2c.o
    0x08002b0c   0x08002b0c   0x00000096   Code   RO          663    i.I2C_WaitOnMasterAddressFlagUntilTimeout  stm32f4xx_hal_i2c.o
    0x08002ba2   0x08002ba2   0x00000066   Code   RO          664    i.I2C_WaitOnRXNEFlagUntilTimeout  stm32f4xx_hal_i2c.o
    0x08002c08   0x08002c08   0x0000004c   Code   RO          665    i.I2C_WaitOnTXEFlagUntilTimeout  stm32f4xx_hal_i2c.o
    0x08002c54   0x08002c54   0x0000000c   Code   RO         3534    i.MLX90614_Init     mlx90614.o
    0x08002c60   0x08002c60   0x00000038   Code   RO         3535    i.MLX90614_KelvinToCelsius  mlx90614.o
    0x08002c98   0x08002c98   0x00000034   Code   RO         3536    i.MLX90614_Read16   mlx90614.o
    0x08002ccc   0x08002ccc   0x00000038   Code   RO         3537    i.MLX90614_Read16Eeprom  mlx90614.o
    0x08002d04   0x08002d04   0x00000022   Code   RO         3538    i.MLX90614_ReadAmbientTemperature  mlx90614.o
    0x08002d26   0x08002d26   0x00000022   Code   RO         3539    i.MLX90614_ReadObjectTemperature  mlx90614.o
    0x08002d48   0x08002d48   0x000000b8   Code   RO         3542    i.MLX90614_SetEmissivity  mlx90614.o
    0x08002e00   0x08002e00   0x0000005c   Code   RO         3543    i.MLX90614_Write16Crc  mlx90614.o
    0x08002e5c   0x08002e5c   0x0000003c   Code   RO         3544    i.MLX90614_Write16Eeprom  mlx90614.o
    0x08002e98   0x08002e98   0x000000c8   Code   RO          240    i.MX_GPIO_Init      gpio.o
    0x08002f60   0x08002f60   0x00000040   Code   RO          266    i.MX_I2C1_Init      i2c.o
    0x08002fa0   0x08002fa0   0x00000040   Code   RO          267    i.MX_I2C2_Init      i2c.o
    0x08002fe0   0x08002fe0   0x000000fc   Code   RO          315    i.MX_TIM1_Init      tim.o
    0x080030dc   0x080030dc   0x000000ac   Code   RO          316    i.MX_TIM2_Init      tim.o
    0x08003188   0x08003188   0x0000006c   Code   RO          317    i.MX_TIM5_Init      tim.o
    0x080031f4   0x080031f4   0x00000038   Code   RO          374    i.MX_USART1_UART_Init  usart.o
    0x0800322c   0x0800322c   0x00000038   Code   RO          375    i.MX_USART2_UART_Init  usart.o
    0x08003264   0x08003264   0x00000002   Code   RO          425    i.MemManage_Handler  stm32f4xx_it.o
    0x08003266   0x08003266   0x00000002   PAD
    0x08003268   0x08003268   0x0000002c   Code   RO         3467    i.Motor_init        motor.o
    0x08003294   0x08003294   0x00000002   Code   RO          426    i.NMI_Handler       stm32f4xx_it.o
    0x08003296   0x08003296   0x00000002   Code   RO          427    i.PendSV_Handler    stm32f4xx_it.o
    0x08003298   0x08003298   0x00000044   Code   RO         3735    i.Position_PID_X    control.o
    0x080032dc   0x080032dc   0x00000044   Code   RO         3736    i.Position_PID_Y    control.o
    0x08003320   0x08003320   0x00000002   Code   RO          428    i.SVC_Handler       stm32f4xx_it.o
    0x08003322   0x08003322   0x00000004   Code   RO          429    i.SysTick_Handler   stm32f4xx_it.o
    0x08003326   0x08003326   0x00000002   PAD
    0x08003328   0x08003328   0x00000084   Code   RO           17    i.SystemClock_Config  main.o
    0x080033ac   0x080033ac   0x0000001c   Code   RO         3426    i.SystemInit        system_stm32f4xx.o
    0x080033c8   0x080033c8   0x0000000c   Code   RO          430    i.TIM5_IRQHandler   stm32f4xx_it.o
    0x080033d4   0x080033d4   0x000000c8   Code   RO         2261    i.TIM_Base_SetConfig  stm32f4xx_hal_tim.o
    0x0800349c   0x0800349c   0x0000001a   Code   RO         2262    i.TIM_CCxChannelCmd  stm32f4xx_hal_tim.o
    0x080034b6   0x080034b6   0x00000014   Code   RO         2272    i.TIM_ETR_SetConfig  stm32f4xx_hal_tim.o
    0x080034ca   0x080034ca   0x00000010   Code   RO         2273    i.TIM_ITRx_SetConfig  stm32f4xx_hal_tim.o
    0x080034da   0x080034da   0x00000002   PAD
    0x080034dc   0x080034dc   0x00000060   Code   RO         2274    i.TIM_OC1_SetConfig  stm32f4xx_hal_tim.o
    0x0800353c   0x0800353c   0x0000006c   Code   RO         2275    i.TIM_OC2_SetConfig  stm32f4xx_hal_tim.o
    0x080035a8   0x080035a8   0x00000068   Code   RO         2276    i.TIM_OC3_SetConfig  stm32f4xx_hal_tim.o
    0x08003610   0x08003610   0x00000050   Code   RO         2277    i.TIM_OC4_SetConfig  stm32f4xx_hal_tim.o
    0x08003660   0x08003660   0x00000022   Code   RO         2279    i.TIM_TI1_ConfigInputStage  stm32f4xx_hal_tim.o
    0x08003682   0x08003682   0x00000024   Code   RO         2281    i.TIM_TI2_ConfigInputStage  stm32f4xx_hal_tim.o
    0x080036a6   0x080036a6   0x00000010   Code   RO         3137    i.UART_DMAAbortOnError  stm32f4xx_hal_uart.o
    0x080036b6   0x080036b6   0x0000001c   Code   RO         3147    i.UART_EndRxTransfer  stm32f4xx_hal_uart.o
    0x080036d2   0x080036d2   0x00000096   Code   RO         3149    i.UART_Receive_IT   stm32f4xx_hal_uart.o
    0x08003768   0x08003768   0x00000128   Code   RO         3150    i.UART_SetConfig    stm32f4xx_hal_uart.o
    0x08003890   0x08003890   0x00000062   Code   RO         3151    i.UART_Transmit_IT  stm32f4xx_hal_uart.o
    0x080038f2   0x080038f2   0x00000064   Code   RO         3152    i.UART_WaitOnFlagUntilTimeout  stm32f4xx_hal_uart.o
    0x08003956   0x08003956   0x00000002   PAD
    0x08003958   0x08003958   0x0000000c   Code   RO          431    i.USART1_IRQHandler  stm32f4xx_it.o
    0x08003964   0x08003964   0x0000000c   Code   RO          432    i.USART2_IRQHandler  stm32f4xx_it.o
    0x08003970   0x08003970   0x00000038   Code   RO         3781    i.Uart_DataProcess  uart_handler.o
    0x080039a8   0x080039a8   0x000000fc   Code   RO         3782    i.Uart_Get          uart_handler.o
    0x08003aa4   0x08003aa4   0x00000002   Code   RO          433    i.UsageFault_Handler  stm32f4xx_it.o
    0x08003aa6   0x08003aa6   0x00000002   PAD
    0x08003aa8   0x08003aa8   0x00000020   Code   RO         4147    i.__0printf         mc_w.l(printfa.o)
    0x08003ac8   0x08003ac8   0x00000030   Code   RO         4237    i.__ARM_fpclassify  m_wm.l(fpclassify.o)
    0x08003af8   0x08003af8   0x00000020   Code   RO         1796    i.__NVIC_SetPriority  stm32f4xx_hal_cortex.o
    0x08003b18   0x08003b18   0x00000008   Code   RO         4271    i.__aeabi_errno_addr  mc_w.l(errno.o)
    0x08003b20   0x08003b20   0x00000038   Code   RO         3881    i.__hardfp_atof     m_wm.l(atof.o)
    0x08003b58   0x08003b58   0x00000358   Code   RO         3887    i.__hardfp_exp      m_wm.l(exp.o)
    0x08003eb0   0x08003eb0   0x000000e0   Code   RO         3901    i.__hardfp_round    m_wm.l(round.o)
    0x08003f90   0x08003f90   0x000000f8   Code   RO         4239    i.__kernel_poly     m_wm.l(poly.o)
    0x08004088   0x08004088   0x00000014   Code   RO         4224    i.__mathlib_dbl_infnan  m_wm.l(dunder.o)
    0x0800409c   0x0800409c   0x00000004   PAD
    0x080040a0   0x080040a0   0x00000020   Code   RO         4227    i.__mathlib_dbl_overflow  m_wm.l(dunder.o)
    0x080040c0   0x080040c0   0x00000020   Code   RO         4229    i.__mathlib_dbl_underflow  m_wm.l(dunder.o)
    0x080040e0   0x080040e0   0x0000000c   Code   RO         4272    i.__read_errno      mc_w.l(errno.o)
    0x080040ec   0x080040ec   0x0000000e   Code   RO         4346    i.__scatterload_copy  mc_w.l(handlers.o)
    0x080040fa   0x080040fa   0x00000002   Code   RO         4347    i.__scatterload_null  mc_w.l(handlers.o)
    0x080040fc   0x080040fc   0x0000000e   Code   RO         4348    i.__scatterload_zeroinit  mc_w.l(handlers.o)
    0x0800410a   0x0800410a   0x00000002   PAD
    0x0800410c   0x0800410c   0x0000000c   Code   RO         4273    i.__set_errno       mc_w.l(errno.o)
    0x08004118   0x08004118   0x00000184   Code   RO         4154    i._fp_digits        mc_w.l(printfa.o)
    0x0800429c   0x0800429c   0x0000000e   Code   RO         4331    i._is_digit         mc_w.l(scanf_fp.o)
    0x080042aa   0x080042aa   0x00000002   PAD
    0x080042ac   0x080042ac   0x000006dc   Code   RO         4155    i._printf_core      mc_w.l(printfa.o)
    0x08004988   0x08004988   0x00000024   Code   RO         4156    i._printf_post_padding  mc_w.l(printfa.o)
    0x080049ac   0x080049ac   0x0000002e   Code   RO         4157    i._printf_pre_padding  mc_w.l(printfa.o)
    0x080049da   0x080049da   0x0000001e   Code   RO         3545    i.crc8              mlx90614.o
    0x080049f8   0x080049f8   0x0000001c   Code   RO           19    i.fputc             main.o
    0x08004a14   0x08004a14   0x000000fc   Code   RO           20    i.main              main.o
    0x08004b10   0x08004b10   0x0000006c   Code   RO         4176    i.malloc            mc_w.l(malloc.o)
    0x08004b7c   0x08004b7c   0x00000070   Code   RO         3641    i.servo_adjust      servo.o
    0x08004bec   0x08004bec   0x00000010   Code   RO         3643    i.servo_down_reset  servo.o
    0x08004bfc   0x08004bfc   0x00000034   Code   RO         3644    i.servo_init        servo.o
    0x08004c30   0x08004c30   0x00000070   Code   RO         3645    i.servo_scan        servo.o
    0x08004ca0   0x08004ca0   0x00000010   Code   RO         3647    i.servo_up_reset    servo.o
    0x08004cb0   0x08004cb0   0x000001c0   Code   RO         3818    i.sim               bpsim.o
    0x08004e70   0x08004e70   0x00000090   Code   RO         3819    i.simDataChange     bpsim.o
    0x08004f00   0x08004f00   0x00000088   Code   RO         3820    i.simDataRecover    bpsim.o
    0x08004f88   0x08004f88   0x00000028   Code   RO         3822    i.simInit           bpsim.o
    0x08004fb0   0x08004fb0   0x000000c8   Code   RO         3823    i.simInspirit       bpsim.o
    0x08005078   0x08005078   0x00000188   Code   RO         3824    i.simNetSetUp       bpsim.o
    0x08005200   0x08005200   0x00000010   Data   RO         3427    .constdata          system_stm32f4xx.o
    0x08005210   0x08005210   0x00000008   Data   RO         3428    .constdata          system_stm32f4xx.o
    0x08005218   0x08005218   0x00000058   Data   RO         3890    .constdata          m_wm.l(exp.o)
    0x08005270   0x08005270   0x00000081   Data   RO         4302    .constdata          mc_w.l(ctype_o.o)
    0x080052f1   0x080052f1   0x00000003   PAD
    0x080052f4   0x080052f4   0x00000004   Data   RO         4303    .constdata          mc_w.l(ctype_o.o)
    0x080052f8   0x080052f8   0x00000020   Data   RO         4344    Region$$Table       anon$$obj.o


    Execution Region RW_IRAM2 (Exec base: 0x10000000, Load base: 0x08005644, Size: 0x00000000, Max: 0x00010000, ABSOLUTE)

    **** No section assigned to this execution region ****


    Execution Region RW_IRAM1 (Exec base: 0x20000000, Load base: 0x08005318, Size: 0x00002c78, Max: 0x00020000, ABSOLUTE, COMPRESSED[0x0000032c])

    Exec Addr    Load Addr    Size         Type   Attr      Idx    E Section Name        Object

    0x20000000   COMPRESSED   0x00000004   Data   RW           25    .data               main.o
    0x20000004   COMPRESSED   0x00000004   Data   RW           26    .data               main.o
    0x20000008   COMPRESSED   0x00000034   Data   RW           27    .data               main.o
    0x2000003c   COMPRESSED   0x00000005   Data   RW           29    .data               main.o
    0x20000041   COMPRESSED   0x00000005   Data   RW           30    .data               main.o
    0x20000046   COMPRESSED   0x00000002   PAD
    0x20000048   COMPRESSED   0x00000004   Data   RW           32    .data               main.o
    0x2000004c   COMPRESSED   0x00000004   Data   RW           33    .data               main.o
    0x20000050   COMPRESSED   0x0000000c   Data   RW         1940    .data               stm32f4xx_hal.o
    0x2000005c   COMPRESSED   0x00000004   Data   RW         3429    .data               system_stm32f4xx.o
    0x20000060   COMPRESSED   0x00000004   Data   RW         3546    .data               mlx90614.o
    0x20000064   COMPRESSED   0x00000038   Data   RW         3738    .data               control.o
    0x2000009c   COMPRESSED   0x00000002   Data   RW         3783    .data               uart_handler.o
    0x2000009e   COMPRESSED   0x00000002   PAD
    0x200000a0   COMPRESSED   0x00000358   Data   RW         3826    .data               bpsim.o
    0x200003f8   COMPRESSED   0x00000004   Data   RW         4256    .data               mc_w.l(stdout.o)
    0x200003fc   COMPRESSED   0x00000004   Data   RW         4269    .data               mc_w.l(mvars.o)
    0x20000400   COMPRESSED   0x00000004   Data   RW         4270    .data               mc_w.l(mvars.o)
    0x20000404   COMPRESSED   0x00000004   Data   RW         4274    .data               mc_w.l(errno.o)
    0x20000408        -       0x00000014   Zero   RW           21    .bss                main.o
    0x2000041c        -       0x00000064   Zero   RW           22    .bss                main.o
    0x20000480        -       0x000000a8   Zero   RW          268    .bss                i2c.o
    0x20000528        -       0x000000c0   Zero   RW          318    .bss                tim.o
    0x200005e8        -       0x00000080   Zero   RW          376    .bss                usart.o
    0x20000668        -       0x00000010   Zero   RW         3825    .bss                bpsim.o
    0x20000678        -       0x00000600   Zero   RW            2    HEAP                startup_stm32f407xx.o
    0x20000c78        -       0x00002000   Zero   RW            1    STACK               startup_stm32f407xx.o


==============================================================================

Image component sizes


      Code (inc. data)   RO Data    RW Data    ZI Data      Debug   Object Name

      1360        136          0        856         16       5779   bpsim.o
       136          8          0         56          0       1872   control.o
       200         18          0          0          0       1067   gpio.o
       288         46          0          0        168       2438   i2c.o
       786        122          0         78        120     701629   main.o
       610         52          0          4          0       7934   mlx90614.o
        44          6          0          0          0        533   motor.o
       308         50          0          0          0       3414   servo.o
        36          8        392          0       9728        864   startup_stm32f407xx.o
       180         28          0         12          0       9625   stm32f4xx_hal.o
       198         14          0          0          0      34115   stm32f4xx_hal_cortex.o
        36          0          0          0          0       1267   stm32f4xx_hal_dma.o
       464         52          0          0          0       2447   stm32f4xx_hal_gpio.o
      2174         52          0          0          0      13278   stm32f4xx_hal_i2c.o
        48          6          0          0          0        886   stm32f4xx_hal_msp.o
      1328         72          0          0          0       5396   stm32f4xx_hal_rcc.o
      1720         90          0          0          0      17142   stm32f4xx_hal_tim.o
       232         28          0          0          0       3413   stm32f4xx_hal_tim_ex.o
      1334         16          0          0          0      10139   stm32f4xx_hal_uart.o
        68         18          0          0          0       6758   stm32f4xx_it.o
        28          6         24          4          0       1215   system_stm32f4xx.o
       796         60          0          0        192       4222   tim.o
       380         52          0          2          0       2070   uart_handler.o
       316         36          0          0        128       2511   usart.o

    ----------------------------------------------------------------------
     13090        976        448       1016      10352     840014   Object Totals
         0          0         32          0          0          0   (incl. Generated)
        20          0          0          4          0          0   (incl. Padding)

    ----------------------------------------------------------------------

      Code (inc. data)   RO Data    RW Data    ZI Data      Debug   Library Member Name

        56         12          0          0          0        132   atof.o
        84         16          0          0          0        372   dunder.o
       856        142         88          0          0        288   exp.o
        48          0          0          0          0        124   fpclassify.o
       248          0          0          0          0        152   poly.o
       224         30          0          0          0        172   round.o
        86          0          0          0          0          0   __dczerorl2.o
        28          0          0          0          0         68   _chval.o
        64          0          0          0          0         84   _sgetc.o
       158          0          0          0          0         92   _strtoul.o
        26          0          0          0          0         80   atoi.o
         8          4        133          0          0         68   ctype_o.o
         0          0          0          0          0          0   entry.o
         0          0          0          0          0          0   entry10a.o
         0          0          0          0          0          0   entry11a.o
         8          4          0          0          0          0   entry2.o
         4          0          0          0          0          0   entry5.o
         0          0          0          0          0          0   entry7b.o
         0          0          0          0          0          0   entry8b.o
         8          4          0          0          0          0   entry9a.o
        32         16          0          4          0        204   errno.o
        30          0          0          0          0          0   handlers.o
        36          8          0          0          0         68   init.o
        18          0          0          0          0         76   isspace_o.o
         0          0          0          0          0          0   iusefp.o
        30          0          0          0          0         68   llshl.o
        36          0          0          0          0         68   llsshr.o
        32          0          0          0          0         68   llushr.o
       108         16          0          0          0         84   malloc.o
        36          0          0          0          0        108   memseta.o
         0          0          0          8          0          0   mvars.o
      2258         90          0          0          0        452   printfa.o
       878         12          0          0          0        216   scanf_fp.o
         0          0          0          4          0          0   stdout.o
        36          0          0          0          0         80   strstr.o
       156         12          0          0          0        120   strtod.o
       112          0          0          0          0         88   strtol.o
        44          0          0          0          0         80   uidiv.o
        98          0          0          0          0         92   uldiv.o
        48          0          0          0          0         68   cdcmple.o
        48          0          0          0          0         68   cdrcmple.o
        56          0          0          0          0         88   d2f.o
       334          0          0          0          0        148   dadd.o
       222          0          0          0          0        100   ddiv.o
       186          0          0          0          0        176   depilogue.o
        62          0          0          0          0         80   dfixi.o
        50          0          0          0          0         76   dfixui.o
        48          0          0          0          0         68   dfixul.o
        34          0          0          0          0         76   dflti.o
        26          0          0          0          0         76   dfltui.o
        24          0          0          0          0         76   dfltul.o
       228          0          0          0          0         96   dmul.o
       136          4          0          0          0         92   drnd.o
        38          0          0          0          0         68   f2d.o
       110          0          0          0          0        168   fepilogue.o

    ----------------------------------------------------------------------
      7510        370        224         16          0       5028   Library Totals
        14          0          3          0          0          0   (incl. Padding)

    ----------------------------------------------------------------------

      Code (inc. data)   RO Data    RW Data    ZI Data      Debug   Library Name

      1516        200         88          0          0       1240   m_wm.l
      4330        166        133         16          0       2264   mc_w.l
      1650          4          0          0          0       1524   mf_w.l

    ----------------------------------------------------------------------
      7510        370        224         16          0       5028   Library Totals

    ----------------------------------------------------------------------

==============================================================================


      Code (inc. data)   RO Data    RW Data    ZI Data      Debug   

     20600       1346        672       1032      10352     830498   Grand Totals
     20600       1346        672        812      10352     830498   ELF Image Totals (compressed)
     20600       1346        672        812          0          0   ROM Totals

==============================================================================

    Total RO  Size (Code + RO Data)                21272 (  20.77kB)
    Total RW  Size (RW Data + ZI Data)             11384 (  11.12kB)
    Total ROM Size (Code + RO Data + RW Data)      22084 (  21.57kB)

==============================================================================

